Archive member included to satisfy reference by file (symbol)

C:\Users\Koizumi\workspace\stm32f405rg_stdperiph_lib\Debug\libstm32f405rg_stdperiph_lib.a(misc.o)
                              src/init .o (NVIC_Init)
C:\Users\Koizumi\workspace\stm32f405rg_stdperiph_lib\Debug\libstm32f405rg_stdperiph_lib.a(stm32f4xx_adc.o)
                              src/init .o (ADC_DeInit)
C:\Users\Koizumi\workspace\stm32f405rg_stdperiph_lib\Debug\libstm32f405rg_stdperiph_lib.a(stm32f4xx_gpio.o)
                              src/init .o (GPIO_Init)
C:\Users\Koizumi\workspace\stm32f405rg_stdperiph_lib\Debug\libstm32f405rg_stdperiph_lib.a(stm32f4xx_rcc.o)
                              src/init .o (RCC_GetClocksFreq)
C:\Users\Koizumi\workspace\stm32f405rg_stdperiph_lib\Debug\libstm32f405rg_stdperiph_lib.a(stm32f4xx_spi.o)
                              src/init .o (SPI_Init)
C:\Users\Koizumi\workspace\stm32f405rg_stdperiph_lib\Debug\libstm32f405rg_stdperiph_lib.a(stm32f4xx_tim.o)
                              src/init .o (TIM_TimeBaseInit)
C:\Users\Koizumi\workspace\stm32f405rg_stdperiph_lib\Debug\libstm32f405rg_stdperiph_lib.a(stm32f4xx_usart.o)
                              src/init .o (USART_Init)
c:/ac6/systemworkbench/plugins/fr.ac6.mcu.externaltools.arm-none.win32_1.7.0.201602121829/tools/compiler/bin/../lib/gcc/arm-none-eabi/5.2.1/armv7e-m/fpu\libgcc.a(_arm_addsubdf3.o)
                              src/user.o (__aeabi_dsub)
c:/ac6/systemworkbench/plugins/fr.ac6.mcu.externaltools.arm-none.win32_1.7.0.201602121829/tools/compiler/bin/../lib/gcc/arm-none-eabi/5.2.1/armv7e-m/fpu\libgcc.a(_arm_muldivdf3.o)
                              src/hardware.o (__aeabi_dmul)
c:/ac6/systemworkbench/plugins/fr.ac6.mcu.externaltools.arm-none.win32_1.7.0.201602121829/tools/compiler/bin/../lib/gcc/arm-none-eabi/5.2.1/armv7e-m/fpu\libgcc.a(_arm_cmpdf2.o)
                              src/main.o (__aeabi_dcmplt)
c:/ac6/systemworkbench/plugins/fr.ac6.mcu.externaltools.arm-none.win32_1.7.0.201602121829/tools/compiler/bin/../lib/gcc/arm-none-eabi/5.2.1/armv7e-m/fpu\libgcc.a(_arm_fixunsdfsi.o)
                              src/hardware.o (__aeabi_d2uiz)
c:/ac6/systemworkbench/plugins/fr.ac6.mcu.externaltools.arm-none.win32_1.7.0.201602121829/tools/compiler/bin/../lib/gcc/arm-none-eabi/5.2.1/armv7e-m/fpu\libgcc.a(_arm_truncdfsf2.o)
                              src/hardware.o (__aeabi_d2f)
c:/ac6/systemworkbench/plugins/fr.ac6.mcu.externaltools.arm-none.win32_1.7.0.201602121829/tools/compiler/bin/../lib/gcc/arm-none-eabi/5.2.1/../../../../arm-none-eabi/lib/armv7e-m/fpu\libc.a(lib_a-errno.o)
                              src/syscalls.o (__errno)
c:/ac6/systemworkbench/plugins/fr.ac6.mcu.externaltools.arm-none.win32_1.7.0.201602121829/tools/compiler/bin/../lib/gcc/arm-none-eabi/5.2.1/../../../../arm-none-eabi/lib/armv7e-m/fpu\libc.a(lib_a-exit.o)
                              c:/ac6/systemworkbench/plugins/fr.ac6.mcu.externaltools.arm-none.win32_1.7.0.201602121829/tools/compiler/bin/../lib/gcc/arm-none-eabi/5.2.1/../../../../arm-none-eabi/lib/armv7e-m/fpu/crt0.o (exit)
c:/ac6/systemworkbench/plugins/fr.ac6.mcu.externaltools.arm-none.win32_1.7.0.201602121829/tools/compiler/bin/../lib/gcc/arm-none-eabi/5.2.1/../../../../arm-none-eabi/lib/armv7e-m/fpu\libc.a(lib_a-impure.o)
                              c:/ac6/systemworkbench/plugins/fr.ac6.mcu.externaltools.arm-none.win32_1.7.0.201602121829/tools/compiler/bin/../lib/gcc/arm-none-eabi/5.2.1/../../../../arm-none-eabi/lib/armv7e-m/fpu\libc.a(lib_a-exit.o) (_global_impure_ptr)
c:/ac6/systemworkbench/plugins/fr.ac6.mcu.externaltools.arm-none.win32_1.7.0.201602121829/tools/compiler/bin/../lib/gcc/arm-none-eabi/5.2.1/../../../../arm-none-eabi/lib/armv7e-m/fpu\libc.a(lib_a-init.o)
                              c:/ac6/systemworkbench/plugins/fr.ac6.mcu.externaltools.arm-none.win32_1.7.0.201602121829/tools/compiler/bin/../lib/gcc/arm-none-eabi/5.2.1/../../../../arm-none-eabi/lib/armv7e-m/fpu/crt0.o (__libc_init_array)
c:/ac6/systemworkbench/plugins/fr.ac6.mcu.externaltools.arm-none.win32_1.7.0.201602121829/tools/compiler/bin/../lib/gcc/arm-none-eabi/5.2.1/../../../../arm-none-eabi/lib/armv7e-m/fpu\libc.a(lib_a-memset.o)
                              c:/ac6/systemworkbench/plugins/fr.ac6.mcu.externaltools.arm-none.win32_1.7.0.201602121829/tools/compiler/bin/../lib/gcc/arm-none-eabi/5.2.1/../../../../arm-none-eabi/lib/armv7e-m/fpu/crt0.o (memset)
c:/ac6/systemworkbench/plugins/fr.ac6.mcu.externaltools.arm-none.win32_1.7.0.201602121829/tools/compiler/bin/../lib/gcc/arm-none-eabi/5.2.1/../../../../arm-none-eabi/lib/armv7e-m/fpu\libc.a(lib_a-vsprintf.o)
                              src/serial.o (vsprintf)
c:/ac6/systemworkbench/plugins/fr.ac6.mcu.externaltools.arm-none.win32_1.7.0.201602121829/tools/compiler/bin/../lib/gcc/arm-none-eabi/5.2.1/../../../../arm-none-eabi/lib/armv7e-m/fpu\libc.a(lib_a-__call_atexit.o)
[...]
Memory Configuration

Name             Origin             Length             Attributes
RAM              0x20000000         0x00020000         xrw
ROM              0x08000000         0x00100000         xr
*default*        0x00000000         0xffffffff

Linker script and memory map

LOAD c:/ac6/systemworkbench/plugins/fr.ac6.mcu.externaltools.arm-none.win32_1.7.0.201602121829/tools/compiler/bin/../lib/gcc/arm-none-eabi/5.2.1/armv7e-m/fpu/crti.o
LOAD c:/ac6/systemworkbench/plugins/fr.ac6.mcu.externaltools.arm-none.win32_1.7.0.201602121829/tools/compiler/bin/../lib/gcc/arm-none-eabi/5.2.1/armv7e-m/fpu/crtbegin.o
LOAD c:/ac6/systemworkbench/plugins/fr.ac6.mcu.externaltools.arm-none.win32_1.7.0.201602121829/tools/compiler/bin/../lib/gcc/arm-none-eabi/5.2.1/../../../../arm-none-eabi/lib/armv7e-m/fpu/crt0.o
LOAD src/ad_convert.o
LOAD src/c++_convert_c.o
LOAD src/hardware.o
LOAD src/init .o
LOAD src/main.o
LOAD src/map.o
LOAD src/parameter.o
LOAD src/run.o
LOAD src/serial.o
LOAD src/stm32f4xx_it.o
LOAD src/syscalls.o
LOAD src/system_stm32f4xx.o
LOAD src/user.o
LOAD startup/startup_stm32f405xx.o
LOAD C:\Users\Koizumi\workspace\stm32f405rg_stdperiph_lib\Debug\libstm32f405rg_stdperiph_lib.a
LOAD c:/ac6/systemworkbench/plugins/fr.ac6.mcu.externaltools.arm-none.win32_1.7.0.201602121829/tools/compiler/bin/../lib/gcc/arm-none-eabi/5.2.1/../../../../arm-none-eabi/lib/armv7e-m/fpu\libstdc++.a
LOAD c:/ac6/systemworkbench/plugins/fr.ac6.mcu.externaltools.arm-none.win32_1.7.0.201602121829/tools/compiler/bin/../lib/gcc/arm-none-eabi/5.2.1/../../../../arm-none-eabi/lib/armv7e-m/fpu\libm.a
START GROUP
LOAD c:/ac6/systemworkbench/plugins/fr.ac6.mcu.externaltools.arm-none.win32_1.7.0.201602121829/tools/compiler/bin/../lib/gcc/arm-none-eabi/5.2.1/armv7e-m/fpu\libgcc.a
LOAD c:/ac6/systemworkbench/plugins/fr.ac6.mcu.externaltools.arm-none.win32_1.7.0.201602121829/tools/compiler/bin/../lib/gcc/arm-none-eabi/5.2.1/../../../../arm-none-eabi/lib/armv7e-m/fpu\libc.a
END GROUP
LOAD c:/ac6/systemworkbench/plugins/fr.ac6.mcu.externaltools.arm-none.win32_1.7.0.201602121829/tools/compiler/bin/../lib/gcc/arm-none-eabi/5.2.1/armv7e-m/fpu/crtend.o
LOAD c:/ac6/systemworkbench/plugins/fr.ac6.mcu.externaltools.arm-none.win32_1.7.0.201602121829/tools/compiler/bin/../lib/gcc/arm-none-eabi/5.2.1/armv7e-m/fpu/crtn.o
                0x20020000                _estack = 0x20020000
                0x00000200                _Min_Heap_Size = 0x200
                0x00000400                _Min_Stack_Size = 0x400

.isr_vector     0x08000000      0x188
                0x08000000                . = ALIGN (0x4)
 *(.isr_vector)
 .isr_vector    0x08000000      0x188 startup/startup_stm32f405xx.o
                0x08000000                g_pfnVectors
                0x08000188                . = ALIGN (0x4)

.text           0x080001c0     0x9c64
                0x080001c0                . = ALIGN (0x4)
 *(.text)
 .text          0x080001c0       0xa4 c:/ac6/systemworkbench/plugins/fr.ac6.mcu.externaltools.arm-none.win32_1.7.0.201602121829/tools/compiler/bin/../lib/gcc/arm-none-eabi/5.2.1/armv7e-m/fpu/crtbegin.o
 .text          0x08000264      0x370 c:/ac6/systemworkbench/plugins/fr.ac6.mcu.externaltools.arm-none.win32_1.7.0.201602121829/tools/compiler/bin/../lib/gcc/arm-none-eabi/5.2.1/armv7e-m/fpu\libgcc.a(_arm_addsubdf3.o)
                0x08000264                __aeabi_drsub
                0x0800026c                __aeabi_dsub
                0x0800026c                __subdf3
                0x08000270                __aeabi_dadd
                0x08000270                __adddf3
                0x080004e8                __floatunsidf
                0x080004e8                __aeabi_ui2d
                0x08000508                __floatsidf
                0x08000508                __aeabi_i2d
                0x0800052c                __aeabi_f2d
                0x0800052c                __extendsfdf2
                0x08000568                __floatundidf
                0x08000568                __aeabi_ul2d
                0x08000578                __floatdidf
                0x08000578                __aeabi_l2d
 .text          0x080005d4      0x424 c:/ac6/systemworkbench/plugins/fr.ac6.mcu.externaltools.arm-none.win32_1.7.0.201602121829/tools/compiler/bin/../lib/gcc/arm-none-eabi/5.2.1/armv7e-m/fpu\libgcc.a(_arm_muldivdf3.o)
                0x080005d4                __aeabi_dmul
                0x080005d4                __muldf3
                0x08000828                __divdf3
                0x08000828                __aeabi_ddiv
 .text          0x080009f8      0x110 c:/ac6/systemworkbench/plugins/fr.ac6.mcu.externaltools.arm-none.win32_1.7.0.201602121829/tools/compiler/bin/../lib/gcc/arm-none-eabi/5.2.1/armv7e-m/fpu\libgcc.a(_arm_cmpdf2.o)
                0x080009f8                __gtdf2
                0x080009f8                __gedf2
                0x08000a00                __ltdf2
                0x08000a00                __ledf2
                0x08000a08                __nedf2
                0x08000a08                __eqdf2
                0x08000a08                __cmpdf2
                0x08000a84                __aeabi_cdrcmple
                0x08000a94                __aeabi_cdcmpeq
                0x08000a94                __aeabi_cdcmple
                0x08000aa4                __aeabi_dcmpeq
                0x08000ab8                __aeabi_dcmplt
                0x08000acc                __aeabi_dcmple
                0x08000ae0                __aeabi_dcmpge
                0x08000af4                __aeabi_dcmpgt
 .text          0x08000b08       0x40 c:/ac6/systemworkbench/plugins/fr.ac6.mcu.externaltools.arm-none.win32_1.7.0.201602121829/tools/compiler/bin/../lib/gcc/arm-none-eabi/5.2.1/armv7e-m/fpu\libgcc.a(_arm_fixunsdfsi.o)
                0x08000b08                __aeabi_d2uiz
                0x08000b08                __fixunsdfsi
 .text          0x08000b48       0xa0 c:/ac6/systemworkbench/plugins/fr.ac6.mcu.externaltools.arm-none.win32_1.7.0.201602121829/tools/compiler/bin/../lib/gcc/arm-none-eabi/5.2.1/armv7e-m/fpu\libgcc.a(_arm_truncdfsf2.o)
                0x08000b48                __truncdfsf2
                0x08000b48                __aeabi_d2f
 *fill*         0x08000be8        0x8 
 .text          0x08000bf0       0xa0 c:/ac6/systemworkbench/plugins/fr.ac6.mcu.externaltools.arm-none.win32_1.7.0.201602121829/tools/compiler/bin/../lib/gcc/arm-none-eabi/5.2.1/../../../../arm-none-eabi/lib/armv7e-m/fpu\libc.a(lib_a-memchr.o)
                0x08000bf0                memchr
 .text          0x08000c90      0x134 c:/ac6/systemworkbench/plugins/fr.ac6.mcu.externaltools.arm-none.win32_1.7.0.201602121829/tools/compiler/bin/../lib/gcc/arm-none-eabi/5.2.1/../../../../arm-none-eabi/lib/armv7e-m/fpu\libc.a(lib_a-memcpy.o)
                0x08000c90                memcpy
 *fill*         0x08000dc4       0x3c 
 .text          0x08000e00       0xdc c:/ac6/systemworkbench/plugins/fr.ac6.mcu.externaltools.arm-none.win32_1.7.0.201602121829/tools/compiler/bin/../lib/gcc/arm-none-eabi/5.2.1/../../../../arm-none-eabi/lib/armv7e-m/fpu\libc.a(lib_a-strlen.o)
                0x08000e00                strlen
 .text          0x08000edc       0x50 c:/ac6/systemworkbench/plugins/fr.ac6.mcu.externaltools.arm-none.win32_1.7.0.201602121829/tools/compiler/bin/../lib/gcc/arm-none-eabi/5.2.1/armv7e-m/fpu\libgcc.a(_arm_fixdfsi.o)
                0x08000edc                __aeabi_d2iz
                0x08000edc                __fixdfsi
 .text          0x08000f2c       0x30 c:/ac6/systemworkbench/plugins/fr.ac6.mcu.externaltools.arm-none.win32_1.7.0.201602121829/tools/compiler/bin/../lib/gcc/arm-none-eabi/5.2.1/armv7e-m/fpu\libgcc.a(_aeabi_uldivmod.o)
                0x08000f2c                __aeabi_uldivmod
 .text          0x08000f5c      0x2e4 c:/ac6/systemworkbench/plugins/fr.ac6.mcu.externaltools.arm-none.win32_1.7.0.201602121829/tools/compiler/bin/../lib/gcc/arm-none-eabi/5.2.1/armv7e-m/fpu\libgcc.a(_udivmoddi4.o)
                0x08000f5c                __udivmoddi4
 .text          0x08001240        0x4 c:/ac6/systemworkbench/plugins/fr.ac6.mcu.externaltools.arm-none.win32_1.7.0.201602121829/tools/compiler/bin/../lib/gcc/arm-none-eabi/5.2.1/armv7e-m/fpu\libgcc.a(_dvmd_tls.o)
                0x08001240                __aeabi_idiv0
                0x08001240                __aeabi_ldiv0
 *(.text*)
 .text._Z15ad_convert_battv
                0x08001244       0x4c src/ad_convert.o
                0x08001244                ad_convert_batt()
 .text._Z11get_batteryv
                0x08001290       0x54 src/ad_convert.o
                0x08001290                get_battery()
 .text._ZN6my7seg5lightEh
                0x080012e4      0x330 src/hardware.o
                0x080012e4                my7seg::light(unsigned char)
 .text._ZN6my7seg8turn_offEv
                0x08001614       0x5c src/hardware.o
                0x08001614                my7seg::turn_off()
 .text._ZN6my7seg11light_errorEv
                0x08001670       0x5c src/hardware.o
                0x08001670                my7seg::light_error()
 .text._ZN6my7seg5blinkEhtt
                0x080016cc       0x4c src/hardware.o
                0x080016cc                my7seg::blink(unsigned char, unsigned short, unsigned short)
 .text._ZN6my7seg10count_downEht
                0x08001718       0x44 src/hardware.o
                0x08001718                my7seg::count_down(unsigned char, unsigned short)
 *fill*         0x0800175c        0x4 
 .text._ZN5motor8set_dutyE10MOTOR_SIDEf
                0x08001760      0x1ac src/hardware.o
                0x08001760                motor::set_duty(MOTOR_SIDE, float)
 .text._ZN5motor11sleep_motorEv
                0x0800190c       0x50 src/hardware.o
                0x0800190c                motor::sleep_motor()
 .text._ZN5motor12stanby_motorEv
                0x0800195c       0x38 src/hardware.o
                0x0800195c                motor::stanby_motor()
 .text._ZN5motor8isEnableEv
                0x08001994       0x18 src/hardware.o
                0x08001994                motor::isEnable()
 .text._ZN7mpu60008read_spiEt
                0x080019ac      0x120 src/hardware.o
                0x080019ac                mpu6000::read_spi(unsigned short)
 .text._ZN7mpu60009write_spiEtt
                0x08001acc      0x110 src/hardware.o
                0x08001acc                mpu6000::write_spi(unsigned short, unsigned short)
 .text._ZN7mpu600013get_mpu_valueE8SEN_TYPE6AXIS_t
                0x08001bdc       0xb8 src/hardware.o
                0x08001bdc                mpu6000::get_mpu_value(SEN_TYPE, AXIS_t)
 .text._ZN7mpu600012init_mpu6000Ev
                0x08001c94       0x40 src/hardware.o
                0x08001c94                mpu6000::init_mpu6000()
 *fill*         0x08001cd4        0x4 
 .text._ZN10accelmeter9interruptEv
                0x08001cd8       0xec src/hardware.o
                0x08001cd8                accelmeter::interrupt()
 .text._ZN10accelmeter13get_accel_refEv
                0x08001dc4       0x74 src/hardware.o
                0x08001dc4                accelmeter::get_accel_ref()
 .text._ZN10accelmeter12get_accel_adEv
                0x08001e38       0x1c src/hardware.o
                0x08001e38                accelmeter::get_accel_ad()
 .text._ZN10accelmeter13set_accel_refEv
                0x08001e54       0x1c src/hardware.o
                0x08001e54                accelmeter::set_accel_ref()
 .text._ZN10accelmeter9get_accelEv
                0x08001e70       0x1c src/hardware.o
                0x08001e70                accelmeter::get_accel()
 .text._ZN4gyro14interrupt_gyroEv
                0x08001e8c       0x24 src/hardware.o
                0x08001e8c                gyro::interrupt_gyro()
 .text._ZN4gyro8get_gyroEv
                0x08001eb0       0x18 src/hardware.o
                0x08001eb0                gyro::get_gyro()
 .text._ZN4gyro12get_gyro_refEv
                0x08001ec8       0x64 src/hardware.o
                0x08001ec8                gyro::get_gyro_ref()
 .text._ZN4gyro12set_gyro_refEv
                0x08001f2c       0x1c src/hardware.o
                0x08001f2c                gyro::set_gyro_ref()
 .text._ZN4gyro11reset_angleEv
                0x08001f48       0x28 src/hardware.o
                0x08001f48                gyro::reset_angle()
 .text._ZN4gyro9cal_angleEv
                0x08001f70       0x38 src/hardware.o
                0x08001f70                gyro::cal_angle()
 .text._ZN4gyro20cal_angular_velocityEv
                0x08001fa8       0x6c src/hardware.o
                0x08001fa8                gyro::cal_angular_velocity()
 .text._ZN4gyro20get_angular_velocityEv
                0x08002014       0x1c src/hardware.o
                0x08002014                gyro::get_angular_velocity()
 .text._ZN7encoder17interrupt_encoderEv
                0x08002030      0x1f8 src/hardware.o
                0x08002030                encoder::interrupt_encoder()
 .text._ZN7encoder12get_velocityEv
                0x08002228       0x30 src/hardware.o
                0x08002228                encoder::get_velocity()
 .text._ZN5photo10switch_ledE10PHOTO_TYPEb
                0x08002258       0x8c src/hardware.o
                0x08002258                photo::switch_led(PHOTO_TYPE, bool)
 .text._ZN5photo6get_adE10PHOTO_TYPE
                0x080022e4       0xac src/hardware.o
                0x080022e4                photo::get_ad(PHOTO_TYPE)
 .text._ZN5photo5lightE10PHOTO_TYPE
                0x08002390       0x1c src/hardware.o
                0x08002390                photo::light(PHOTO_TYPE)
 .text._ZN5photo8turn_offE10PHOTO_TYPE
                0x080023ac       0x1c src/hardware.o
                0x080023ac                photo::turn_off(PHOTO_TYPE)
 .text._ZN5photo12turn_off_allEv
                0x080023c8       0x20 src/hardware.o
                0x080023c8                photo::turn_off_all()
 .text._ZN5photo6set_adE10PHOTO_TYPEs
                0x080023e8      0x158 src/hardware.o
                0x080023e8                photo::set_ad(PHOTO_TYPE, short)
 .text._ZN5photo9interruptEb
                0x08002540      0x1f4 src/hardware.o
                0x08002540                photo::interrupt(bool)
 .text._ZN5photo7get_refE10PHOTO_TYPE
                0x08002734       0x78 src/hardware.o
                0x08002734                photo::get_ref(PHOTO_TYPE)
 .text._ZN5photo7set_refE10PHOTO_TYPEs
                0x080027ac       0x84 src/hardware.o
                0x080027ac                photo::set_ref(PHOTO_TYPE, short)
 .text._ZN5photo9get_valueE10PHOTO_TYPE
                0x08002830       0x78 src/hardware.o
                0x08002830                photo::get_value(PHOTO_TYPE)
 .text._ZN5photo10check_wallE10PHOTO_TYPE
                0x080028a8       0x58 src/hardware.o
                0x080028a8                photo::check_wall(PHOTO_TYPE)
 .text._ZN7control16cross_delta_gainE8SEN_TYPE
                0x08002900       0xe0 src/hardware.o
                0x08002900                control::cross_delta_gain(SEN_TYPE)
 .text._ZN7control9cal_deltaEv
                0x080029e0      0x228 src/hardware.o
                0x080029e0                control::cal_delta()
 .text._ZN7control16control_velocityEv
                0x08002c08       0x14 src/hardware.o
                0x08002c08                control::control_velocity()
 .text._ZN7control24control_angular_velocityEv
                0x08002c1c       0x44 src/hardware.o
                0x08002c1c                control::control_angular_velocity()
 .text._ZN7control18start_wall_controlEv
                0x08002c60       0x18 src/hardware.o
                0x08002c60                control::start_wall_control()
 .text._ZN7control17stop_wall_controlEv
                0x08002c78       0x18 src/hardware.o
                0x08002c78                control::stop_wall_control()
 .text._ZN7control13start_controlEv
                0x08002c90       0x18 src/hardware.o
                0x08002c90                control::start_control()
 .text._ZN7control12stop_controlEv
                0x08002ca8       0x18 src/hardware.o
                0x08002ca8                control::stop_control()
 .text._ZN7control12get_feedbackEa
                0x08002cc0       0x50 src/hardware.o
                0x08002cc0                control::get_feedback(signed char)
 .text._ZN7control15get_feedforwardEa
                0x08002d10      0x164 src/hardware.o
                0x08002d10                control::get_feedforward(signed char)
 .text._ZN7control15posture_controlEv
                0x08002e74       0xa0 src/hardware.o
                0x08002e74                control::posture_control()
 .text._ZN7control17get_control_phaseEv
                0x08002f14       0x18 src/hardware.o
                0x08002f14                control::get_control_phase()
 .text._ZN7control22get_wall_control_phaseEv
                0x08002f2c       0x18 src/hardware.o
                0x08002f2c                control::get_wall_control_phase()
 .text._ZN7control11reset_deltaEv
                0x08002f44       0x64 src/hardware.o
                0x08002f44                control::reset_delta()
 .text.NVIC_SetPriority
                0x08002fa8       0x54 src/init .o
 .text.SysTick_Config
                0x08002ffc       0x44 src/init .o
 .text.init_all
                0x08003040       0x24 src/init .o
                0x08003040                init_all
 .text.init_system
                0x08003064       0x30 src/init .o
                0x08003064                init_system
 .text.init_gpio
                0x08003094      0x1ac src/init .o
                0x08003094                init_gpio
 .text.init_adc
                0x08003240       0xd0 src/init .o
                0x08003240                init_adc
 .text.init_usart
                0x08003310       0x8c src/init .o
                0x08003310                init_usart
 .text.init_spi
                0x0800339c       0xd0 src/init .o
                0x0800339c                init_spi
 .text.init_pwm
                0x0800346c      0x19c src/init .o
                0x0800346c                init_pwm
 .text.init_enc
                0x08003608      0x120 src/init .o
                0x08003608                init_enc
 .text.main     0x08003728      0x2fc src/main.o
                0x08003728                main
 .text.interrupt_timer
                0x08003a24      0x10c src/main.o
                0x08003a24                interrupt_timer
 .text._ZN3map13set_maze_wallEP9MAZE_WALLhb
                0x08003b30      0x33c src/map.o
                0x08003b30                map::set_maze_wall(MAZE_WALL*, unsigned char, bool)
 .text._ZN3map14remember_existEhhh
                0x08003e6c       0xe8 src/map.o
                0x08003e6c                map::remember_exist(unsigned char, unsigned char, unsigned char)
 .text._ZN3map11create_wallEhhh
                0x08003f54       0xe4 src/map.o
                0x08003f54                map::create_wall(unsigned char, unsigned char, unsigned char)
 .text._ZN3map12destroy_wallEhhh
                0x08004038       0xe4 src/map.o
                0x08004038                map::destroy_wall(unsigned char, unsigned char, unsigned char)
 .text._ZN3map10reset_wallEv
                0x0800411c      0x104 src/map.o
                0x0800411c                map::reset_wall()
 .text._ZN3map14input_map_dataEPK8MAP_DATA
                0x08004220       0x7c src/map.o
                0x08004220                map::input_map_data(MAP_DATA const*)
 .text._ZN3map15output_map_dataEP8MAP_DATA
                0x0800429c       0x7c src/map.o
                0x0800429c                map::output_map_data(MAP_DATA*)
 .text._ZN9parameter20get_run_accelerationEh
                0x08004318       0x4c src/parameter.o
                0x08004318                parameter::get_run_acceleration(unsigned char)
 .text._ZN9parameter15get_ideal_photoE10PHOTO_TYPE
                0x08004364       0x58 src/parameter.o
                0x08004364                parameter::get_ideal_photo(PHOTO_TYPE)
 .text._ZN9parameter18get_min_wall_photoE10PHOTO_TYPE
                0x080043bc       0x58 src/parameter.o
                0x080043bc                parameter::get_min_wall_photo(PHOTO_TYPE)
 .text._ZN9parameter20get_run_max_velocityEh
                0x08004414       0x4c src/parameter.o
                0x08004414                parameter::get_run_max_velocity(unsigned char)
 .text._ZN9parameter23get_run_de_accelerationEh
                0x08004460       0x4c src/parameter.o
                0x08004460                parameter::get_run_de_acceleration(unsigned char)
 .text._ZN5mouse11reset_countEv
                0x080044ac       0x18 src/run.o
                0x080044ac                mouse::reset_count()
 .text._ZN5mouse16add_one_count_msEv
                0x080044c4       0x1c src/run.o
                0x080044c4                mouse::add_one_count_ms()
 .text._ZN5mouse16set_accelerationEf
                0x080044e0       0x20 src/run.o
                0x080044e0                mouse::set_acceleration(float)
 .text._ZN5mouse16get_accelerationEv
                0x08004500       0x1c src/run.o
                0x08004500                mouse::get_acceleration()
 .text._ZN5mouse24get_angular_accelerationEv
                0x0800451c       0x1c src/run.o
                0x0800451c                mouse::get_angular_acceleration()
 .text._ZN5mouse18set_ideal_velocityEf
                0x08004538       0x20 src/run.o
                0x08004538                mouse::set_ideal_velocity(float)
 .text._ZN5mouse18get_ideal_velocityEv
                0x08004558       0x1c src/run.o
                0x08004558                mouse::get_ideal_velocity()
 .text._ZN5mouse26set_ideal_angular_velocityEf
                0x08004574       0x20 src/run.o
                0x08004574                mouse::set_ideal_angular_velocity(float)
 .text._ZN5mouse26get_ideal_angular_velocityEv
                0x08004594       0x1c src/run.o
                0x08004594                mouse::get_ideal_angular_velocity()
 .text._ZN5mouse11reset_angleEv
                0x080045b0       0x10 src/run.o
                0x080045b0                mouse::reset_angle()
 .text._ZN5mouse14get_distance_mEv
                0x080045c0       0x1c src/run.o
                0x080045c0                mouse::get_distance_m()
 .text._ZN5mouse14set_distance_mEf
                0x080045dc       0x20 src/run.o
                0x080045dc                mouse::set_distance_m(float)
 .text._ZN5mouse12set_positionEhh
                0x080045fc       0x44 src/run.o
                0x080045fc                mouse::set_position(unsigned char, unsigned char)
 .text._ZN5mouse13set_directionEh
                0x08004640       0x20 src/run.o
                0x08004640                mouse::set_direction(unsigned char)
 .text._ZN5mouse13set_fail_flagEb
                0x08004660       0x20 src/run.o
                0x08004660                mouse::set_fail_flag(bool)
 .text._ZN5mouse12cal_velocityEv
                0x08004680       0xa8 src/run.o
                0x08004680                mouse::cal_velocity()
 .text._ZN5mouse12cal_distanceEv
                0x08004728       0xa0 src/run.o
                0x08004728                mouse::cal_distance()
 .text._ZN5mouse9interruptEv
                0x080047c8       0x64 src/run.o
                0x080047c8                mouse::interrupt()
 .text._ZN5mouse8run_initEbb
                0x0800482c       0x70 src/run.o
                0x0800482c                mouse::run_init(bool, bool)
 .text._ZN5mouse5errorEv
                0x0800489c       0x40 src/run.o
                0x0800489c                mouse::error()
 .text._ZN3run9accel_runEffh
                0x080048dc      0x36c src/run.o
                0x080048dc                run::accel_run(float, float, unsigned char)
 .text.put1byte
                0x08004c48       0x34 src/serial.o
                0x08004c48                put1byte
 .text.putnbyte
                0x08004c7c       0x38 src/serial.o
                0x08004c7c                putnbyte
 .text.myprintf
                0x08004cb4       0x3c src/serial.o
                0x08004cb4                myprintf
 .text.NMI_Handler
                0x08004cf0       0x10 src/stm32f4xx_it.o
                0x08004cf0                NMI_Handler
 .text.HardFault_Handler
                0x08004d00        0x8 src/stm32f4xx_it.o
                0x08004d00                HardFault_Handler
 .text.MemManage_Handler
                0x08004d08        0x8 src/stm32f4xx_it.o
                0x08004d08                MemManage_Handler
 .text.BusFault_Handler
                0x08004d10        0x8 src/stm32f4xx_it.o
                0x08004d10                BusFault_Handler
 .text.UsageFault_Handler
                0x08004d18        0x8 src/stm32f4xx_it.o
                0x08004d18                UsageFault_Handler
 .text.SVC_Handler
                0x08004d20       0x10 src/stm32f4xx_it.o
                0x08004d20                SVC_Handler
 .text.DebugMon_Handler
                0x08004d30       0x10 src/stm32f4xx_it.o
                0x08004d30                DebugMon_Handler
 .text.PendSV_Handler
                0x08004d40       0x10 src/stm32f4xx_it.o
                0x08004d40                PendSV_Handler
 .text.SysTick_Handler
                0x08004d50        0xc src/stm32f4xx_it.o
                0x08004d50                SysTick_Handler
 .text._sbrk    0x08004d5c       0x58 src/syscalls.o
                0x08004d5c                _sbrk
 .text.SystemInit
                0x08004db4       0x6c src/system_stm32f4xx.o
                0x08004db4                SystemInit
 .text.SetSysClock
                0x08004e20       0xa4 src/system_stm32f4xx.o
 *fill*         0x08004ec4        0x4 
 .text._Z6radianf
                0x08004ec8       0x54 src/user.o
                0x08004ec8                radian(float)
 .text._ZN4wait9set_countEm
                0x08004f1c       0x20 src/user.o
                0x08004f1c                wait::set_count(unsigned long)
 .text._ZN4wait11reset_countEv
                0x08004f3c       0x18 src/user.o
                0x08004f3c                wait::reset_count()
 .text._ZN4wait9get_countEv
                0x08004f54       0x18 src/user.o
                0x08004f54                wait::get_count()
 .text._ZN4wait2msEm
                0x08004f6c       0x80 src/user.o
                0x08004f6c                wait::ms(unsigned long)
 .text.Reset_Handler
                0x08004fec       0x50 startup/startup_stm32f405xx.o
                0x08004fec                Reset_Handler
 .text.Default_Handler
                0x0800503c        0x2 startup/startup_stm32f405xx.o
                0x0800503c                RTC_Alarm_IRQHandler
                0x0800503c                HASH_RNG_IRQHandler
                0x0800503c                EXTI2_IRQHandler
                0x0800503c                TIM8_CC_IRQHandler
                0x0800503c                TIM1_CC_IRQHandler
                0x0800503c                DMA2_Stream5_IRQHandler
                0x0800503c                DMA1_Stream5_IRQHandler
                0x0800503c                PVD_IRQHandler
                0x0800503c                SDIO_IRQHandler
                0x0800503c                TAMP_STAMP_IRQHandler
                0x0800503c                CAN2_RX1_IRQHandler
                0x0800503c                EXTI3_IRQHandler
                0x0800503c                TIM8_TRG_COM_TIM14_IRQHandler
                0x0800503c                TIM1_UP_TIM10_IRQHandler
                0x0800503c                TIM8_UP_TIM13_IRQHandler
                0x0800503c                I2C3_ER_IRQHandler
                0x0800503c                EXTI0_IRQHandler
                0x0800503c                I2C2_EV_IRQHandler
                0x0800503c                DMA1_Stream2_IRQHandler
                0x0800503c                CAN1_RX0_IRQHandler
                0x0800503c                FPU_IRQHandler
                0x0800503c                OTG_HS_WKUP_IRQHandler
                0x0800503c                CAN2_SCE_IRQHandler
                0x0800503c                DMA2_Stream2_IRQHandler
                0x0800503c                SPI1_IRQHandler
                0x0800503c                TIM6_DAC_IRQHandler
                0x0800503c                TIM1_BRK_TIM9_IRQHandler
                0x0800503c                CAN2_RX0_IRQHandler
                0x0800503c                DMA2_Stream3_IRQHandler
                0x0800503c                USART6_IRQHandler
                0x0800503c                USART3_IRQHandler
                0x0800503c                CAN1_RX1_IRQHandler
                0x0800503c                UART5_IRQHandler
                0x0800503c                DMA2_Stream0_IRQHandler
                0x0800503c                TIM4_IRQHandler
                0x0800503c                I2C1_EV_IRQHandler
                0x0800503c                DMA1_Stream6_IRQHandler
                0x0800503c                DMA1_Stream1_IRQHandler
                0x0800503c                UART4_IRQHandler
                0x0800503c                TIM3_IRQHandler
                0x0800503c                RCC_IRQHandler
                0x0800503c                TIM8_BRK_TIM12_IRQHandler
                0x0800503c                Default_Handler
                0x0800503c                EXTI15_10_IRQHandler
                0x0800503c                ADC_IRQHandler
                0x0800503c                DMA1_Stream7_IRQHandler
                0x0800503c                TIM7_IRQHandler
                0x0800503c                CAN2_TX_IRQHandler
                0x0800503c                TIM5_IRQHandler
                0x0800503c                DMA2_Stream7_IRQHandler
                0x0800503c                I2C3_EV_IRQHandler
                0x0800503c                EXTI9_5_IRQHandler
                0x0800503c                RTC_WKUP_IRQHandler
                0x0800503c                SPI2_IRQHandler
                0x0800503c                OTG_HS_EP1_IN_IRQHandler
                0x0800503c                DMA1_Stream0_IRQHandler
                0x0800503c                CAN1_TX_IRQHandler
                0x0800503c                EXTI4_IRQHandler
                0x0800503c                FSMC_IRQHandler
                0x0800503c                OTG_HS_EP1_OUT_IRQHandler
                0x0800503c                WWDG_IRQHandler
                0x0800503c                TIM2_IRQHandler
                0x0800503c                OTG_FS_WKUP_IRQHandler
                0x0800503c                TIM1_TRG_COM_TIM11_IRQHandler
                0x0800503c                OTG_HS_IRQHandler
                0x0800503c                EXTI1_IRQHandler
                0x0800503c                USART2_IRQHandler
                0x0800503c                I2C2_ER_IRQHandler
                0x0800503c                DMA2_Stream1_IRQHandler
                0x0800503c                CAN1_SCE_IRQHandler
                0x0800503c                FLASH_IRQHandler
                0x0800503c                DMA2_Stream4_IRQHandler
                0x0800503c                USART1_IRQHandler
                0x0800503c                OTG_FS_IRQHandler
                0x0800503c                SPI3_IRQHandler
                0x0800503c                DMA1_Stream4_IRQHandler
                0x0800503c                I2C1_ER_IRQHandler
                0x0800503c                DMA2_Stream6_IRQHandler
                0x0800503c                DMA1_Stream3_IRQHandler
 *fill*         0x0800503e        0x2 
 .text.ADC_DeInit
                0x08005040       0x1c C:\Users\Koizumi\workspace\stm32f405rg_stdperiph_lib\Debug\libstm32f405rg_stdperiph_lib.a(stm32f4xx_adc.o)
                0x08005040                ADC_DeInit
 .text.ADC_Init
                0x0800505c       0xac C:\Users\Koizumi\workspace\stm32f405rg_stdperiph_lib\Debug\libstm32f405rg_stdperiph_lib.a(stm32f4xx_adc.o)
                0x0800505c                ADC_Init
 .text.ADC_CommonInit
                0x08005108       0x50 C:\Users\Koizumi\workspace\stm32f405rg_stdperiph_lib\Debug\libstm32f405rg_stdperiph_lib.a(stm32f4xx_adc.o)
                0x08005108                ADC_CommonInit
 .text.ADC_Cmd  0x08005158       0x38 C:\Users\Koizumi\workspace\stm32f405rg_stdperiph_lib\Debug\libstm32f405rg_stdperiph_lib.a(stm32f4xx_adc.o)
                0x08005158                ADC_Cmd
 .text.ADC_RegularChannelConfig
                0x08005190      0x194 C:\Users\Koizumi\workspace\stm32f405rg_stdperiph_lib\Debug\libstm32f405rg_stdperiph_lib.a(stm32f4xx_adc.o)
                0x08005190                ADC_RegularChannelConfig
 .text.ADC_SoftwareStartConv
                0x08005324       0x20 C:\Users\Koizumi\workspace\stm32f405rg_stdperiph_lib\Debug\libstm32f405rg_stdperiph_lib.a(stm32f4xx_adc.o)
                0x08005324                ADC_SoftwareStartConv
 .text.ADC_GetConversionValue
                0x08005344       0x1c C:\Users\Koizumi\workspace\stm32f405rg_stdperiph_lib\Debug\libstm32f405rg_stdperiph_lib.a(stm32f4xx_adc.o)
                0x08005344                ADC_GetConversionValue
 .text.ADC_DMACmd
                0x08005360       0x38 C:\Users\Koizumi\workspace\stm32f405rg_stdperiph_lib\Debug\libstm32f405rg_stdperiph_lib.a(stm32f4xx_adc.o)
                0x08005360                ADC_DMACmd
 .text.ADC_GetFlagStatus
                0x08005398       0x34 C:\Users\Koizumi\workspace\stm32f405rg_stdperiph_lib\Debug\libstm32f405rg_stdperiph_lib.a(stm32f4xx_adc.o)
                0x08005398                ADC_GetFlagStatus
 .text.ADC_ClearFlag
                0x080053cc       0x20 C:\Users\Koizumi\workspace\stm32f405rg_stdperiph_lib\Debug\libstm32f405rg_stdperiph_lib.a(stm32f4xx_adc.o)
                0x080053cc                ADC_ClearFlag
 .text.GPIO_Init
                0x080053ec      0x11c C:\Users\Koizumi\workspace\stm32f405rg_stdperiph_lib\Debug\libstm32f405rg_stdperiph_lib.a(stm32f4xx_gpio.o)
                0x080053ec                GPIO_Init
 .text.GPIO_StructInit
                0x08005508       0x34 C:\Users\Koizumi\workspace\stm32f405rg_stdperiph_lib\Debug\libstm32f405rg_stdperiph_lib.a(stm32f4xx_gpio.o)
                0x08005508                GPIO_StructInit
 .text.GPIO_ReadInputDataBit
                0x0800553c       0x34 C:\Users\Koizumi\workspace\stm32f405rg_stdperiph_lib\Debug\libstm32f405rg_stdperiph_lib.a(stm32f4xx_gpio.o)
                0x0800553c                GPIO_ReadInputDataBit
 .text.GPIO_SetBits
                0x08005570       0x20 C:\Users\Koizumi\workspace\stm32f405rg_stdperiph_lib\Debug\libstm32f405rg_stdperiph_lib.a(stm32f4xx_gpio.o)
                0x08005570                GPIO_SetBits
 .text.GPIO_ResetBits
                0x08005590       0x20 C:\Users\Koizumi\workspace\stm32f405rg_stdperiph_lib\Debug\libstm32f405rg_stdperiph_lib.a(stm32f4xx_gpio.o)
                0x08005590                GPIO_ResetBits
 .text.GPIO_PinAFConfig
                0x080055b0       0x94 C:\Users\Koizumi\workspace\stm32f405rg_stdperiph_lib\Debug\libstm32f405rg_stdperiph_lib.a(stm32f4xx_gpio.o)
                0x080055b0                GPIO_PinAFConfig
 .text.RCC_GetClocksFreq
                0x08005644      0x154 C:\Users\Koizumi\workspace\stm32f405rg_stdperiph_lib\Debug\libstm32f405rg_stdperiph_lib.a(stm32f4xx_rcc.o)
                0x08005644                RCC_GetClocksFreq
 .text.RCC_AHB1PeriphClockCmd
                0x08005798       0x40 C:\Users\Koizumi\workspace\stm32f405rg_stdperiph_lib\Debug\libstm32f405rg_stdperiph_lib.a(stm32f4xx_rcc.o)
                0x08005798                RCC_AHB1PeriphClockCmd
 .text.RCC_APB1PeriphClockCmd
                0x080057d8       0x40 C:\Users\Koizumi\workspace\stm32f405rg_stdperiph_lib\Debug\libstm32f405rg_stdperiph_lib.a(stm32f4xx_rcc.o)
                0x080057d8                RCC_APB1PeriphClockCmd
 .text.RCC_APB2PeriphClockCmd
                0x08005818       0x40 C:\Users\Koizumi\workspace\stm32f405rg_stdperiph_lib\Debug\libstm32f405rg_stdperiph_lib.a(stm32f4xx_rcc.o)
                0x08005818                RCC_APB2PeriphClockCmd
 .text.RCC_APB2PeriphResetCmd
                0x08005858       0x40 C:\Users\Koizumi\workspace\stm32f405rg_stdperiph_lib\Debug\libstm32f405rg_stdperiph_lib.a(stm32f4xx_rcc.o)
                0x08005858                RCC_APB2PeriphResetCmd
 .text.SPI_Init
                0x08005898       0x88 C:\Users\Koizumi\workspace\stm32f405rg_stdperiph_lib\Debug\libstm32f405rg_stdperiph_lib.a(stm32f4xx_spi.o)
                0x08005898                SPI_Init
 .text.SPI_Cmd  0x08005920       0x40 C:\Users\Koizumi\workspace\stm32f405rg_stdperiph_lib\Debug\libstm32f405rg_stdperiph_lib.a(stm32f4xx_spi.o)
                0x08005920                SPI_Cmd
 .text.SPI_I2S_ReceiveData
                0x08005960       0x1c C:\Users\Koizumi\workspace\stm32f405rg_stdperiph_lib\Debug\libstm32f405rg_stdperiph_lib.a(stm32f4xx_spi.o)
                0x08005960                SPI_I2S_ReceiveData
 .text.SPI_I2S_SendData
                0x0800597c       0x20 C:\Users\Koizumi\workspace\stm32f405rg_stdperiph_lib\Debug\libstm32f405rg_stdperiph_lib.a(stm32f4xx_spi.o)
                0x0800597c                SPI_I2S_SendData
 .text.SPI_I2S_GetFlagStatus
                0x0800599c       0x38 C:\Users\Koizumi\workspace\stm32f405rg_stdperiph_lib\Debug\libstm32f405rg_stdperiph_lib.a(stm32f4xx_spi.o)
                0x0800599c                SPI_I2S_GetFlagStatus
 .text.TIM_TimeBaseInit
                0x080059d4       0xd8 C:\Users\Koizumi\workspace\stm32f405rg_stdperiph_lib\Debug\libstm32f405rg_stdperiph_lib.a(stm32f4xx_tim.o)
                0x080059d4                TIM_TimeBaseInit
 .text.TIM_SetAutoreload
                0x08005aac       0x1c C:\Users\Koizumi\workspace\stm32f405rg_stdperiph_lib\Debug\libstm32f405rg_stdperiph_lib.a(stm32f4xx_tim.o)
                0x08005aac                TIM_SetAutoreload
 .text.TIM_ARRPreloadConfig
                0x08005ac8       0x40 C:\Users\Koizumi\workspace\stm32f405rg_stdperiph_lib\Debug\libstm32f405rg_stdperiph_lib.a(stm32f4xx_tim.o)
                0x08005ac8                TIM_ARRPreloadConfig
 .text.TIM_Cmd  0x08005b08       0x40 C:\Users\Koizumi\workspace\stm32f405rg_stdperiph_lib\Debug\libstm32f405rg_stdperiph_lib.a(stm32f4xx_tim.o)
                0x08005b08                TIM_Cmd
 .text.TIM_OC1Init
                0x08005b48       0xf4 C:\Users\Koizumi\workspace\stm32f405rg_stdperiph_lib\Debug\libstm32f405rg_stdperiph_lib.a(stm32f4xx_tim.o)
                0x08005b48                TIM_OC1Init
 .text.TIM_OC2Init
                0x08005c3c      0x110 C:\Users\Koizumi\workspace\stm32f405rg_stdperiph_lib\Debug\libstm32f405rg_stdperiph_lib.a(stm32f4xx_tim.o)
                0x08005c3c                TIM_OC2Init
 .text.TIM_OC1PreloadConfig
                0x08005d4c       0x38 C:\Users\Koizumi\workspace\stm32f405rg_stdperiph_lib\Debug\libstm32f405rg_stdperiph_lib.a(stm32f4xx_tim.o)
                0x08005d4c                TIM_OC1PreloadConfig
 .text.TIM_OC2PreloadConfig
                0x08005d84       0x3c C:\Users\Koizumi\workspace\stm32f405rg_stdperiph_lib\Debug\libstm32f405rg_stdperiph_lib.a(stm32f4xx_tim.o)
                0x08005d84                TIM_OC2PreloadConfig
 .text.TIM_CtrlPWMOutputs
                0x08005dc0       0x4c C:\Users\Koizumi\workspace\stm32f405rg_stdperiph_lib\Debug\libstm32f405rg_stdperiph_lib.a(stm32f4xx_tim.o)
                0x08005dc0                TIM_CtrlPWMOutputs
 .text.TIM_EncoderInterfaceConfig
                0x08005e0c       0x98 C:\Users\Koizumi\workspace\stm32f405rg_stdperiph_lib\Debug\libstm32f405rg_stdperiph_lib.a(stm32f4xx_tim.o)
                0x08005e0c                TIM_EncoderInterfaceConfig
 .text.USART_Init
                0x08005ea4      0x178 C:\Users\Koizumi\workspace\stm32f405rg_stdperiph_lib\Debug\libstm32f405rg_stdperiph_lib.a(stm32f4xx_usart.o)
                0x08005ea4                USART_Init
 .text.USART_Cmd
                0x0800601c       0x40 C:\Users\Koizumi\workspace\stm32f405rg_stdperiph_lib\Debug\libstm32f405rg_stdperiph_lib.a(stm32f4xx_usart.o)
                0x0800601c                USART_Cmd
 .text.USART_SendData
                0x0800605c       0x24 C:\Users\Koizumi\workspace\stm32f405rg_stdperiph_lib\Debug\libstm32f405rg_stdperiph_lib.a(stm32f4xx_usart.o)
                0x0800605c                USART_SendData
 .text.USART_ITConfig
                0x08006080       0x90 C:\Users\Koizumi\workspace\stm32f405rg_stdperiph_lib\Debug\libstm32f405rg_stdperiph_lib.a(stm32f4xx_usart.o)
                0x08006080                USART_ITConfig
 .text.USART_GetFlagStatus
                0x08006110       0x38 C:\Users\Koizumi\workspace\stm32f405rg_stdperiph_lib\Debug\libstm32f405rg_stdperiph_lib.a(stm32f4xx_usart.o)
                0x08006110                USART_GetFlagStatus
 .text.__errno  0x08006148        0xc c:/ac6/systemworkbench/plugins/fr.ac6.mcu.externaltools.arm-none.win32_1.7.0.201602121829/tools/compiler/bin/../lib/gcc/arm-none-eabi/5.2.1/../../../../arm-none-eabi/lib/armv7e-m/fpu\libc.a(lib_a-errno.o)
                0x08006148                __errno
 .text.__libc_init_array
                0x08006154       0x50 c:/ac6/systemworkbench/plugins/fr.ac6.mcu.externaltools.arm-none.win32_1.7.0.201602121829/tools/compiler/bin/../lib/gcc/arm-none-eabi/5.2.1/../../../../arm-none-eabi/lib/armv7e-m/fpu\libc.a(lib_a-init.o)
                0x08006154                __libc_init_array
 .text.memset   0x080061a4       0x9c c:/ac6/systemworkbench/plugins/fr.ac6.mcu.externaltools.arm-none.win32_1.7.0.201602121829/tools/compiler/bin/../lib/gcc/arm-none-eabi/5.2.1/../../../../arm-none-eabi/lib/armv7e-m/fpu\libc.a(lib_a-memset.o)
                0x080061a4                memset
 .text._vsprintf_r
                0x08006240       0x34 c:/ac6/systemworkbench/plugins/fr.ac6.mcu.externaltools.arm-none.win32_1.7.0.201602121829/tools/compiler/bin/../lib/gcc/arm-none-eabi/5.2.1/../../../../arm-none-eabi/lib/armv7e-m/fpu\libc.a(lib_a-vsprintf.o)
                0x08006240                _vsprintf_r
 .text.vsprintf
                0x08006274       0x18 c:/ac6/systemworkbench/plugins/fr.ac6.mcu.externaltools.arm-none.win32_1.7.0.201602121829/tools/compiler/bin/../lib/gcc/arm-none-eabi/5.2.1/../../../../arm-none-eabi/lib/armv7e-m/fpu\libc.a(lib_a-vsprintf.o)
                0x08006274                vsprintf
 .text.startup.register_fini
                0x0800628c       0x14 c:/ac6/systemworkbench/plugins/fr.ac6.mcu.externaltools.arm-none.win32_1.7.0.201602121829/tools/compiler/bin/../lib/gcc/arm-none-eabi/5.2.1/../../../../arm-none-eabi/lib/armv7e-m/fpu\libc.a(lib_a-__call_atexit.o)
 .text.atexit   0x080062a0        0xc c:/ac6/systemworkbench/plugins/fr.ac6.mcu.externaltools.arm-none.win32_1.7.0.201602121829/tools/compiler/bin/../lib/gcc/arm-none-eabi/5.2.1/../../../../arm-none-eabi/lib/armv7e-m/fpu\libc.a(lib_a-atexit.o)
                0x080062a0                atexit
 .text.__libc_fini_array
                0x080062ac       0x28 c:/ac6/systemworkbench/plugins/fr.ac6.mcu.externaltools.arm-none.win32_1.7.0.201602121829/tools/compiler/bin/../lib/gcc/arm-none-eabi/5.2.1/../../../../arm-none-eabi/lib/armv7e-m/fpu\libc.a(lib_a-fini.o)
                0x080062ac                __libc_fini_array
 *fill*         0x080062d4        0x4 
 .text._svfprintf_r
                0x080062d8     0x169c c:/ac6/systemworkbench/plugins/fr.ac6.mcu.externaltools.arm-none.win32_1.7.0.201602121829/tools/compiler/bin/../lib/gcc/arm-none-eabi/5.2.1/../../../../arm-none-eabi/lib/armv7e-m/fpu\libc.a(lib_a-svfprintf.o)
                0x080062d8                _svfprintf_r
 .text.__register_exitproc
                0x08007974       0xa4 c:/ac6/systemworkbench/plugins/fr.ac6.mcu.externaltools.arm-none.win32_1.7.0.201602121829/tools/compiler/bin/../lib/gcc/arm-none-eabi/5.2.1/../../../../arm-none-eabi/lib/armv7e-m/fpu\libc.a(lib_a-__atexit.o)
                0x08007974                __register_exitproc
 .text.quorem   0x08007a18      0x128 c:/ac6/systemworkbench/plugins/fr.ac6.mcu.externaltools.arm-none.win32_1.7.0.201602121829/tools/compiler/bin/../lib/gcc/arm-none-eabi/5.2.1/../../../../arm-none-eabi/lib/armv7e-m/fpu\libc.a(lib_a-dtoa.o)
 .text._dtoa_r  0x08007b40      0xe34 c:/ac6/systemworkbench/plugins/fr.ac6.mcu.externaltools.arm-none.win32_1.7.0.201602121829/tools/compiler/bin/../lib/gcc/arm-none-eabi/5.2.1/../../../../arm-none-eabi/lib/armv7e-m/fpu\libc.a(lib_a-dtoa.o)
                0x08007b40                _dtoa_r
 .text._localeconv_r
                0x08008974        0x8 c:/ac6/systemworkbench/plugins/fr.ac6.mcu.externaltools.arm-none.win32_1.7.0.201602121829/tools/compiler/bin/../lib/gcc/arm-none-eabi/5.2.1/../../../../arm-none-eabi/lib/armv7e-m/fpu\libc.a(lib_a-locale.o)
                0x08008974                _localeconv_r
 .text._malloc_r
                0x0800897c      0x570 c:/ac6/systemworkbench/plugins/fr.ac6.mcu.externaltools.arm-none.win32_1.7.0.201602121829/tools/compiler/bin/../lib/gcc/arm-none-eabi/5.2.1/../../../../arm-none-eabi/lib/armv7e-m/fpu\libc.a(lib_a-mallocr.o)
                0x0800897c                _malloc_r
 .text.__malloc_lock
                0x08008eec        0x4 c:/ac6/systemworkbench/plugins/fr.ac6.mcu.externaltools.arm-none.win32_1.7.0.201602121829/tools/compiler/bin/../lib/gcc/arm-none-eabi/5.2.1/../../../../arm-none-eabi/lib/armv7e-m/fpu\libc.a(lib_a-mlock.o)
                0x08008eec                __malloc_lock
 .text.__malloc_unlock
                0x08008ef0        0x4 c:/ac6/systemworkbench/plugins/fr.ac6.mcu.externaltools.arm-none.win32_1.7.0.201602121829/tools/compiler/bin/../lib/gcc/arm-none-eabi/5.2.1/../../../../arm-none-eabi/lib/armv7e-m/fpu\libc.a(lib_a-mlock.o)
                0x08008ef0                __malloc_unlock
 .text._Balloc  0x08008ef4       0x4c c:/ac6/systemworkbench/plugins/fr.ac6.mcu.externaltools.arm-none.win32_1.7.0.201602121829/tools/compiler/bin/../lib/gcc/arm-none-eabi/5.2.1/../../../../arm-none-eabi/lib/armv7e-m/fpu\libc.a(lib_a-mprec.o)
                0x08008ef4                _Balloc
 .text._Bfree   0x08008f40       0x14 c:/ac6/systemworkbench/plugins/fr.ac6.mcu.externaltools.arm-none.win32_1.7.0.201602121829/tools/compiler/bin/../lib/gcc/arm-none-eabi/5.2.1/../../../../arm-none-eabi/lib/armv7e-m/fpu\libc.a(lib_a-mprec.o)
                0x08008f40                _Bfree
 .text.__multadd
                0x08008f54       0x80 c:/ac6/systemworkbench/plugins/fr.ac6.mcu.externaltools.arm-none.win32_1.7.0.201602121829/tools/compiler/bin/../lib/gcc/arm-none-eabi/5.2.1/../../../../arm-none-eabi/lib/armv7e-m/fpu\libc.a(lib_a-mprec.o)
                0x08008f54                __multadd
 .text.__hi0bits
                0x08008fd4       0x40 c:/ac6/systemworkbench/plugins/fr.ac6.mcu.externaltools.arm-none.win32_1.7.0.201602121829/tools/compiler/bin/../lib/gcc/arm-none-eabi/5.2.1/../../../../arm-none-eabi/lib/armv7e-m/fpu\libc.a(lib_a-mprec.o)
                0x08008fd4                __hi0bits
 .text.__lo0bits
                0x08009014       0x5c c:/ac6/systemworkbench/plugins/fr.ac6.mcu.externaltools.arm-none.win32_1.7.0.201602121829/tools/compiler/bin/../lib/gcc/arm-none-eabi/5.2.1/../../../../arm-none-eabi/lib/armv7e-m/fpu\libc.a(lib_a-mprec.o)
                0x08009014                __lo0bits
 .text.__i2b    0x08009070       0x14 c:/ac6/systemworkbench/plugins/fr.ac6.mcu.externaltools.arm-none.win32_1.7.0.201602121829/tools/compiler/bin/../lib/gcc/arm-none-eabi/5.2.1/../../../../arm-none-eabi/lib/armv7e-m/fpu\libc.a(lib_a-mprec.o)
                0x08009070                __i2b
 .text.__multiply
                0x08009084      0x130 c:/ac6/systemworkbench/plugins/fr.ac6.mcu.externaltools.arm-none.win32_1.7.0.201602121829/tools/compiler/bin/../lib/gcc/arm-none-eabi/5.2.1/../../../../arm-none-eabi/lib/armv7e-m/fpu\libc.a(lib_a-mprec.o)
                0x08009084                __multiply
 .text.__pow5mult
                0x080091b4       0xa0 c:/ac6/systemworkbench/plugins/fr.ac6.mcu.externaltools.arm-none.win32_1.7.0.201602121829/tools/compiler/bin/../lib/gcc/arm-none-eabi/5.2.1/../../../../arm-none-eabi/lib/armv7e-m/fpu\libc.a(lib_a-mprec.o)
                0x080091b4                __pow5mult
 .text.__lshift
                0x08009254       0xb0 c:/ac6/systemworkbench/plugins/fr.ac6.mcu.externaltools.arm-none.win32_1.7.0.201602121829/tools/compiler/bin/../lib/gcc/arm-none-eabi/5.2.1/../../../../arm-none-eabi/lib/armv7e-m/fpu\libc.a(lib_a-mprec.o)
                0x08009254                __lshift
 .text.__mcmp   0x08009304       0x44 c:/ac6/systemworkbench/plugins/fr.ac6.mcu.externaltools.arm-none.win32_1.7.0.201602121829/tools/compiler/bin/../lib/gcc/arm-none-eabi/5.2.1/../../../../arm-none-eabi/lib/armv7e-m/fpu\libc.a(lib_a-mprec.o)
                0x08009304                __mcmp
 .text.__mdiff  0x08009348      0x114 c:/ac6/systemworkbench/plugins/fr.ac6.mcu.externaltools.arm-none.win32_1.7.0.201602121829/tools/compiler/bin/../lib/gcc/arm-none-eabi/5.2.1/../../../../arm-none-eabi/lib/armv7e-m/fpu\libc.a(lib_a-mprec.o)
                0x08009348                __mdiff
 .text.__d2b    0x0800945c       0xbc c:/ac6/systemworkbench/plugins/fr.ac6.mcu.externaltools.arm-none.win32_1.7.0.201602121829/tools/compiler/bin/../lib/gcc/arm-none-eabi/5.2.1/../../../../arm-none-eabi/lib/armv7e-m/fpu\libc.a(lib_a-mprec.o)
                0x0800945c                __d2b
 .text.__fpclassifyd
                0x08009518       0x5c c:/ac6/systemworkbench/plugins/fr.ac6.mcu.externaltools.arm-none.win32_1.7.0.201602121829/tools/compiler/bin/../lib/gcc/arm-none-eabi/5.2.1/../../../../arm-none-eabi/lib/armv7e-m/fpu\libc.a(lib_a-s_fpclassify.o)
                0x08009518                __fpclassifyd
 .text._sbrk_r  0x08009574       0x24 c:/ac6/systemworkbench/plugins/fr.ac6.mcu.externaltools.arm-none.win32_1.7.0.201602121829/tools/compiler/bin/../lib/gcc/arm-none-eabi/5.2.1/../../../../arm-none-eabi/lib/armv7e-m/fpu\libc.a(lib_a-sbrkr.o)
                0x08009574                _sbrk_r
 .text.__ssprint_r
                0x08009598      0x100 c:/ac6/systemworkbench/plugins/fr.ac6.mcu.externaltools.arm-none.win32_1.7.0.201602121829/tools/compiler/bin/../lib/gcc/arm-none-eabi/5.2.1/../../../../arm-none-eabi/lib/armv7e-m/fpu\libc.a(lib_a-svfiprintf.o)
                0x08009598                __ssprint_r
 .text._calloc_r
                0x08009698       0x60 c:/ac6/systemworkbench/plugins/fr.ac6.mcu.externaltools.arm-none.win32_1.7.0.201602121829/tools/compiler/bin/../lib/gcc/arm-none-eabi/5.2.1/../../../../arm-none-eabi/lib/armv7e-m/fpu\libc.a(lib_a-callocr.o)
                0x08009698                _calloc_r
 .text._malloc_trim_r
                0x080096f8       0x9c c:/ac6/systemworkbench/plugins/fr.ac6.mcu.externaltools.arm-none.win32_1.7.0.201602121829/tools/compiler/bin/../lib/gcc/arm-none-eabi/5.2.1/../../../../arm-none-eabi/lib/armv7e-m/fpu\libc.a(lib_a-freer.o)
                0x080096f8                _malloc_trim_r
 .text._free_r  0x08009794      0x1d0 c:/ac6/systemworkbench/plugins/fr.ac6.mcu.externaltools.arm-none.win32_1.7.0.201602121829/tools/compiler/bin/../lib/gcc/arm-none-eabi/5.2.1/../../../../arm-none-eabi/lib/armv7e-m/fpu\libc.a(lib_a-freer.o)
                0x08009794                _free_r
 .text.memmove  0x08009964       0xc8 c:/ac6/systemworkbench/plugins/fr.ac6.mcu.externaltools.arm-none.win32_1.7.0.201602121829/tools/compiler/bin/../lib/gcc/arm-none-eabi/5.2.1/../../../../arm-none-eabi/lib/armv7e-m/fpu\libc.a(lib_a-memmove.o)
                0x08009964                memmove
 .text._realloc_r
                0x08009a2c      0x3e0 c:/ac6/systemworkbench/plugins/fr.ac6.mcu.externaltools.arm-none.win32_1.7.0.201602121829/tools/compiler/bin/../lib/gcc/arm-none-eabi/5.2.1/../../../../arm-none-eabi/lib/armv7e-m/fpu\libc.a(lib_a-reallocr.o)
                0x08009a2c                _realloc_r
 *(.glue_7)
 .glue_7        0x08009e0c        0x0 linker stubs
 *(.glue_7t)
 .glue_7t       0x08009e0c        0x0 linker stubs
 *(.eh_frame)
 .eh_frame      0x08009e0c        0x0 c:/ac6/systemworkbench/plugins/fr.ac6.mcu.externaltools.arm-none.win32_1.7.0.201602121829/tools/compiler/bin/../lib/gcc/arm-none-eabi/5.2.1/armv7e-m/fpu/crtbegin.o
 *(.init)
 .init          0x08009e0c        0x4 c:/ac6/systemworkbench/plugins/fr.ac6.mcu.externaltools.arm-none.win32_1.7.0.201602121829/tools/compiler/bin/../lib/gcc/arm-none-eabi/5.2.1/armv7e-m/fpu/crti.o
                0x08009e0c                _init
 .init          0x08009e10        0x8 c:/ac6/systemworkbench/plugins/fr.ac6.mcu.externaltools.arm-none.win32_1.7.0.201602121829/tools/compiler/bin/../lib/gcc/arm-none-eabi/5.2.1/armv7e-m/fpu/crtn.o
 *(.fini)
 .fini          0x08009e18        0x4 c:/ac6/systemworkbench/plugins/fr.ac6.mcu.externaltools.arm-none.win32_1.7.0.201602121829/tools/compiler/bin/../lib/gcc/arm-none-eabi/5.2.1/armv7e-m/fpu/crti.o
                0x08009e18                _fini
 .fini          0x08009e1c        0x8 c:/ac6/systemworkbench/plugins/fr.ac6.mcu.externaltools.arm-none.win32_1.7.0.201602121829/tools/compiler/bin/../lib/gcc/arm-none-eabi/5.2.1/armv7e-m/fpu/crtn.o
                0x08009e24                . = ALIGN (0x4)
                0x08009e24                _etext = .

.vfp11_veneer   0x08009e24        0x0
 .vfp11_veneer  0x08009e24        0x0 linker stubs

.v4_bx          0x08009e24        0x0
 .v4_bx         0x08009e24        0x0 linker stubs

.iplt           0x08009e24        0x0
 .iplt          0x08009e24        0x0 c:/ac6/systemworkbench/plugins/fr.ac6.mcu.externaltools.arm-none.win32_1.7.0.201602121829/tools/compiler/bin/../lib/gcc/arm-none-eabi/5.2.1/armv7e-m/fpu/crtbegin.o

.rodata         0x08009e28      0x810
                0x08009e28                . = ALIGN (0x4)
 *(.rodata)
 .rodata        0x08009e28        0x2 src/init .o
                0x08009e28                MAX_PERIOD
 *fill*         0x08009e2a        0x2 
 .rodata        0x08009e2c       0x58 src/main.o
 .rodata        0x08009e84      0x398 src/map.o
 .rodata        0x0800a21c      0x297 src/parameter.o
                0x0800a220                parameter::ideal_photo
                0x0800a248                parameter::min_wall_photo
                0x0800a25c                parameter::straight_run
                0x0800a298                parameter::right_slalom
                0x0800a338                parameter::left_slalom
 *(.rodata*)
 *fill*         0x0800a4b3        0x1 
 .rodata.str1.4
                0x0800a4b4        0x2 c:/ac6/systemworkbench/plugins/fr.ac6.mcu.externaltools.arm-none.win32_1.7.0.201602121829/tools/compiler/bin/../lib/gcc/arm-none-eabi/5.2.1/../../../../arm-none-eabi/lib/armv7e-m/fpu\libc.a(lib_a-impure.o)
 *fill*         0x0800a4b6        0x2 
 .rodata._global_impure_ptr
                0x0800a4b8        0x4 c:/ac6/systemworkbench/plugins/fr.ac6.mcu.externaltools.arm-none.win32_1.7.0.201602121829/tools/compiler/bin/../lib/gcc/arm-none-eabi/5.2.1/../../../../arm-none-eabi/lib/armv7e-m/fpu\libc.a(lib_a-impure.o)
                0x0800a4b8                _global_impure_ptr
 .rodata.blanks.7009
                0x0800a4bc       0x10 c:/ac6/systemworkbench/plugins/fr.ac6.mcu.externaltools.arm-none.win32_1.7.0.201602121829/tools/compiler/bin/../lib/gcc/arm-none-eabi/5.2.1/../../../../arm-none-eabi/lib/armv7e-m/fpu\libc.a(lib_a-svfprintf.o)
 .rodata.str1.4
                0x0800a4cc       0x42 c:/ac6/systemworkbench/plugins/fr.ac6.mcu.externaltools.arm-none.win32_1.7.0.201602121829/tools/compiler/bin/../lib/gcc/arm-none-eabi/5.2.1/../../../../arm-none-eabi/lib/armv7e-m/fpu\libc.a(lib_a-svfprintf.o)
 *fill*         0x0800a50e        0x2 
 .rodata.zeroes.7010
                0x0800a510       0x10 c:/ac6/systemworkbench/plugins/fr.ac6.mcu.externaltools.arm-none.win32_1.7.0.201602121829/tools/compiler/bin/../lib/gcc/arm-none-eabi/5.2.1/../../../../arm-none-eabi/lib/armv7e-m/fpu\libc.a(lib_a-svfprintf.o)
 .rodata.str1.4
                0x0800a520       0x10 c:/ac6/systemworkbench/plugins/fr.ac6.mcu.externaltools.arm-none.win32_1.7.0.201602121829/tools/compiler/bin/../lib/gcc/arm-none-eabi/5.2.1/../../../../arm-none-eabi/lib/armv7e-m/fpu\libc.a(lib_a-dtoa.o)
                                 0x12 (size before relaxing)
 .rodata.str1.4
                0x0800a530        0xc c:/ac6/systemworkbench/plugins/fr.ac6.mcu.externaltools.arm-none.win32_1.7.0.201602121829/tools/compiler/bin/../lib/gcc/arm-none-eabi/5.2.1/../../../../arm-none-eabi/lib/armv7e-m/fpu\libc.a(lib_a-locale.o)
                                 0x12 (size before relaxing)
 .rodata.p05.5404
                0x0800a53c        0xc c:/ac6/systemworkbench/plugins/fr.ac6.mcu.externaltools.arm-none.win32_1.7.0.201602121829/tools/compiler/bin/../lib/gcc/arm-none-eabi/5.2.1/../../../../arm-none-eabi/lib/armv7e-m/fpu\libc.a(lib_a-mprec.o)
 .rodata.__mprec_tens
                0x0800a548       0xc8 c:/ac6/systemworkbench/plugins/fr.ac6.mcu.externaltools.arm-none.win32_1.7.0.201602121829/tools/compiler/bin/../lib/gcc/arm-none-eabi/5.2.1/../../../../arm-none-eabi/lib/armv7e-m/fpu\libc.a(lib_a-mprec.o)
                0x0800a548                __mprec_tens
 .rodata.__mprec_bigtens
                0x0800a610       0x28 c:/ac6/systemworkbench/plugins/fr.ac6.mcu.externaltools.arm-none.win32_1.7.0.201602121829/tools/compiler/bin/../lib/gcc/arm-none-eabi/5.2.1/../../../../arm-none-eabi/lib/armv7e-m/fpu\libc.a(lib_a-mprec.o)
                0x0800a610                __mprec_bigtens
                0x0800a638                . = ALIGN (0x4)

.ARM.extab      0x0800a638        0x0
                0x0800a638                . = ALIGN (0x4)
 *(.ARM.extab* .gnu.linkonce.armextab.*)
                0x0800a638                . = ALIGN (0x4)

.ARM            0x0800a638        0x8
                0x0800a638                . = ALIGN (0x4)
                0x0800a638                __exidx_start = .
 *(.ARM.exidx*)
 .ARM.exidx     0x0800a638        0x8 c:/ac6/systemworkbench/plugins/fr.ac6.mcu.externaltools.arm-none.win32_1.7.0.201602121829/tools/compiler/bin/../lib/gcc/arm-none-eabi/5.2.1/armv7e-m/fpu\libgcc.a(_udivmoddi4.o)
                0x0800a640                __exidx_end = .
                0x0800a640                . = ALIGN (0x4)

.rel.dyn        0x0800a640        0x0
 .rel.iplt      0x0800a640        0x0 c:/ac6/systemworkbench/plugins/fr.ac6.mcu.externaltools.arm-none.win32_1.7.0.201602121829/tools/compiler/bin/../lib/gcc/arm-none-eabi/5.2.1/armv7e-m/fpu/crtbegin.o

.preinit_array  0x0800a640        0x0
                0x0800a640                . = ALIGN (0x4)
                0x0800a640                PROVIDE (__preinit_array_start, .)
 *(.preinit_array*)
                0x0800a640                PROVIDE (__preinit_array_end, .)
                0x0800a640                . = ALIGN (0x4)

.init_array     0x0800a640        0x8
                0x0800a640                . = ALIGN (0x4)
                0x0800a640                PROVIDE (__init_array_start, .)
 *(SORT(.init_array.*))
 .init_array.00000
                0x0800a640        0x4 c:/ac6/systemworkbench/plugins/fr.ac6.mcu.externaltools.arm-none.win32_1.7.0.201602121829/tools/compiler/bin/../lib/gcc/arm-none-eabi/5.2.1/../../../../arm-none-eabi/lib/armv7e-m/fpu\libc.a(lib_a-__call_atexit.o)
 *(.init_array*)
 .init_array    0x0800a644        0x4 c:/ac6/systemworkbench/plugins/fr.ac6.mcu.externaltools.arm-none.win32_1.7.0.201602121829/tools/compiler/bin/../lib/gcc/arm-none-eabi/5.2.1/armv7e-m/fpu/crtbegin.o
                0x0800a648                PROVIDE (__init_array_end, .)
                0x0800a648                . = ALIGN (0x4)

.fini_array     0x0800a648        0x4
                0x0800a648                . = ALIGN (0x4)
                0x0800a648                PROVIDE (__fini_array_start, .)
 *(SORT(.fini_array.*))
 *(.fini_array*)
 .fini_array    0x0800a648        0x4 c:/ac6/systemworkbench/plugins/fr.ac6.mcu.externaltools.arm-none.win32_1.7.0.201602121829/tools/compiler/bin/../lib/gcc/arm-none-eabi/5.2.1/armv7e-m/fpu/crtbegin.o
                0x0800a64c                PROVIDE (__fini_array_end, .)
                0x0800a64c                . = ALIGN (0x4)
                0x0800a64c                _sidata = LOADADDR (.data)

.data           0x20000000      0x894 load address 0x0800a64c
                0x20000000                . = ALIGN (0x4)
                0x20000000                _sdata = .
 *(.data)
 .data          0x20000000        0x9 src/hardware.o
                0x20000000                mpu6000::use_SPI
                0x20000004                mpu6000::cs_GPIOx
                0x20000008                control::is_FB_CONTROL
 *fill*         0x20000009        0x3 
 .data          0x2000000c       0x10 C:\Users\Koizumi\workspace\stm32f405rg_stdperiph_lib\Debug\libstm32f405rg_stdperiph_lib.a(stm32f4xx_rcc.o)
 *(.data*)
 *fill*         0x2000001c        0x4 
 .data.impure_data
                0x20000020      0x428 c:/ac6/systemworkbench/plugins/fr.ac6.mcu.externaltools.arm-none.win32_1.7.0.201602121829/tools/compiler/bin/../lib/gcc/arm-none-eabi/5.2.1/../../../../arm-none-eabi/lib/armv7e-m/fpu\libc.a(lib_a-impure.o)
 .data._impure_ptr
                0x20000448        0x4 c:/ac6/systemworkbench/plugins/fr.ac6.mcu.externaltools.arm-none.win32_1.7.0.201602121829/tools/compiler/bin/../lib/gcc/arm-none-eabi/5.2.1/../../../../arm-none-eabi/lib/armv7e-m/fpu\libc.a(lib_a-impure.o)
                0x20000448                _impure_ptr
 .data.lconv    0x2000044c       0x38 c:/ac6/systemworkbench/plugins/fr.ac6.mcu.externaltools.arm-none.win32_1.7.0.201602121829/tools/compiler/bin/../lib/gcc/arm-none-eabi/5.2.1/../../../../arm-none-eabi/lib/armv7e-m/fpu\libc.a(lib_a-locale.o)
 .data.__malloc_av_
                0x20000484      0x408 c:/ac6/systemworkbench/plugins/fr.ac6.mcu.externaltools.arm-none.win32_1.7.0.201602121829/tools/compiler/bin/../lib/gcc/arm-none-eabi/5.2.1/../../../../arm-none-eabi/lib/armv7e-m/fpu\libc.a(lib_a-mallocr.o)
                0x20000484                __malloc_av_
 .data.__malloc_trim_threshold
                0x2000088c        0x4 c:/ac6/systemworkbench/plugins/fr.ac6.mcu.externaltools.arm-none.win32_1.7.0.201602121829/tools/compiler/bin/../lib/gcc/arm-none-eabi/5.2.1/../../../../arm-none-eabi/lib/armv7e-m/fpu\libc.a(lib_a-mallocr.o)
                0x2000088c                __malloc_trim_threshold
 .data.__malloc_sbrk_base
                0x20000890        0x4 c:/ac6/systemworkbench/plugins/fr.ac6.mcu.externaltools.arm-none.win32_1.7.0.201602121829/tools/compiler/bin/../lib/gcc/arm-none-eabi/5.2.1/../../../../arm-none-eabi/lib/armv7e-m/fpu\libc.a(lib_a-mallocr.o)
                0x20000890                __malloc_sbrk_base
                0x20000894                . = ALIGN (0x4)
                0x20000894                _edata = .

.jcr            0x20000894        0x0 load address 0x0800aee0
 .jcr           0x20000894        0x0 c:/ac6/systemworkbench/plugins/fr.ac6.mcu.externaltools.arm-none.win32_1.7.0.201602121829/tools/compiler/bin/../lib/gcc/arm-none-eabi/5.2.1/armv7e-m/fpu/crtbegin.o

.tm_clone_table
                0x20000894        0x0 load address 0x0800aee0
 .tm_clone_table
                0x20000894        0x0 c:/ac6/systemworkbench/plugins/fr.ac6.mcu.externaltools.arm-none.win32_1.7.0.201602121829/tools/compiler/bin/../lib/gcc/arm-none-eabi/5.2.1/armv7e-m/fpu/crtbegin.o
 .tm_clone_table
                0x20000894        0x0 c:/ac6/systemworkbench/plugins/fr.ac6.mcu.externaltools.arm-none.win32_1.7.0.201602121829/tools/compiler/bin/../lib/gcc/arm-none-eabi/5.2.1/armv7e-m/fpu/crtend.o

.igot.plt       0x20000894        0x0 load address 0x0800aee0
 .igot.plt      0x20000894        0x0 c:/ac6/systemworkbench/plugins/fr.ac6.mcu.externaltools.arm-none.win32_1.7.0.201602121829/tools/compiler/bin/../lib/gcc/arm-none-eabi/5.2.1/armv7e-m/fpu/crtbegin.o
                0x20000894                . = ALIGN (0x4)

.bss            0x20000894    0x14448 load address 0x0800aee0
                0x20000894                _sbss = .
                0x20000894                __bss_start__ = _sbss
 *(.bss)
 .bss           0x20000894       0x1c c:/ac6/systemworkbench/plugins/fr.ac6.mcu.externaltools.arm-none.win32_1.7.0.201602121829/tools/compiler/bin/../lib/gcc/arm-none-eabi/5.2.1/armv7e-m/fpu/crtbegin.o
 .bss           0x200008b0      0x344 src/hardware.o
                0x200008b0                motor::right_duty
                0x200008b1                motor::left_duty
                0x200008b2                motor::motor_state
                0x200008b4                accelmeter::accel_ad
                0x200008b8                accelmeter::accel_ref
                0x200008bc                accelmeter::accel
                0x200008c0                gyro::gyro_value
                0x200008c4                gyro::default_angle
                0x200008c8                gyro::angle
                0x200008cc                gyro::gyro_ref
                0x200008d0                gyro::angular_velocity
                0x200008d4                gyro::least_square_slope
                0x200008d8                encoder::left_velocity
                0x200008dc                encoder::right_velocity
                0x200008e0                encoder::velocity
                0x200008e4                photo::right_ad
                0x200008e8                photo::left_ad
                0x200008ec                photo::front_right_ad
                0x200008f0                photo::front_left_ad
                0x200008f4                photo::front_ad
                0x200008f8                photo::right_ref
                0x200008fc                photo::left_ref
                0x20000900                photo::front_right_ref
                0x20000904                photo::front_left_ref
                0x20000908                photo::front_ref
                0x2000090c                photo::light_flag
                0x20000910                control::gyro_delta
                0x2000091c                control::photo_delta
                0x20000928                control::encoder_delta
                0x20000934                control::control_phase
                0x20000935                control::wall_control_flag
                0x20000936                control::is_FF_CONTROL
 .bss           0x20000bf4    0x13886 src/main.o
                0x20000bf4                wait_counter
                0x20000bf8                flog
 *fill*         0x2001447a        0x2 
 .bss           0x2001447c      0x304 src/map.o
                0x2001447c                map::x_maze_wall
                0x200144bc                map::y_maze_wall
                0x200144fc                map::x_wall_exist
                0x2001453c                map::y_wall_exist
                0x2001457c                step::save_direction
                0x20014580                step::maze_step
 .bss           0x20014780      0x125 src/run.o
                0x20014780                mouse::ideal_acceleration
                0x20014784                mouse::ideal_angular_acceleration
                0x20014788                mouse::ideal_velocity
                0x2001478c                mouse::ideal_angular_velocity
                0x20014790                mouse::ideal_angle
                0x20014794                mouse::ideal_distance
                0x20014798                mouse::run_distance
                0x2001479c                mouse::mouse_count_ms
                0x200147a0                mouse::now_map
                0x200148a0                mouse::position
                0x200148a1                mouse::mouse_direction
                0x200148a2                mouse::fail_flag
                0x200148a3                adachi::direction_x
                0x200148a4                adachi::direction_y
 *fill*         0x200148a5        0x3 
 .bss           0x200148a8       0x64 src/serial.o
 .bss           0x2001490c        0x8 src/syscalls.o
                0x2001490c                __env
 .bss           0x20014914      0x390 src/user.o
                0x20014914                wait::counter
                0x20014918                log::buf
                0x2001497c                log::length
                0x20014980                int_log::log_case
                0x20014ca0                int_log::log_counter
 *(.bss*)
 .bss.__malloc_max_total_mem
                0x20014ca4        0x4 c:/ac6/systemworkbench/plugins/fr.ac6.mcu.externaltools.arm-none.win32_1.7.0.201602121829/tools/compiler/bin/../lib/gcc/arm-none-eabi/5.2.1/../../../../arm-none-eabi/lib/armv7e-m/fpu\libc.a(lib_a-mallocr.o)
                0x20014ca4                __malloc_max_total_mem
 .bss.__malloc_max_sbrked_mem
                0x20014ca8        0x4 c:/ac6/systemworkbench/plugins/fr.ac6.mcu.externaltools.arm-none.win32_1.7.0.201602121829/tools/compiler/bin/../lib/gcc/arm-none-eabi/5.2.1/../../../../arm-none-eabi/lib/armv7e-m/fpu\libc.a(lib_a-mallocr.o)
                0x20014ca8                __malloc_max_sbrked_mem
 .bss.__malloc_top_pad
                0x20014cac        0x4 c:/ac6/systemworkbench/plugins/fr.ac6.mcu.externaltools.arm-none.win32_1.7.0.201602121829/tools/compiler/bin/../lib/gcc/arm-none-eabi/5.2.1/../../../../arm-none-eabi/lib/armv7e-m/fpu\libc.a(lib_a-mallocr.o)
                0x20014cac                __malloc_top_pad
 .bss.__malloc_current_mallinfo
                0x20014cb0       0x28 c:/ac6/systemworkbench/plugins/fr.ac6.mcu.externaltools.arm-none.win32_1.7.0.201602121829/tools/compiler/bin/../lib/gcc/arm-none-eabi/5.2.1/../../../../arm-none-eabi/lib/armv7e-m/fpu\libc.a(lib_a-mallocr.o)
                0x20014cb0                __malloc_current_mallinfo
 *(COMMON)
 COMMON         0x20014cd8        0x4 c:/ac6/systemworkbench/plugins/fr.ac6.mcu.externaltools.arm-none.win32_1.7.0.201602121829/tools/compiler/bin/../lib/gcc/arm-none-eabi/5.2.1/../../../../arm-none-eabi/lib/armv7e-m/fpu\libc.a(lib_a-reent.o)
                0x20014cd8                errno
                0x20014cdc                . = ALIGN (0x4)
                0x20014cdc                _ebss = .
                0x20014cdc                __bss_end__ = _ebss

._user_heap_stack
                0x20014cdc      0x604 load address 0x0800aee0
                0x20014ce0                . = ALIGN (0x8)
 *fill*         0x20014cdc        0x4 
                0x20014ce0                PROVIDE (end, .)
                [!provide]                PROVIDE (_end, .)
                0x20014ee0                . = (. + _Min_Heap_Size)
 *fill*         0x20014ce0      0x200 
                0x200152e0                . = (. + _Min_Stack_Size)
 *fill*         0x20014ee0      0x400 
                0x200152e0                . = ALIGN (0x8)

/DISCARD/
 libc.a(*)
 libm.a(*)
 libgcc.a(*)

.ARM.attributes
                0x00000000       0x30
 *(.ARM.attributes)
 .ARM.attributes
                0x00000000       0x22 c:/ac6/systemworkbench/plugins/fr.ac6.mcu.externaltools.arm-none.win32_1.7.0.201602121829/tools/compiler/bin/../lib/gcc/arm-none-eabi/5.2.1/armv7e-m/fpu/crti.o
 .ARM.attributes
                0x00000022       0x34 c:/ac6/systemworkbench/plugins/fr.ac6.mcu.externaltools.arm-none.win32_1.7.0.201602121829/tools/compiler/bin/../lib/gcc/arm-none-eabi/5.2.1/armv7e-m/fpu/crtbegin.o
 .ARM.attributes
                0x00000056       0x39 src/ad_convert.o
 .ARM.attributes
                0x0000008f       0x39 src/hardware.o
 .ARM.attributes
                0x000000c8       0x39 src/init .o
 .ARM.attributes
                0x00000101       0x39 src/main.o
 .ARM.attributes
                0x0000013a       0x39 src/map.o
 .ARM.attributes
                0x00000173       0x39 src/parameter.o
 .ARM.attributes
                0x000001ac       0x39 src/run.o
 .ARM.attributes
                0x000001e5       0x39 src/serial.o
 .ARM.attributes
                0x0000021e       0x39 src/stm32f4xx_it.o
 .ARM.attributes
                0x00000257       0x39 src/syscalls.o
 .ARM.attributes
                0x00000290       0x39 src/system_stm32f4xx.o
 .ARM.attributes
                0x000002c9       0x39 src/user.o
 .ARM.attributes
                0x00000302       0x21 startup/startup_stm32f405xx.o
 .ARM.attributes
                0x00000323       0x39 C:\Users\Koizumi\workspace\stm32f405rg_stdperiph_lib\Debug\libstm32f405rg_stdperiph_lib.a(stm32f4xx_adc.o)
 .ARM.attributes
                0x0000035c       0x39 C:\Users\Koizumi\workspace\stm32f405rg_stdperiph_lib\Debug\libstm32f405rg_stdperiph_lib.a(stm32f4xx_gpio.o)
 .ARM.attributes
                0x00000395       0x39 C:\Users\Koizumi\workspace\stm32f405rg_stdperiph_lib\Debug\libstm32f405rg_stdperiph_lib.a(stm32f4xx_rcc.o)
 .ARM.attributes
                0x000003ce       0x39 C:\Users\Koizumi\workspace\stm32f405rg_stdperiph_lib\Debug\libstm32f405rg_stdperiph_lib.a(stm32f4xx_spi.o)
 .ARM.attributes
                0x00000407       0x39 C:\Users\Koizumi\workspace\stm32f405rg_stdperiph_lib\Debug\libstm32f405rg_stdperiph_lib.a(stm32f4xx_tim.o)
 .ARM.attributes
                0x00000440       0x39 C:\Users\Koizumi\workspace\stm32f405rg_stdperiph_lib\Debug\libstm32f405rg_stdperiph_lib.a(stm32f4xx_usart.o)
 .ARM.attributes
                0x00000479       0x22 c:/ac6/systemworkbench/plugins/fr.ac6.mcu.externaltools.arm-none.win32_1.7.0.201602121829/tools/compiler/bin/../lib/gcc/arm-none-eabi/5.2.1/armv7e-m/fpu\libgcc.a(_arm_addsubdf3.o)
 .ARM.attributes
                0x0000049b       0x22 c:/ac6/systemworkbench/plugins/fr.ac6.mcu.externaltools.arm-none.win32_1.7.0.201602121829/tools/compiler/bin/../lib/gcc/arm-none-eabi/5.2.1/armv7e-m/fpu\libgcc.a(_arm_muldivdf3.o)
 .ARM.attributes
                0x000004bd       0x22 c:/ac6/systemworkbench/plugins/fr.ac6.mcu.externaltools.arm-none.win32_1.7.0.201602121829/tools/compiler/bin/../lib/gcc/arm-none-eabi/5.2.1/armv7e-m/fpu\libgcc.a(_arm_cmpdf2.o)
 .ARM.attributes
                0x000004df       0x22 c:/ac6/systemworkbench/plugins/fr.ac6.mcu.externaltools.arm-none.win32_1.7.0.201602121829/tools/compiler/bin/../lib/gcc/arm-none-eabi/5.2.1/armv7e-m/fpu\libgcc.a(_arm_fixunsdfsi.o)
 .ARM.attributes
                0x00000501       0x22 c:/ac6/systemworkbench/plugins/fr.ac6.mcu.externaltools.arm-none.win32_1.7.0.201602121829/tools/compiler/bin/../lib/gcc/arm-none-eabi/5.2.1/armv7e-m/fpu\libgcc.a(_arm_truncdfsf2.o)
 .ARM.attributes
                0x00000523       0x34 c:/ac6/systemworkbench/plugins/fr.ac6.mcu.externaltools.arm-none.win32_1.7.0.201602121829/tools/compiler/bin/../lib/gcc/arm-none-eabi/5.2.1/../../../../arm-none-eabi/lib/armv7e-m/fpu\libc.a(lib_a-errno.o)
 .ARM.attributes
                0x00000557       0x34 c:/ac6/systemworkbench/plugins/fr.ac6.mcu.externaltools.arm-none.win32_1.7.0.201602121829/tools/compiler/bin/../lib/gcc/arm-none-eabi/5.2.1/../../../../arm-none-eabi/lib/armv7e-m/fpu\libc.a(lib_a-impure.o)
 .ARM.attributes
                0x0000058b       0x34 c:/ac6/systemworkbench/plugins/fr.ac6.mcu.externaltools.arm-none.win32_1.7.0.201602121829/tools/compiler/bin/../lib/gcc/arm-none-eabi/5.2.1/../../../../arm-none-eabi/lib/armv7e-m/fpu\libc.a(lib_a-init.o)
 .ARM.attributes
                0x000005bf       0x34 c:/ac6/systemworkbench/plugins/fr.ac6.mcu.externaltools.arm-none.win32_1.7.0.201602121829/tools/compiler/bin/../lib/gcc/arm-none-eabi/5.2.1/../../../../arm-none-eabi/lib/armv7e-m/fpu\libc.a(lib_a-memset.o)
 .ARM.attributes
                0x000005f3       0x34 c:/ac6/systemworkbench/plugins/fr.ac6.mcu.externaltools.arm-none.win32_1.7.0.201602121829/tools/compiler/bin/../lib/gcc/arm-none-eabi/5.2.1/../../../../arm-none-eabi/lib/armv7e-m/fpu\libc.a(lib_a-vsprintf.o)
 .ARM.attributes
                0x00000627       0x34 c:/ac6/systemworkbench/plugins/fr.ac6.mcu.externaltools.arm-none.win32_1.7.0.201602121829/tools/compiler/bin/../lib/gcc/arm-none-eabi/5.2.1/../../../../arm-none-eabi/lib/armv7e-m/fpu\libc.a(lib_a-__call_atexit.o)
 .ARM.attributes
                0x0000065b       0x34 c:/ac6/systemworkbench/plugins/fr.ac6.mcu.externaltools.arm-none.win32_1.7.0.201602121829/tools/compiler/bin/../lib/gcc/arm-none-eabi/5.2.1/../../../../arm-none-eabi/lib/armv7e-m/fpu\libc.a(lib_a-atexit.o)
 .ARM.attributes
                0x0000068f       0x34 c:/ac6/systemworkbench/plugins/fr.ac6.mcu.externaltools.arm-none.win32_1.7.0.201602121829/tools/compiler/bin/../lib/gcc/arm-none-eabi/5.2.1/../../../../arm-none-eabi/lib/armv7e-m/fpu\libc.a(lib_a-fini.o)
 .ARM.attributes
                0x000006c3       0x34 c:/ac6/systemworkbench/plugins/fr.ac6.mcu.externaltools.arm-none.win32_1.7.0.201602121829/tools/compiler/bin/../lib/gcc/arm-none-eabi/5.2.1/../../../../arm-none-eabi/lib/armv7e-m/fpu\libc.a(lib_a-svfprintf.o)
 .ARM.attributes
                0x000006f7       0x34 c:/ac6/systemworkbench/plugins/fr.ac6.mcu.externaltools.arm-none.win32_1.7.0.201602121829/tools/compiler/bin/../lib/gcc/arm-none-eabi/5.2.1/../../../../arm-none-eabi/lib/armv7e-m/fpu\libc.a(lib_a-__atexit.o)
 .ARM.attributes
                0x0000072b       0x34 c:/ac6/systemworkbench/plugins/fr.ac6.mcu.externaltools.arm-none.win32_1.7.0.201602121829/tools/compiler/bin/../lib/gcc/arm-none-eabi/5.2.1/../../../../arm-none-eabi/lib/armv7e-m/fpu\libc.a(lib_a-dtoa.o)
 .ARM.attributes
                0x0000075f       0x34 c:/ac6/systemworkbench/plugins/fr.ac6.mcu.externaltools.arm-none.win32_1.7.0.201602121829/tools/compiler/bin/../lib/gcc/arm-none-eabi/5.2.1/../../../../arm-none-eabi/lib/armv7e-m/fpu\libc.a(lib_a-locale.o)
 .ARM.attributes
                0x00000793       0x34 c:/ac6/systemworkbench/plugins/fr.ac6.mcu.externaltools.arm-none.win32_1.7.0.201602121829/tools/compiler/bin/../lib/gcc/arm-none-eabi/5.2.1/../../../../arm-none-eabi/lib/armv7e-m/fpu\libc.a(lib_a-mallocr.o)
 .ARM.attributes
                0x000007c7       0x20 c:/ac6/systemworkbench/plugins/fr.ac6.mcu.externaltools.arm-none.win32_1.7.0.201602121829/tools/compiler/bin/../lib/gcc/arm-none-eabi/5.2.1/../../../../arm-none-eabi/lib/armv7e-m/fpu\libc.a(lib_a-memchr.o)
 .ARM.attributes
                0x000007e7       0x20 c:/ac6/systemworkbench/plugins/fr.ac6.mcu.externaltools.arm-none.win32_1.7.0.201602121829/tools/compiler/bin/../lib/gcc/arm-none-eabi/5.2.1/../../../../arm-none-eabi/lib/armv7e-m/fpu\libc.a(lib_a-memcpy.o)
 .ARM.attributes
                0x00000807       0x34 c:/ac6/systemworkbench/plugins/fr.ac6.mcu.externaltools.arm-none.win32_1.7.0.201602121829/tools/compiler/bin/../lib/gcc/arm-none-eabi/5.2.1/../../../../arm-none-eabi/lib/armv7e-m/fpu\libc.a(lib_a-mlock.o)
 .ARM.attributes
                0x0000083b       0x34 c:/ac6/systemworkbench/plugins/fr.ac6.mcu.externaltools.arm-none.win32_1.7.0.201602121829/tools/compiler/bin/../lib/gcc/arm-none-eabi/5.2.1/../../../../arm-none-eabi/lib/armv7e-m/fpu\libc.a(lib_a-mprec.o)
 .ARM.attributes
                0x0000086f       0x34 c:/ac6/systemworkbench/plugins/fr.ac6.mcu.externaltools.arm-none.win32_1.7.0.201602121829/tools/compiler/bin/../lib/gcc/arm-none-eabi/5.2.1/../../../../arm-none-eabi/lib/armv7e-m/fpu\libc.a(lib_a-s_fpclassify.o)
 .ARM.attributes
                0x000008a3       0x34 c:/ac6/systemworkbench/plugins/fr.ac6.mcu.externaltools.arm-none.win32_1.7.0.201602121829/tools/compiler/bin/../lib/gcc/arm-none-eabi/5.2.1/../../../../arm-none-eabi/lib/armv7e-m/fpu\libc.a(lib_a-sbrkr.o)
 .ARM.attributes
                0x000008d7       0x20 c:/ac6/systemworkbench/plugins/fr.ac6.mcu.externaltools.arm-none.win32_1.7.0.201602121829/tools/compiler/bin/../lib/gcc/arm-none-eabi/5.2.1/../../../../arm-none-eabi/lib/armv7e-m/fpu\libc.a(lib_a-strlen.o)
 .ARM.attributes
                0x000008f7       0x34 c:/ac6/systemworkbench/plugins/fr.ac6.mcu.externaltools.arm-none.win32_1.7.0.201602121829/tools/compiler/bin/../lib/gcc/arm-none-eabi/5.2.1/../../../../arm-none-eabi/lib/armv7e-m/fpu\libc.a(lib_a-svfiprintf.o)
 .ARM.attributes
                0x0000092b       0x34 c:/ac6/systemworkbench/plugins/fr.ac6.mcu.externaltools.arm-none.win32_1.7.0.201602121829/tools/compiler/bin/../lib/gcc/arm-none-eabi/5.2.1/../../../../arm-none-eabi/lib/armv7e-m/fpu\libc.a(lib_a-callocr.o)
 .ARM.attributes
                0x0000095f       0x34 c:/ac6/systemworkbench/plugins/fr.ac6.mcu.externaltools.arm-none.win32_1.7.0.201602121829/tools/compiler/bin/../lib/gcc/arm-none-eabi/5.2.1/../../../../arm-none-eabi/lib/armv7e-m/fpu\libc.a(lib_a-freer.o)
 .ARM.attributes
                0x00000993       0x34 c:/ac6/systemworkbench/plugins/fr.ac6.mcu.externaltools.arm-none.win32_1.7.0.201602121829/tools/compiler/bin/../lib/gcc/arm-none-eabi/5.2.1/../../../../arm-none-eabi/lib/armv7e-m/fpu\libc.a(lib_a-memmove.o)
 .ARM.attributes
                0x000009c7       0x34 c:/ac6/systemworkbench/plugins/fr.ac6.mcu.externaltools.arm-none.win32_1.7.0.201602121829/tools/compiler/bin/../lib/gcc/arm-none-eabi/5.2.1/../../../../arm-none-eabi/lib/armv7e-m/fpu\libc.a(lib_a-reallocr.o)
 .ARM.attributes
                0x000009fb       0x34 c:/ac6/systemworkbench/plugins/fr.ac6.mcu.externaltools.arm-none.win32_1.7.0.201602121829/tools/compiler/bin/../lib/gcc/arm-none-eabi/5.2.1/../../../../arm-none-eabi/lib/armv7e-m/fpu\libc.a(lib_a-reent.o)
 .ARM.attributes
                0x00000a2f       0x22 c:/ac6/systemworkbench/plugins/fr.ac6.mcu.externaltools.arm-none.win32_1.7.0.201602121829/tools/compiler/bin/../lib/gcc/arm-none-eabi/5.2.1/armv7e-m/fpu\libgcc.a(_arm_fixdfsi.o)
 .ARM.attributes
                0x00000a51       0x22 c:/ac6/systemworkbench/plugins/fr.ac6.mcu.externaltools.arm-none.win32_1.7.0.201602121829/tools/compiler/bin/../lib/gcc/arm-none-eabi/5.2.1/armv7e-m/fpu\libgcc.a(_aeabi_uldivmod.o)
 .ARM.attributes
                0x00000a73       0x34 c:/ac6/systemworkbench/plugins/fr.ac6.mcu.externaltools.arm-none.win32_1.7.0.201602121829/tools/compiler/bin/../lib/gcc/arm-none-eabi/5.2.1/armv7e-m/fpu\libgcc.a(_udivmoddi4.o)
 .ARM.attributes
                0x00000aa7       0x22 c:/ac6/systemworkbench/plugins/fr.ac6.mcu.externaltools.arm-none.win32_1.7.0.201602121829/tools/compiler/bin/../lib/gcc/arm-none-eabi/5.2.1/armv7e-m/fpu\libgcc.a(_dvmd_tls.o)
 .ARM.attributes
                0x00000ac9       0x34 c:/ac6/systemworkbench/plugins/fr.ac6.mcu.externaltools.arm-none.win32_1.7.0.201602121829/tools/compiler/bin/../lib/gcc/arm-none-eabi/5.2.1/armv7e-m/fpu/crtend.o
 .ARM.attributes
                0x00000afd       0x22 c:/ac6/systemworkbench/plugins/fr.ac6.mcu.externaltools.arm-none.win32_1.7.0.201602121829/tools/compiler/bin/../lib/gcc/arm-none-eabi/5.2.1/armv7e-m/fpu/crtn.o
OUTPUT(halfmouse.elf elf32-littlearm)

.debug_info     0x00000000     0xd6a3
 .debug_info    0x00000000      0x305 src/ad_convert.o
 .debug_info    0x00000305     0x2311 src/hardware.o
 .debug_info    0x00002616     0x137d src/init .o
 .debug_info    0x00003993      0x390 src/main.o
 .debug_info    0x00003d23     0x122f src/map.o
 .debug_info    0x00004f52      0x526 src/parameter.o
 .debug_info    0x00005478     0x159a src/run.o
 .debug_info    0x00006a12      0x2ea src/serial.o
 .debug_info    0x00006cfc      0x149 src/stm32f4xx_it.o
 .debug_info    0x00006e45      0x667 src/syscalls.o
 .debug_info    0x000074ac      0x58c src/system_stm32f4xx.o
 .debug_info    0x00007a38      0x9a9 src/user.o
 .debug_info    0x000083e1       0x71 startup/startup_stm32f405xx.o
 .debug_info    0x00008452      0xc48 C:\Users\Koizumi\workspace\stm32f405rg_stdperiph_lib\Debug\libstm32f405rg_stdperiph_lib.a(stm32f4xx_adc.o)
 .debug_info    0x0000909a      0x625 C:\Users\Koizumi\workspace\stm32f405rg_stdperiph_lib\Debug\libstm32f405rg_stdperiph_lib.a(stm32f4xx_gpio.o)
 .debug_info    0x000096bf      0xe56 C:\Users\Koizumi\workspace\stm32f405rg_stdperiph_lib\Debug\libstm32f405rg_stdperiph_lib.a(stm32f4xx_rcc.o)
 .debug_info    0x0000a515      0xb4b C:\Users\Koizumi\workspace\stm32f405rg_stdperiph_lib\Debug\libstm32f405rg_stdperiph_lib.a(stm32f4xx_spi.o)
 .debug_info    0x0000b060     0x1c71 C:\Users\Koizumi\workspace\stm32f405rg_stdperiph_lib\Debug\libstm32f405rg_stdperiph_lib.a(stm32f4xx_tim.o)
 .debug_info    0x0000ccd1      0x9d2 C:\Users\Koizumi\workspace\stm32f405rg_stdperiph_lib\Debug\libstm32f405rg_stdperiph_lib.a(stm32f4xx_usart.o)

.debug_abbrev   0x00000000     0x2500
 .debug_abbrev  0x00000000       0xfb src/ad_convert.o
 .debug_abbrev  0x000000fb      0x4b4 src/hardware.o
 .debug_abbrev  0x000005af      0x1f0 src/init .o
 .debug_abbrev  0x0000079f      0x188 src/main.o
 .debug_abbrev  0x00000927      0x45f src/map.o
 .debug_abbrev  0x00000d86      0x178 src/parameter.o
 .debug_abbrev  0x00000efe      0x3dc src/run.o
 .debug_abbrev  0x000012da      0x170 src/serial.o
 .debug_abbrev  0x0000144a       0x9a src/stm32f4xx_it.o
 .debug_abbrev  0x000014e4      0x177 src/syscalls.o
 .debug_abbrev  0x0000165b      0x11a src/system_stm32f4xx.o
 .debug_abbrev  0x00001775      0x417 src/user.o
 .debug_abbrev  0x00001b8c       0x12 startup/startup_stm32f405xx.o
 .debug_abbrev  0x00001b9e      0x19d C:\Users\Koizumi\workspace\stm32f405rg_stdperiph_lib\Debug\libstm32f405rg_stdperiph_lib.a(stm32f4xx_adc.o)
 .debug_abbrev  0x00001d3b      0x1ac C:\Users\Koizumi\workspace\stm32f405rg_stdperiph_lib\Debug\libstm32f405rg_stdperiph_lib.a(stm32f4xx_gpio.o)
 .debug_abbrev  0x00001ee7      0x1c1 C:\Users\Koizumi\workspace\stm32f405rg_stdperiph_lib\Debug\libstm32f405rg_stdperiph_lib.a(stm32f4xx_rcc.o)
 .debug_abbrev  0x000020a8      0x16e C:\Users\Koizumi\workspace\stm32f405rg_stdperiph_lib\Debug\libstm32f405rg_stdperiph_lib.a(stm32f4xx_spi.o)
 .debug_abbrev  0x00002216      0x18e C:\Users\Koizumi\workspace\stm32f405rg_stdperiph_lib\Debug\libstm32f405rg_stdperiph_lib.a(stm32f4xx_tim.o)
 .debug_abbrev  0x000023a4      0x15c C:\Users\Koizumi\workspace\stm32f405rg_stdperiph_lib\Debug\libstm32f405rg_stdperiph_lib.a(stm32f4xx_usart.o)

.debug_aranges  0x00000000     0x10a8
 .debug_aranges
                0x00000000       0x28 src/ad_convert.o
 .debug_aranges
                0x00000028      0x250 src/hardware.o
 .debug_aranges
                0x00000278       0x70 src/init .o
 .debug_aranges
                0x000002e8       0x30 src/main.o
 .debug_aranges
                0x00000318       0xd8 src/map.o
 .debug_aranges
                0x000003f0       0x48 src/parameter.o
 .debug_aranges
                0x00000438      0x1a8 src/run.o
 .debug_aranges
                0x000005e0       0x30 src/serial.o
 .debug_aranges
                0x00000610       0x60 src/stm32f4xx_it.o
 .debug_aranges
                0x00000670       0xb0 src/syscalls.o
 .debug_aranges
                0x00000720       0x30 src/system_stm32f4xx.o
 .debug_aranges
                0x00000750       0xc8 src/user.o
 .debug_aranges
                0x00000818       0x28 startup/startup_stm32f405xx.o
 .debug_aranges
                0x00000840      0x148 C:\Users\Koizumi\workspace\stm32f405rg_stdperiph_lib\Debug\libstm32f405rg_stdperiph_lib.a(stm32f4xx_adc.o)
 .debug_aranges
                0x00000988       0x88 C:\Users\Koizumi\workspace\stm32f405rg_stdperiph_lib\Debug\libstm32f405rg_stdperiph_lib.a(stm32f4xx_gpio.o)
 .debug_aranges
                0x00000a10      0x1c0 C:\Users\Koizumi\workspace\stm32f405rg_stdperiph_lib\Debug\libstm32f405rg_stdperiph_lib.a(stm32f4xx_rcc.o)
 .debug_aranges
                0x00000bd0       0xe0 C:\Users\Koizumi\workspace\stm32f405rg_stdperiph_lib\Debug\libstm32f405rg_stdperiph_lib.a(stm32f4xx_spi.o)
 .debug_aranges
                0x00000cb0      0x2f8 C:\Users\Koizumi\workspace\stm32f405rg_stdperiph_lib\Debug\libstm32f405rg_stdperiph_lib.a(stm32f4xx_tim.o)
 .debug_aranges
                0x00000fa8      0x100 C:\Users\Koizumi\workspace\stm32f405rg_stdperiph_lib\Debug\libstm32f405rg_stdperiph_lib.a(stm32f4xx_usart.o)

.debug_ranges   0x00000000      0xf80
 .debug_ranges  0x00000000       0x18 src/ad_convert.o
 .debug_ranges  0x00000018      0x240 src/hardware.o
 .debug_ranges  0x00000258       0x60 src/init .o
 .debug_ranges  0x000002b8       0x20 src/main.o
 .debug_ranges  0x000002d8       0xc8 src/map.o
 .debug_ranges  0x000003a0       0x38 src/parameter.o
 .debug_ranges  0x000003d8      0x198 src/run.o
 .debug_ranges  0x00000570       0x20 src/serial.o
 .debug_ranges  0x00000590       0x50 src/stm32f4xx_it.o
 .debug_ranges  0x000005e0       0xa0 src/syscalls.o
 .debug_ranges  0x00000680       0x20 src/system_stm32f4xx.o
 .debug_ranges  0x000006a0       0xb8 src/user.o
 .debug_ranges  0x00000758       0x20 startup/startup_stm32f405xx.o
 .debug_ranges  0x00000778      0x138 C:\Users\Koizumi\workspace\stm32f405rg_stdperiph_lib\Debug\libstm32f405rg_stdperiph_lib.a(stm32f4xx_adc.o)
 .debug_ranges  0x000008b0       0x78 C:\Users\Koizumi\workspace\stm32f405rg_stdperiph_lib\Debug\libstm32f405rg_stdperiph_lib.a(stm32f4xx_gpio.o)
 .debug_ranges  0x00000928      0x1b0 C:\Users\Koizumi\workspace\stm32f405rg_stdperiph_lib\Debug\libstm32f405rg_stdperiph_lib.a(stm32f4xx_rcc.o)
 .debug_ranges  0x00000ad8       0xd0 C:\Users\Koizumi\workspace\stm32f405rg_stdperiph_lib\Debug\libstm32f405rg_stdperiph_lib.a(stm32f4xx_spi.o)
 .debug_ranges  0x00000ba8      0x2e8 C:\Users\Koizumi\workspace\stm32f405rg_stdperiph_lib\Debug\libstm32f405rg_stdperiph_lib.a(stm32f4xx_tim.o)
 .debug_ranges  0x00000e90       0xf0 C:\Users\Koizumi\workspace\stm32f405rg_stdperiph_lib\Debug\libstm32f405rg_stdperiph_lib.a(stm32f4xx_usart.o)

.debug_macro    0x00000000    0x14b47
 .debug_macro   0x00000000      0x1b7 src/ad_convert.o
 .debug_macro   0x000001b7      0x976 src/ad_convert.o
 .debug_macro   0x00000b2d       0x6b src/ad_convert.o
 .debug_macro   0x00000b98       0x3b src/ad_convert.o
 .debug_macro   0x00000bd3       0x1c src/ad_convert.o
 .debug_macro   0x00000bef       0x22 src/ad_convert.o
 .debug_macro   0x00000c11       0x44 src/ad_convert.o
 .debug_macro   0x00000c55       0xfd src/ad_convert.o
 .debug_macro   0x00000d52       0x22 src/ad_convert.o
 .debug_macro   0x00000d74      0x1df src/ad_convert.o
 .debug_macro   0x00000f53       0x2d src/ad_convert.o
 .debug_macro   0x00000f80       0x26 src/ad_convert.o
 .debug_macro   0x00000fa6      0xd39 src/ad_convert.o
 .debug_macro   0x00001cdf     0x8ca5 src/ad_convert.o
 .debug_macro   0x0000a984      0x44f src/ad_convert.o
 .debug_macro   0x0000add3       0xb2 src/ad_convert.o
 .debug_macro   0x0000ae85      0x477 src/ad_convert.o
 .debug_macro   0x0000b2fc       0xb5 src/ad_convert.o
 .debug_macro   0x0000b3b1      0x41c src/ad_convert.o
 .debug_macro   0x0000b7cd      0x2f4 src/ad_convert.o
 .debug_macro   0x0000bac1      0x2ba src/ad_convert.o
 .debug_macro   0x0000bd7b       0x64 src/ad_convert.o
 .debug_macro   0x0000bddf       0xee src/ad_convert.o
 .debug_macro   0x0000becd      0x650 src/ad_convert.o
 .debug_macro   0x0000c51d      0x57b src/ad_convert.o
 .debug_macro   0x0000ca98      0x342 src/ad_convert.o
 .debug_macro   0x0000cdda      0x36c src/ad_convert.o
 .debug_macro   0x0000d146       0xf7 src/ad_convert.o
 .debug_macro   0x0000d23d      0x73b src/ad_convert.o
 .debug_macro   0x0000d978      0x223 src/ad_convert.o
 .debug_macro   0x0000db9b       0x34 src/ad_convert.o
 .debug_macro   0x0000dbcf       0x82 src/ad_convert.o
 .debug_macro   0x0000dc51      0x144 src/ad_convert.o
 .debug_macro   0x0000dd95       0xc3 src/ad_convert.o
 .debug_macro   0x0000de58       0x40 src/ad_convert.o
 .debug_macro   0x0000de98      0x3cf src/ad_convert.o
 .debug_macro   0x0000e267      0x188 src/ad_convert.o
 .debug_macro   0x0000e3ef      0x149 src/ad_convert.o
 .debug_macro   0x0000e538       0x35 src/ad_convert.o
 .debug_macro   0x0000e56d       0xac src/ad_convert.o
 .debug_macro   0x0000e619      0x330 src/hardware.o
 .debug_macro   0x0000e949      0x1b3 src/init .o
 .debug_macro   0x0000eafc      0x8aa src/init .o
 .debug_macro   0x0000f3a6      0xd39 src/init .o
 .debug_macro   0x000100df      0x34e src/main.o
 .debug_macro   0x0001042d      0x33f src/map.o
 .debug_macro   0x0001076c      0x343 src/parameter.o
 .debug_macro   0x00010aaf       0xa6 src/parameter.o
 .debug_macro   0x00010b55       0x2e src/parameter.o
 .debug_macro   0x00010b83      0x339 src/run.o
 .debug_macro   0x00010ebc      0x2d4 src/serial.o
 .debug_macro   0x00011190       0x9c src/serial.o
 .debug_macro   0x0001122c       0x97 src/serial.o
 .debug_macro   0x000112c3      0x329 src/serial.o
 .debug_macro   0x000115ec       0xfd src/serial.o
 .debug_macro   0x000116e9       0x43 src/serial.o
 .debug_macro   0x0001172c      0x197 src/serial.o
 .debug_macro   0x000118c3      0x1a9 src/stm32f4xx_it.o
 .debug_macro   0x00011a6c      0x1f3 src/syscalls.o
 .debug_macro   0x00011c5f      0x174 src/syscalls.o
 .debug_macro   0x00011dd3       0x4a src/syscalls.o
 .debug_macro   0x00011e1d       0x10 src/syscalls.o
 .debug_macro   0x00011e2d       0x35 src/syscalls.o
 .debug_macro   0x00011e62       0x10 src/syscalls.o
 .debug_macro   0x00011e72       0x10 src/syscalls.o
 .debug_macro   0x00011e82       0x35 src/syscalls.o
 .debug_macro   0x00011eb7      0x122 src/syscalls.o
 .debug_macro   0x00011fd9       0x16 src/syscalls.o
 .debug_macro   0x00011fef       0x16 src/syscalls.o
 .debug_macro   0x00012005       0x29 src/syscalls.o
 .debug_macro   0x0001202e       0x10 src/syscalls.o
 .debug_macro   0x0001203e      0x241 src/syscalls.o
 .debug_macro   0x0001227f       0x1c src/syscalls.o
 .debug_macro   0x0001229b      0x159 src/syscalls.o
 .debug_macro   0x000123f4       0x16 src/syscalls.o
 .debug_macro   0x0001240a       0x88 src/syscalls.o
 .debug_macro   0x00012492      0x1c2 src/system_stm32f4xx.o
 .debug_macro   0x00012654      0x334 src/user.o
 .debug_macro   0x00012988      0x231 C:\Users\Koizumi\workspace\stm32f405rg_stdperiph_lib\Debug\libstm32f405rg_stdperiph_lib.a(stm32f4xx_adc.o)
 .debug_macro   0x00012bb9      0x1ad C:\Users\Koizumi\workspace\stm32f405rg_stdperiph_lib\Debug\libstm32f405rg_stdperiph_lib.a(stm32f4xx_gpio.o)
 .debug_macro   0x00012d66      0x2ee C:\Users\Koizumi\workspace\stm32f405rg_stdperiph_lib\Debug\libstm32f405rg_stdperiph_lib.a(stm32f4xx_gpio.o)
 .debug_macro   0x00013054      0x27c C:\Users\Koizumi\workspace\stm32f405rg_stdperiph_lib\Debug\libstm32f405rg_stdperiph_lib.a(stm32f4xx_rcc.o)
 .debug_macro   0x000132d0      0x64a C:\Users\Koizumi\workspace\stm32f405rg_stdperiph_lib\Debug\libstm32f405rg_stdperiph_lib.a(stm32f4xx_rcc.o)
 .debug_macro   0x0001391a      0x1d9 C:\Users\Koizumi\workspace\stm32f405rg_stdperiph_lib\Debug\libstm32f405rg_stdperiph_lib.a(stm32f4xx_spi.o)
 .debug_macro   0x00013af3      0x366 C:\Users\Koizumi\workspace\stm32f405rg_stdperiph_lib\Debug\libstm32f405rg_stdperiph_lib.a(stm32f4xx_spi.o)