Archive member included to satisfy reference by file (symbol)

C:\Users\Koizumi\workspace\stm32f405rg_stdperiph_lib\Debug\libstm32f405rg_stdperiph_lib.a(misc.o)
                              src/init .o (NVIC_Init)
C:\Users\Koizumi\workspace\stm32f405rg_stdperiph_lib\Debug\libstm32f405rg_stdperiph_lib.a(stm32f4xx_adc.o)
                              src/init .o (ADC_DeInit)
C:\Users\Koizumi\workspace\stm32f405rg_stdperiph_lib\Debug\libstm32f405rg_stdperiph_lib.a(stm32f4xx_gpio.o)
                              src/init .o (GPIO_Init)
C:\Users\Koizumi\workspace\stm32f405rg_stdperiph_lib\Debug\libstm32f405rg_stdperiph_lib.a(stm32f4xx_rcc.o)
                              src/init .o (RCC_GetClocksFreq)
C:\Users\Koizumi\workspace\stm32f405rg_stdperiph_lib\Debug\libstm32f405rg_stdperiph_lib.a(stm32f4xx_spi.o)
                              src/init .o (SPI_Init)
C:\Users\Koizumi\workspace\stm32f405rg_stdperiph_lib\Debug\libstm32f405rg_stdperiph_lib.a(stm32f4xx_tim.o)
                              src/init .o (TIM_TimeBaseInit)
C:\Users\Koizumi\workspace\stm32f405rg_stdperiph_lib\Debug\libstm32f405rg_stdperiph_lib.a(stm32f4xx_usart.o)
                              src/init .o (USART_Init)
c:/ac6/systemworkbench/plugins/fr.ac6.mcu.externaltools.arm-none.win32_1.7.0.201602121829/tools/compiler/bin/../lib/gcc/arm-none-eabi/5.2.1/armv7e-m/fpu\libgcc.a(_arm_addsubdf3.o)
                              src/user.o (__aeabi_dsub)
c:/ac6/systemworkbench/plugins/fr.ac6.mcu.externaltools.arm-none.win32_1.7.0.201602121829/tools/compiler/bin/../lib/gcc/arm-none-eabi/5.2.1/armv7e-m/fpu\libgcc.a(_arm_muldivdf3.o)
                              src/hardware.o (__aeabi_dmul)
c:/ac6/systemworkbench/plugins/fr.ac6.mcu.externaltools.arm-none.win32_1.7.0.201602121829/tools/compiler/bin/../lib/gcc/arm-none-eabi/5.2.1/armv7e-m/fpu\libgcc.a(_arm_cmpdf2.o)
                              src/run.o (__aeabi_dcmplt)
c:/ac6/systemworkbench/plugins/fr.ac6.mcu.externaltools.arm-none.win32_1.7.0.201602121829/tools/compiler/bin/../lib/gcc/arm-none-eabi/5.2.1/armv7e-m/fpu\libgcc.a(_arm_fixunsdfsi.o)
                              src/hardware.o (__aeabi_d2uiz)
c:/ac6/systemworkbench/plugins/fr.ac6.mcu.externaltools.arm-none.win32_1.7.0.201602121829/tools/compiler/bin/../lib/gcc/arm-none-eabi/5.2.1/armv7e-m/fpu\libgcc.a(_arm_truncdfsf2.o)
                              src/hardware.o (__aeabi_d2f)
c:/ac6/systemworkbench/plugins/fr.ac6.mcu.externaltools.arm-none.win32_1.7.0.201602121829/tools/compiler/bin/../lib/gcc/arm-none-eabi/5.2.1/../../../../arm-none-eabi/lib/armv7e-m/fpu\libc.a(lib_a-errno.o)
                              src/syscalls.o (__errno)
c:/ac6/systemworkbench/plugins/fr.ac6.mcu.externaltools.arm-none.win32_1.7.0.201602121829/tools/compiler/bin/../lib/gcc/arm-none-eabi/5.2.1/../../../../arm-none-eabi/lib/armv7e-m/fpu\libc.a(lib_a-exit.o)
                              c:/ac6/systemworkbench/plugins/fr.ac6.mcu.externaltools.arm-none.win32_1.7.0.201602121829/tools/compiler/bin/../lib/gcc/arm-none-eabi/5.2.1/../../../../arm-none-eabi/lib/armv7e-m/fpu/crt0.o (exit)
c:/ac6/systemworkbench/plugins/fr.ac6.mcu.externaltools.arm-none.win32_1.7.0.201602121829/tools/compiler/bin/../lib/gcc/arm-none-eabi/5.2.1/../../../../arm-none-eabi/lib/armv7e-m/fpu\libc.a(lib_a-impure.o)
                              c:/ac6/systemworkbench/plugins/fr.ac6.mcu.externaltools.arm-none.win32_1.7.0.201602121829/tools/compiler/bin/../lib/gcc/arm-none-eabi/5.2.1/../../../../arm-none-eabi/lib/armv7e-m/fpu\libc.a(lib_a-exit.o) (_global_impure_ptr)
c:/ac6/systemworkbench/plugins/fr.ac6.mcu.externaltools.arm-none.win32_1.7.0.201602121829/tools/compiler/bin/../lib/gcc/arm-none-eabi/5.2.1/../../../../arm-none-eabi/lib/armv7e-m/fpu\libc.a(lib_a-init.o)
                              c:/ac6/systemworkbench/plugins/fr.ac6.mcu.externaltools.arm-none.win32_1.7.0.201602121829/tools/compiler/bin/../lib/gcc/arm-none-eabi/5.2.1/../../../../arm-none-eabi/lib/armv7e-m/fpu/crt0.o (__libc_init_array)
c:/ac6/systemworkbench/plugins/fr.ac6.mcu.externaltools.arm-none.win32_1.7.0.201602121829/tools/compiler/bin/../lib/gcc/arm-none-eabi/5.2.1/../../../../arm-none-eabi/lib/armv7e-m/fpu\libc.a(lib_a-memset.o)
                              c:/ac6/systemworkbench/plugins/fr.ac6.mcu.externaltools.arm-none.win32_1.7.0.201602121829/tools/compiler/bin/../lib/gcc/arm-none-eabi/5.2.1/../../../../arm-none-eabi/lib/armv7e-m/fpu/crt0.o (memset)
c:/ac6/systemworkbench/plugins/fr.ac6.mcu.externaltools.arm-none.win32_1.7.0.201602121829/tools/compiler/bin/../lib/gcc/arm-none-eabi/5.2.1/../../../../arm-none-eabi/lib/armv7e-m/fpu\libc.a(lib_a-vsprintf.o)
                              src/serial.o (vsprintf)
c:/ac6/systemworkbench/plugins/fr.ac6.mcu.externaltools.arm-none.win32_1.7.0.201602121829/tools/compiler/bin/../lib/gcc/arm-none-eabi/5.2.1/../../../../arm-none-eabi/lib/armv7e-m/fpu\libc.a(lib_a-__call_atexit.o)
[...]
Memory Configuration

Name             Origin             Length             Attributes
RAM              0x20000000         0x00020000         xrw
ROM              0x08000000         0x00100000         xr
*default*        0x00000000         0xffffffff

Linker script and memory map

LOAD c:/ac6/systemworkbench/plugins/fr.ac6.mcu.externaltools.arm-none.win32_1.7.0.201602121829/tools/compiler/bin/../lib/gcc/arm-none-eabi/5.2.1/armv7e-m/fpu/crti.o
LOAD c:/ac6/systemworkbench/plugins/fr.ac6.mcu.externaltools.arm-none.win32_1.7.0.201602121829/tools/compiler/bin/../lib/gcc/arm-none-eabi/5.2.1/armv7e-m/fpu/crtbegin.o
LOAD c:/ac6/systemworkbench/plugins/fr.ac6.mcu.externaltools.arm-none.win32_1.7.0.201602121829/tools/compiler/bin/../lib/gcc/arm-none-eabi/5.2.1/../../../../arm-none-eabi/lib/armv7e-m/fpu/crt0.o
LOAD src/ad_convert.o
LOAD src/c++_convert_c.o
LOAD src/hardware.o
LOAD src/init .o
LOAD src/main.o
LOAD src/parameter.o
LOAD src/run.o
LOAD src/serial.o
LOAD src/stm32f4xx_it.o
LOAD src/syscalls.o
LOAD src/system_stm32f4xx.o
LOAD src/user.o
LOAD startup/startup_stm32f405xx.o
LOAD C:\Users\Koizumi\workspace\stm32f405rg_stdperiph_lib\Debug\libstm32f405rg_stdperiph_lib.a
LOAD c:/ac6/systemworkbench/plugins/fr.ac6.mcu.externaltools.arm-none.win32_1.7.0.201602121829/tools/compiler/bin/../lib/gcc/arm-none-eabi/5.2.1/../../../../arm-none-eabi/lib/armv7e-m/fpu\libstdc++.a
LOAD c:/ac6/systemworkbench/plugins/fr.ac6.mcu.externaltools.arm-none.win32_1.7.0.201602121829/tools/compiler/bin/../lib/gcc/arm-none-eabi/5.2.1/../../../../arm-none-eabi/lib/armv7e-m/fpu\libm.a
START GROUP
LOAD c:/ac6/systemworkbench/plugins/fr.ac6.mcu.externaltools.arm-none.win32_1.7.0.201602121829/tools/compiler/bin/../lib/gcc/arm-none-eabi/5.2.1/armv7e-m/fpu\libgcc.a
LOAD c:/ac6/systemworkbench/plugins/fr.ac6.mcu.externaltools.arm-none.win32_1.7.0.201602121829/tools/compiler/bin/../lib/gcc/arm-none-eabi/5.2.1/../../../../arm-none-eabi/lib/armv7e-m/fpu\libc.a
END GROUP
LOAD c:/ac6/systemworkbench/plugins/fr.ac6.mcu.externaltools.arm-none.win32_1.7.0.201602121829/tools/compiler/bin/../lib/gcc/arm-none-eabi/5.2.1/armv7e-m/fpu/crtend.o
LOAD c:/ac6/systemworkbench/plugins/fr.ac6.mcu.externaltools.arm-none.win32_1.7.0.201602121829/tools/compiler/bin/../lib/gcc/arm-none-eabi/5.2.1/armv7e-m/fpu/crtn.o
                0x20020000                _estack = 0x20020000
                0x00000200                _Min_Heap_Size = 0x200
                0x00000400                _Min_Stack_Size = 0x400

.isr_vector     0x08000000      0x188
                0x08000000                . = ALIGN (0x4)
 *(.isr_vector)
 .isr_vector    0x08000000      0x188 startup/startup_stm32f405xx.o
                0x08000000                g_pfnVectors
                0x08000188                . = ALIGN (0x4)

.text           0x080001c0     0x8d5c
                0x080001c0                . = ALIGN (0x4)
 *(.text)
 .text          0x080001c0       0xa4 c:/ac6/systemworkbench/plugins/fr.ac6.mcu.externaltools.arm-none.win32_1.7.0.201602121829/tools/compiler/bin/../lib/gcc/arm-none-eabi/5.2.1/armv7e-m/fpu/crtbegin.o
 .text          0x08000264      0x370 c:/ac6/systemworkbench/plugins/fr.ac6.mcu.externaltools.arm-none.win32_1.7.0.201602121829/tools/compiler/bin/../lib/gcc/arm-none-eabi/5.2.1/armv7e-m/fpu\libgcc.a(_arm_addsubdf3.o)
                0x08000264                __aeabi_drsub
                0x0800026c                __aeabi_dsub
                0x0800026c                __subdf3
                0x08000270                __aeabi_dadd
                0x08000270                __adddf3
                0x080004e8                __floatunsidf
                0x080004e8                __aeabi_ui2d
                0x08000508                __floatsidf
                0x08000508                __aeabi_i2d
                0x0800052c                __aeabi_f2d
                0x0800052c                __extendsfdf2
                0x08000568                __floatundidf
                0x08000568                __aeabi_ul2d
                0x08000578                __floatdidf
                0x08000578                __aeabi_l2d
 .text          0x080005d4      0x424 c:/ac6/systemworkbench/plugins/fr.ac6.mcu.externaltools.arm-none.win32_1.7.0.201602121829/tools/compiler/bin/../lib/gcc/arm-none-eabi/5.2.1/armv7e-m/fpu\libgcc.a(_arm_muldivdf3.o)
                0x080005d4                __aeabi_dmul
                0x080005d4                __muldf3
                0x08000828                __divdf3
                0x08000828                __aeabi_ddiv
 .text          0x080009f8      0x110 c:/ac6/systemworkbench/plugins/fr.ac6.mcu.externaltools.arm-none.win32_1.7.0.201602121829/tools/compiler/bin/../lib/gcc/arm-none-eabi/5.2.1/armv7e-m/fpu\libgcc.a(_arm_cmpdf2.o)
                0x080009f8                __gtdf2
                0x080009f8                __gedf2
                0x08000a00                __ltdf2
                0x08000a00                __ledf2
                0x08000a08                __nedf2
                0x08000a08                __eqdf2
                0x08000a08                __cmpdf2
                0x08000a84                __aeabi_cdrcmple
                0x08000a94                __aeabi_cdcmpeq
                0x08000a94                __aeabi_cdcmple
                0x08000aa4                __aeabi_dcmpeq
                0x08000ab8                __aeabi_dcmplt
                0x08000acc                __aeabi_dcmple
                0x08000ae0                __aeabi_dcmpge
                0x08000af4                __aeabi_dcmpgt
 .text          0x08000b08       0x40 c:/ac6/systemworkbench/plugins/fr.ac6.mcu.externaltools.arm-none.win32_1.7.0.201602121829/tools/compiler/bin/../lib/gcc/arm-none-eabi/5.2.1/armv7e-m/fpu\libgcc.a(_arm_fixunsdfsi.o)
                0x08000b08                __aeabi_d2uiz
                0x08000b08                __fixunsdfsi
 .text          0x08000b48       0xa0 c:/ac6/systemworkbench/plugins/fr.ac6.mcu.externaltools.arm-none.win32_1.7.0.201602121829/tools/compiler/bin/../lib/gcc/arm-none-eabi/5.2.1/armv7e-m/fpu\libgcc.a(_arm_truncdfsf2.o)
                0x08000b48                __truncdfsf2
                0x08000b48                __aeabi_d2f
 *fill*         0x08000be8        0x8 
 .text          0x08000bf0       0xa0 c:/ac6/systemworkbench/plugins/fr.ac6.mcu.externaltools.arm-none.win32_1.7.0.201602121829/tools/compiler/bin/../lib/gcc/arm-none-eabi/5.2.1/../../../../arm-none-eabi/lib/armv7e-m/fpu\libc.a(lib_a-memchr.o)
                0x08000bf0                memchr
 .text          0x08000c90      0x134 c:/ac6/systemworkbench/plugins/fr.ac6.mcu.externaltools.arm-none.win32_1.7.0.201602121829/tools/compiler/bin/../lib/gcc/arm-none-eabi/5.2.1/../../../../arm-none-eabi/lib/armv7e-m/fpu\libc.a(lib_a-memcpy.o)
                0x08000c90                memcpy
 *fill*         0x08000dc4       0x3c 
 .text          0x08000e00       0xdc c:/ac6/systemworkbench/plugins/fr.ac6.mcu.externaltools.arm-none.win32_1.7.0.201602121829/tools/compiler/bin/../lib/gcc/arm-none-eabi/5.2.1/../../../../arm-none-eabi/lib/armv7e-m/fpu\libc.a(lib_a-strlen.o)
                0x08000e00                strlen
 .text          0x08000edc       0x50 c:/ac6/systemworkbench/plugins/fr.ac6.mcu.externaltools.arm-none.win32_1.7.0.201602121829/tools/compiler/bin/../lib/gcc/arm-none-eabi/5.2.1/armv7e-m/fpu\libgcc.a(_arm_fixdfsi.o)
                0x08000edc                __aeabi_d2iz
                0x08000edc                __fixdfsi
 .text          0x08000f2c       0x30 c:/ac6/systemworkbench/plugins/fr.ac6.mcu.externaltools.arm-none.win32_1.7.0.201602121829/tools/compiler/bin/../lib/gcc/arm-none-eabi/5.2.1/armv7e-m/fpu\libgcc.a(_aeabi_uldivmod.o)
                0x08000f2c                __aeabi_uldivmod
 .text          0x08000f5c      0x2e4 c:/ac6/systemworkbench/plugins/fr.ac6.mcu.externaltools.arm-none.win32_1.7.0.201602121829/tools/compiler/bin/../lib/gcc/arm-none-eabi/5.2.1/armv7e-m/fpu\libgcc.a(_udivmoddi4.o)
                0x08000f5c                __udivmoddi4
 .text          0x08001240        0x4 c:/ac6/systemworkbench/plugins/fr.ac6.mcu.externaltools.arm-none.win32_1.7.0.201602121829/tools/compiler/bin/../lib/gcc/arm-none-eabi/5.2.1/armv7e-m/fpu\libgcc.a(_dvmd_tls.o)
                0x08001240                __aeabi_idiv0
                0x08001240                __aeabi_ldiv0
 *(.text*)
 .text._Z15ad_convert_battv
                0x08001244       0x4c src/ad_convert.o
                0x08001244                ad_convert_batt()
 .text._Z11get_batteryv
                0x08001290       0x54 src/ad_convert.o
                0x08001290                get_battery()
 .text._ZN6my7seg5lightEh
                0x080012e4      0x330 src/hardware.o
                0x080012e4                my7seg::light(unsigned char)
 .text._ZN6my7seg8turn_offEv
                0x08001614       0x5c src/hardware.o
                0x08001614                my7seg::turn_off()
 .text._ZN6my7seg11light_errorEv
                0x08001670       0x5c src/hardware.o
                0x08001670                my7seg::light_error()
 .text._ZN6my7seg10count_downEht
                0x080016cc       0x44 src/hardware.o
                0x080016cc                my7seg::count_down(unsigned char, unsigned short)
 .text._ZN5motor8set_dutyE10MOTOR_SIDEf
                0x08001710      0x1ac src/hardware.o
                0x08001710                motor::set_duty(MOTOR_SIDE, float)
 .text._ZN5motor11sleep_motorEv
                0x080018bc       0x50 src/hardware.o
                0x080018bc                motor::sleep_motor()
 .text._ZN5motor12stanby_motorEv
                0x0800190c       0x38 src/hardware.o
                0x0800190c                motor::stanby_motor()
 .text._ZN5motor8isEnableEv
                0x08001944       0x18 src/hardware.o
                0x08001944                motor::isEnable()
 .text._ZN7mpu60008read_spiEt
                0x0800195c      0x120 src/hardware.o
                0x0800195c                mpu6000::read_spi(unsigned short)
 .text._ZN7mpu60009write_spiEtt
                0x08001a7c      0x110 src/hardware.o
                0x08001a7c                mpu6000::write_spi(unsigned short, unsigned short)
 .text._ZN7mpu600013get_mpu_valueE8SEN_TYPE6AXIS_t
                0x08001b8c       0xb8 src/hardware.o
                0x08001b8c                mpu6000::get_mpu_value(SEN_TYPE, AXIS_t)
 .text._ZN7mpu600012init_mpu6000Ev
                0x08001c44       0x40 src/hardware.o
                0x08001c44                mpu6000::init_mpu6000()
 .text._ZN4gyro14interrupt_gyroEv
                0x08001c84       0x24 src/hardware.o
                0x08001c84                gyro::interrupt_gyro()
 .text._ZN4gyro8get_gyroEv
                0x08001ca8       0x18 src/hardware.o
                0x08001ca8                gyro::get_gyro()
 .text._ZN4gyro12get_gyro_refEv
                0x08001cc0       0x64 src/hardware.o
                0x08001cc0                gyro::get_gyro_ref()
 .text._ZN4gyro12set_gyro_refEv
                0x08001d24       0x1c src/hardware.o
                0x08001d24                gyro::set_gyro_ref()
 .text._ZN4gyro11reset_angleEv
                0x08001d40       0x28 src/hardware.o
                0x08001d40                gyro::reset_angle()
 .text._ZN4gyro9cal_angleEv
                0x08001d68       0x38 src/hardware.o
                0x08001d68                gyro::cal_angle()
 .text._ZN4gyro9get_angleEv
                0x08001da0       0x1c src/hardware.o
                0x08001da0                gyro::get_angle()
 *fill*         0x08001dbc        0x4 
 .text._ZN4gyro20cal_angular_velocityEv
                0x08001dc0       0x6c src/hardware.o
                0x08001dc0                gyro::cal_angular_velocity()
 .text._ZN4gyro20get_angular_velocityEv
                0x08001e2c       0x1c src/hardware.o
                0x08001e2c                gyro::get_angular_velocity()
 .text._ZN7encoder17interrupt_encoderEv
                0x08001e48      0x1f4 src/hardware.o
                0x08001e48                encoder::interrupt_encoder()
 .text._ZN7encoder12get_velocityEv
                0x0800203c       0x1c src/hardware.o
                0x0800203c                encoder::get_velocity()
 .text._ZN5photo10switch_ledE10PHOTO_TYPEb
                0x08002058       0x8c src/hardware.o
                0x08002058                photo::switch_led(PHOTO_TYPE, bool)
 .text._ZN5photo6get_adE10PHOTO_TYPE
                0x080020e4       0xac src/hardware.o
                0x080020e4                photo::get_ad(PHOTO_TYPE)
 .text._ZN5photo5lightE10PHOTO_TYPE
                0x08002190       0x1c src/hardware.o
                0x08002190                photo::light(PHOTO_TYPE)
 .text._ZN5photo8turn_offE10PHOTO_TYPE
                0x080021ac       0x1c src/hardware.o
                0x080021ac                photo::turn_off(PHOTO_TYPE)
 .text._ZN5photo12turn_off_allEv
                0x080021c8       0x20 src/hardware.o
                0x080021c8                photo::turn_off_all()
 .text._ZN5photo6set_adE10PHOTO_TYPEs
                0x080021e8       0x84 src/hardware.o
                0x080021e8                photo::set_ad(PHOTO_TYPE, short)
 .text._ZN5photo9interruptEb
                0x0800226c      0x1ec src/hardware.o
                0x0800226c                photo::interrupt(bool)
 .text._ZN5photo7get_refE10PHOTO_TYPE
                0x08002458       0x78 src/hardware.o
                0x08002458                photo::get_ref(PHOTO_TYPE)
 .text._ZN5photo7set_refE10PHOTO_TYPEs
                0x080024d0       0x84 src/hardware.o
                0x080024d0                photo::set_ref(PHOTO_TYPE, short)
 .text._ZN5photo9get_valueE10PHOTO_TYPE
                0x08002554       0x78 src/hardware.o
                0x08002554                photo::get_value(PHOTO_TYPE)
 .text._ZN5photo10check_wallEh
                0x080025cc       0xa8 src/hardware.o
                0x080025cc                photo::check_wall(unsigned char)
 .text._ZN7control16cross_delta_gainE8SEN_TYPE
                0x08002674       0xe0 src/hardware.o
                0x08002674                control::cross_delta_gain(SEN_TYPE)
 *fill*         0x08002754        0x4 
 .text._ZN7control9cal_deltaEv
                0x08002758      0x21c src/hardware.o
                0x08002758                control::cal_delta()
 .text._ZN7control16control_velocityEv
                0x08002974       0x14 src/hardware.o
                0x08002974                control::control_velocity()
 .text._ZN7control24control_angular_velocityEv
                0x08002988       0x44 src/hardware.o
                0x08002988                control::control_angular_velocity()
 .text._ZN7control18start_wall_controlEv
                0x080029cc       0x18 src/hardware.o
                0x080029cc                control::start_wall_control()
 .text._ZN7control17stop_wall_controlEv
                0x080029e4       0x18 src/hardware.o
                0x080029e4                control::stop_wall_control()
 .text._ZN7control13start_controlEv
                0x080029fc       0x18 src/hardware.o
                0x080029fc                control::start_control()
 .text._ZN7control12get_feedbackEa
                0x08002a14       0x50 src/hardware.o
                0x08002a14                control::get_feedback(signed char)
 *fill*         0x08002a64        0x4 
 .text._ZN7control15get_feedforwardEa
                0x08002a68      0x164 src/hardware.o
                0x08002a68                control::get_feedforward(signed char)
 .text._ZN7control15posture_controlEv
                0x08002bcc       0xa0 src/hardware.o
                0x08002bcc                control::posture_control()
 .text._ZN7control17get_control_phaseEv
                0x08002c6c       0x18 src/hardware.o
                0x08002c6c                control::get_control_phase()
 .text._ZN7control11reset_deltaEv
                0x08002c84       0x64 src/hardware.o
                0x08002c84                control::reset_delta()
 .text.NVIC_SetPriority
                0x08002ce8       0x54 src/init .o
 .text.SysTick_Config
                0x08002d3c       0x44 src/init .o
 .text.init_all
                0x08002d80       0x24 src/init .o
                0x08002d80                init_all
 .text.init_system
                0x08002da4       0x30 src/init .o
                0x08002da4                init_system
 .text.init_gpio
                0x08002dd4      0x190 src/init .o
                0x08002dd4                init_gpio
 .text.init_adc
                0x08002f64       0xd0 src/init .o
                0x08002f64                init_adc
 .text.init_usart
                0x08003034       0x8c src/init .o
                0x08003034                init_usart
 .text.init_spi
                0x080030c0       0xd0 src/init .o
                0x080030c0                init_spi
 .text.init_pwm
                0x08003190      0x19c src/init .o
                0x08003190                init_pwm
 .text.init_enc
                0x0800332c      0x120 src/init .o
                0x0800332c                init_enc
 .text.main     0x0800344c      0x1ac src/main.o
                0x0800344c                main
 .text.interrupt_timer
                0x080035f8       0xc8 src/main.o
                0x080035f8                interrupt_timer
 .text._ZN9parameter15get_ideal_photoE10PHOTO_TYPE
                0x080036c0       0x50 src/parameter.o
                0x080036c0                parameter::get_ideal_photo(PHOTO_TYPE)
 .text._ZN9parameter18get_min_wall_photoE10PHOTO_TYPE
                0x08003710       0x4c src/parameter.o
                0x08003710                parameter::get_min_wall_photo(PHOTO_TYPE)
 .text._ZN5mouse11reset_countEv
                0x0800375c       0x18 src/run.o
                0x0800375c                mouse::reset_count()
 .text._ZN5mouse16add_one_count_msEv
                0x08003774       0x1c src/run.o
                0x08003774                mouse::add_one_count_ms()
 .text._ZN5mouse16set_accelerationEf
                0x08003790       0x20 src/run.o
                0x08003790                mouse::set_acceleration(float)
 .text._ZN5mouse16get_accelerationEv
                0x080037b0       0x1c src/run.o
                0x080037b0                mouse::get_acceleration()
 .text._ZN5mouse24set_angular_accelerationEf
                0x080037cc       0x20 src/run.o
                0x080037cc                mouse::set_angular_acceleration(float)
 .text._ZN5mouse24get_angular_accelerationEv
                0x080037ec       0x1c src/run.o
                0x080037ec                mouse::get_angular_acceleration()
 .text._ZN5mouse18set_ideal_velocityEf
                0x08003808       0x20 src/run.o
                0x08003808                mouse::set_ideal_velocity(float)
 .text._ZN5mouse18get_ideal_velocityEv
                0x08003828       0x1c src/run.o
                0x08003828                mouse::get_ideal_velocity()
 .text._ZN5mouse26set_ideal_angular_velocityEf
                0x08003844       0x20 src/run.o
                0x08003844                mouse::set_ideal_angular_velocity(float)
 .text._ZN5mouse26get_ideal_angular_velocityEv
                0x08003864       0x1c src/run.o
                0x08003864                mouse::get_ideal_angular_velocity()
 .text._ZN5mouse11reset_angleEv
                0x08003880       0x10 src/run.o
                0x08003880                mouse::reset_angle()
 .text._ZN5mouse16get_angle_degreeEv
                0x08003890       0x20 src/run.o
                0x08003890                mouse::get_angle_degree()
 .text._ZN5mouse14set_distance_mEf
                0x080038b0       0x20 src/run.o
                0x080038b0                mouse::set_distance_m(float)
 .text._ZN5mouse12cal_velocityEv
                0x080038d0       0xa8 src/run.o
                0x080038d0                mouse::cal_velocity()
 .text._ZN5mouse12cal_distanceEv
                0x08003978       0xa0 src/run.o
                0x08003978                mouse::cal_distance()
 .text._ZN5mouse9interruptEv
                0x08003a18       0x64 src/run.o
                0x08003a18                mouse::interrupt()
 *fill*         0x08003a7c        0x4 
 .text._ZN3run9spin_turnEf
                0x08003a80      0x268 src/run.o
                0x08003a80                run::spin_turn(float)
 .text.put1byte
                0x08003ce8       0x34 src/serial.o
                0x08003ce8                put1byte
 .text.putnbyte
                0x08003d1c       0x38 src/serial.o
                0x08003d1c                putnbyte
 .text.myprintf
                0x08003d54       0x3c src/serial.o
                0x08003d54                myprintf
 .text.NMI_Handler
                0x08003d90       0x10 src/stm32f4xx_it.o
                0x08003d90                NMI_Handler
 .text.HardFault_Handler
                0x08003da0        0x8 src/stm32f4xx_it.o
                0x08003da0                HardFault_Handler
 .text.MemManage_Handler
                0x08003da8        0x8 src/stm32f4xx_it.o
                0x08003da8                MemManage_Handler
 .text.BusFault_Handler
                0x08003db0        0x8 src/stm32f4xx_it.o
                0x08003db0                BusFault_Handler
 .text.UsageFault_Handler
                0x08003db8        0x8 src/stm32f4xx_it.o
                0x08003db8                UsageFault_Handler
 .text.SVC_Handler
                0x08003dc0       0x10 src/stm32f4xx_it.o
                0x08003dc0                SVC_Handler
 .text.DebugMon_Handler
                0x08003dd0       0x10 src/stm32f4xx_it.o
                0x08003dd0                DebugMon_Handler
 .text.PendSV_Handler
                0x08003de0       0x10 src/stm32f4xx_it.o
                0x08003de0                PendSV_Handler
 .text.SysTick_Handler
                0x08003df0        0xc src/stm32f4xx_it.o
                0x08003df0                SysTick_Handler
 .text._sbrk    0x08003dfc       0x58 src/syscalls.o
                0x08003dfc                _sbrk
 .text.SystemInit
                0x08003e54       0x6c src/system_stm32f4xx.o
                0x08003e54                SystemInit
 .text.SetSysClock
                0x08003ec0       0xa4 src/system_stm32f4xx.o
 *fill*         0x08003f64        0x4 
 .text._Z6degreef
                0x08003f68       0x54 src/user.o
                0x08003f68                degree(float)
 *fill*         0x08003fbc        0x4 
 .text._Z6radianf
                0x08003fc0       0x54 src/user.o
                0x08003fc0                radian(float)
 .text._ZN4wait9set_countEm
                0x08004014       0x20 src/user.o
                0x08004014                wait::set_count(unsigned long)
 .text._ZN4wait11reset_countEv
                0x08004034       0x18 src/user.o
                0x08004034                wait::reset_count()
 .text._ZN4wait9get_countEv
                0x0800404c       0x18 src/user.o
                0x0800404c                wait::get_count()
 .text._ZN4wait2msEm
                0x08004064       0x80 src/user.o
                0x08004064                wait::ms(unsigned long)
 .text.Reset_Handler
                0x080040e4       0x50 startup/startup_stm32f405xx.o
                0x080040e4                Reset_Handler
 .text.Default_Handler
                0x08004134        0x2 startup/startup_stm32f405xx.o
                0x08004134                RTC_Alarm_IRQHandler
                0x08004134                HASH_RNG_IRQHandler
                0x08004134                EXTI2_IRQHandler
                0x08004134                TIM8_CC_IRQHandler
                0x08004134                TIM1_CC_IRQHandler
                0x08004134                DMA2_Stream5_IRQHandler
                0x08004134                DMA1_Stream5_IRQHandler
                0x08004134                PVD_IRQHandler
                0x08004134                SDIO_IRQHandler
                0x08004134                TAMP_STAMP_IRQHandler
                0x08004134                CAN2_RX1_IRQHandler
                0x08004134                EXTI3_IRQHandler
                0x08004134                TIM8_TRG_COM_TIM14_IRQHandler
                0x08004134                TIM1_UP_TIM10_IRQHandler
                0x08004134                TIM8_UP_TIM13_IRQHandler
                0x08004134                I2C3_ER_IRQHandler
                0x08004134                EXTI0_IRQHandler
                0x08004134                I2C2_EV_IRQHandler
                0x08004134                DMA1_Stream2_IRQHandler
                0x08004134                CAN1_RX0_IRQHandler
                0x08004134                FPU_IRQHandler
                0x08004134                OTG_HS_WKUP_IRQHandler
                0x08004134                CAN2_SCE_IRQHandler
                0x08004134                DMA2_Stream2_IRQHandler
                0x08004134                SPI1_IRQHandler
                0x08004134                TIM6_DAC_IRQHandler
                0x08004134                TIM1_BRK_TIM9_IRQHandler
                0x08004134                CAN2_RX0_IRQHandler
                0x08004134                DMA2_Stream3_IRQHandler
                0x08004134                USART6_IRQHandler
                0x08004134                USART3_IRQHandler
                0x08004134                CAN1_RX1_IRQHandler
                0x08004134                UART5_IRQHandler
                0x08004134                DMA2_Stream0_IRQHandler
                0x08004134                TIM4_IRQHandler
                0x08004134                I2C1_EV_IRQHandler
                0x08004134                DMA1_Stream6_IRQHandler
                0x08004134                DMA1_Stream1_IRQHandler
                0x08004134                UART4_IRQHandler
                0x08004134                TIM3_IRQHandler
                0x08004134                RCC_IRQHandler
                0x08004134                TIM8_BRK_TIM12_IRQHandler
                0x08004134                Default_Handler
                0x08004134                EXTI15_10_IRQHandler
                0x08004134                ADC_IRQHandler
                0x08004134                DMA1_Stream7_IRQHandler
                0x08004134                TIM7_IRQHandler
                0x08004134                CAN2_TX_IRQHandler
                0x08004134                TIM5_IRQHandler
                0x08004134                DMA2_Stream7_IRQHandler
                0x08004134                I2C3_EV_IRQHandler
                0x08004134                EXTI9_5_IRQHandler
                0x08004134                RTC_WKUP_IRQHandler
                0x08004134                SPI2_IRQHandler
                0x08004134                OTG_HS_EP1_IN_IRQHandler
                0x08004134                DMA1_Stream0_IRQHandler
                0x08004134                CAN1_TX_IRQHandler
                0x08004134                EXTI4_IRQHandler
                0x08004134                FSMC_IRQHandler
                0x08004134                OTG_HS_EP1_OUT_IRQHandler
                0x08004134                WWDG_IRQHandler
                0x08004134                TIM2_IRQHandler
                0x08004134                OTG_FS_WKUP_IRQHandler
                0x08004134                TIM1_TRG_COM_TIM11_IRQHandler
                0x08004134                OTG_HS_IRQHandler
                0x08004134                EXTI1_IRQHandler
                0x08004134                USART2_IRQHandler
                0x08004134                I2C2_ER_IRQHandler
                0x08004134                DMA2_Stream1_IRQHandler
                0x08004134                CAN1_SCE_IRQHandler
                0x08004134                FLASH_IRQHandler
                0x08004134                DMA2_Stream4_IRQHandler
                0x08004134                USART1_IRQHandler
                0x08004134                OTG_FS_IRQHandler
                0x08004134                SPI3_IRQHandler
                0x08004134                DMA1_Stream4_IRQHandler
                0x08004134                I2C1_ER_IRQHandler
                0x08004134                DMA2_Stream6_IRQHandler
                0x08004134                DMA1_Stream3_IRQHandler
 *fill*         0x08004136        0x2 
 .text.ADC_DeInit
                0x08004138       0x1c C:\Users\Koizumi\workspace\stm32f405rg_stdperiph_lib\Debug\libstm32f405rg_stdperiph_lib.a(stm32f4xx_adc.o)
                0x08004138                ADC_DeInit
 .text.ADC_Init
                0x08004154       0xac C:\Users\Koizumi\workspace\stm32f405rg_stdperiph_lib\Debug\libstm32f405rg_stdperiph_lib.a(stm32f4xx_adc.o)
                0x08004154                ADC_Init
 .text.ADC_CommonInit
                0x08004200       0x50 C:\Users\Koizumi\workspace\stm32f405rg_stdperiph_lib\Debug\libstm32f405rg_stdperiph_lib.a(stm32f4xx_adc.o)
                0x08004200                ADC_CommonInit
 .text.ADC_Cmd  0x08004250       0x38 C:\Users\Koizumi\workspace\stm32f405rg_stdperiph_lib\Debug\libstm32f405rg_stdperiph_lib.a(stm32f4xx_adc.o)
                0x08004250                ADC_Cmd
 .text.ADC_RegularChannelConfig
                0x08004288      0x194 C:\Users\Koizumi\workspace\stm32f405rg_stdperiph_lib\Debug\libstm32f405rg_stdperiph_lib.a(stm32f4xx_adc.o)
                0x08004288                ADC_RegularChannelConfig
 .text.ADC_SoftwareStartConv
                0x0800441c       0x20 C:\Users\Koizumi\workspace\stm32f405rg_stdperiph_lib\Debug\libstm32f405rg_stdperiph_lib.a(stm32f4xx_adc.o)
                0x0800441c                ADC_SoftwareStartConv
 .text.ADC_GetConversionValue
                0x0800443c       0x1c C:\Users\Koizumi\workspace\stm32f405rg_stdperiph_lib\Debug\libstm32f405rg_stdperiph_lib.a(stm32f4xx_adc.o)
                0x0800443c                ADC_GetConversionValue
 .text.ADC_DMACmd
                0x08004458       0x38 C:\Users\Koizumi\workspace\stm32f405rg_stdperiph_lib\Debug\libstm32f405rg_stdperiph_lib.a(stm32f4xx_adc.o)
                0x08004458                ADC_DMACmd
 .text.ADC_GetFlagStatus
                0x08004490       0x34 C:\Users\Koizumi\workspace\stm32f405rg_stdperiph_lib\Debug\libstm32f405rg_stdperiph_lib.a(stm32f4xx_adc.o)
                0x08004490                ADC_GetFlagStatus
 .text.ADC_ClearFlag
                0x080044c4       0x20 C:\Users\Koizumi\workspace\stm32f405rg_stdperiph_lib\Debug\libstm32f405rg_stdperiph_lib.a(stm32f4xx_adc.o)
                0x080044c4                ADC_ClearFlag
 .text.GPIO_Init
                0x080044e4      0x11c C:\Users\Koizumi\workspace\stm32f405rg_stdperiph_lib\Debug\libstm32f405rg_stdperiph_lib.a(stm32f4xx_gpio.o)
                0x080044e4                GPIO_Init
 .text.GPIO_StructInit
                0x08004600       0x34 C:\Users\Koizumi\workspace\stm32f405rg_stdperiph_lib\Debug\libstm32f405rg_stdperiph_lib.a(stm32f4xx_gpio.o)
                0x08004600                GPIO_StructInit
 .text.GPIO_ReadInputDataBit
                0x08004634       0x34 C:\Users\Koizumi\workspace\stm32f405rg_stdperiph_lib\Debug\libstm32f405rg_stdperiph_lib.a(stm32f4xx_gpio.o)
                0x08004634                GPIO_ReadInputDataBit
 .text.GPIO_SetBits
                0x08004668       0x20 C:\Users\Koizumi\workspace\stm32f405rg_stdperiph_lib\Debug\libstm32f405rg_stdperiph_lib.a(stm32f4xx_gpio.o)
                0x08004668                GPIO_SetBits
 .text.GPIO_ResetBits
                0x08004688       0x20 C:\Users\Koizumi\workspace\stm32f405rg_stdperiph_lib\Debug\libstm32f405rg_stdperiph_lib.a(stm32f4xx_gpio.o)
                0x08004688                GPIO_ResetBits
 .text.GPIO_PinAFConfig
                0x080046a8       0x94 C:\Users\Koizumi\workspace\stm32f405rg_stdperiph_lib\Debug\libstm32f405rg_stdperiph_lib.a(stm32f4xx_gpio.o)
                0x080046a8                GPIO_PinAFConfig
 .text.RCC_GetClocksFreq
                0x0800473c      0x154 C:\Users\Koizumi\workspace\stm32f405rg_stdperiph_lib\Debug\libstm32f405rg_stdperiph_lib.a(stm32f4xx_rcc.o)
                0x0800473c                RCC_GetClocksFreq
 .text.RCC_AHB1PeriphClockCmd
                0x08004890       0x40 C:\Users\Koizumi\workspace\stm32f405rg_stdperiph_lib\Debug\libstm32f405rg_stdperiph_lib.a(stm32f4xx_rcc.o)
                0x08004890                RCC_AHB1PeriphClockCmd
 .text.RCC_APB1PeriphClockCmd
                0x080048d0       0x40 C:\Users\Koizumi\workspace\stm32f405rg_stdperiph_lib\Debug\libstm32f405rg_stdperiph_lib.a(stm32f4xx_rcc.o)
                0x080048d0                RCC_APB1PeriphClockCmd
 .text.RCC_APB2PeriphClockCmd
                0x08004910       0x40 C:\Users\Koizumi\workspace\stm32f405rg_stdperiph_lib\Debug\libstm32f405rg_stdperiph_lib.a(stm32f4xx_rcc.o)
                0x08004910                RCC_APB2PeriphClockCmd
 .text.RCC_APB2PeriphResetCmd
                0x08004950       0x40 C:\Users\Koizumi\workspace\stm32f405rg_stdperiph_lib\Debug\libstm32f405rg_stdperiph_lib.a(stm32f4xx_rcc.o)
                0x08004950                RCC_APB2PeriphResetCmd
 .text.SPI_Init
                0x08004990       0x88 C:\Users\Koizumi\workspace\stm32f405rg_stdperiph_lib\Debug\libstm32f405rg_stdperiph_lib.a(stm32f4xx_spi.o)
                0x08004990                SPI_Init
 .text.SPI_Cmd  0x08004a18       0x40 C:\Users\Koizumi\workspace\stm32f405rg_stdperiph_lib\Debug\libstm32f405rg_stdperiph_lib.a(stm32f4xx_spi.o)
                0x08004a18                SPI_Cmd
 .text.SPI_I2S_ReceiveData
                0x08004a58       0x1c C:\Users\Koizumi\workspace\stm32f405rg_stdperiph_lib\Debug\libstm32f405rg_stdperiph_lib.a(stm32f4xx_spi.o)
                0x08004a58                SPI_I2S_ReceiveData
 .text.SPI_I2S_SendData
                0x08004a74       0x20 C:\Users\Koizumi\workspace\stm32f405rg_stdperiph_lib\Debug\libstm32f405rg_stdperiph_lib.a(stm32f4xx_spi.o)
                0x08004a74                SPI_I2S_SendData
 .text.SPI_I2S_GetFlagStatus
                0x08004a94       0x38 C:\Users\Koizumi\workspace\stm32f405rg_stdperiph_lib\Debug\libstm32f405rg_stdperiph_lib.a(stm32f4xx_spi.o)
                0x08004a94                SPI_I2S_GetFlagStatus
 .text.TIM_TimeBaseInit
                0x08004acc       0xd8 C:\Users\Koizumi\workspace\stm32f405rg_stdperiph_lib\Debug\libstm32f405rg_stdperiph_lib.a(stm32f4xx_tim.o)
                0x08004acc                TIM_TimeBaseInit
 .text.TIM_SetAutoreload
                0x08004ba4       0x1c C:\Users\Koizumi\workspace\stm32f405rg_stdperiph_lib\Debug\libstm32f405rg_stdperiph_lib.a(stm32f4xx_tim.o)
                0x08004ba4                TIM_SetAutoreload
 .text.TIM_ARRPreloadConfig
                0x08004bc0       0x40 C:\Users\Koizumi\workspace\stm32f405rg_stdperiph_lib\Debug\libstm32f405rg_stdperiph_lib.a(stm32f4xx_tim.o)
                0x08004bc0                TIM_ARRPreloadConfig
 .text.TIM_Cmd  0x08004c00       0x40 C:\Users\Koizumi\workspace\stm32f405rg_stdperiph_lib\Debug\libstm32f405rg_stdperiph_lib.a(stm32f4xx_tim.o)
                0x08004c00                TIM_Cmd
 .text.TIM_OC1Init
                0x08004c40       0xf4 C:\Users\Koizumi\workspace\stm32f405rg_stdperiph_lib\Debug\libstm32f405rg_stdperiph_lib.a(stm32f4xx_tim.o)
                0x08004c40                TIM_OC1Init
 .text.TIM_OC2Init
                0x08004d34      0x110 C:\Users\Koizumi\workspace\stm32f405rg_stdperiph_lib\Debug\libstm32f405rg_stdperiph_lib.a(stm32f4xx_tim.o)
                0x08004d34                TIM_OC2Init
 .text.TIM_OC1PreloadConfig
                0x08004e44       0x38 C:\Users\Koizumi\workspace\stm32f405rg_stdperiph_lib\Debug\libstm32f405rg_stdperiph_lib.a(stm32f4xx_tim.o)
                0x08004e44                TIM_OC1PreloadConfig
 .text.TIM_OC2PreloadConfig
                0x08004e7c       0x3c C:\Users\Koizumi\workspace\stm32f405rg_stdperiph_lib\Debug\libstm32f405rg_stdperiph_lib.a(stm32f4xx_tim.o)
                0x08004e7c                TIM_OC2PreloadConfig
 .text.TIM_CtrlPWMOutputs
                0x08004eb8       0x4c C:\Users\Koizumi\workspace\stm32f405rg_stdperiph_lib\Debug\libstm32f405rg_stdperiph_lib.a(stm32f4xx_tim.o)
                0x08004eb8                TIM_CtrlPWMOutputs
 .text.TIM_EncoderInterfaceConfig
                0x08004f04       0x98 C:\Users\Koizumi\workspace\stm32f405rg_stdperiph_lib\Debug\libstm32f405rg_stdperiph_lib.a(stm32f4xx_tim.o)
                0x08004f04                TIM_EncoderInterfaceConfig
 .text.USART_Init
                0x08004f9c      0x178 C:\Users\Koizumi\workspace\stm32f405rg_stdperiph_lib\Debug\libstm32f405rg_stdperiph_lib.a(stm32f4xx_usart.o)
                0x08004f9c                USART_Init
 .text.USART_Cmd
                0x08005114       0x40 C:\Users\Koizumi\workspace\stm32f405rg_stdperiph_lib\Debug\libstm32f405rg_stdperiph_lib.a(stm32f4xx_usart.o)
                0x08005114                USART_Cmd
 .text.USART_SendData
                0x08005154       0x24 C:\Users\Koizumi\workspace\stm32f405rg_stdperiph_lib\Debug\libstm32f405rg_stdperiph_lib.a(stm32f4xx_usart.o)
                0x08005154                USART_SendData
 .text.USART_ITConfig
                0x08005178       0x90 C:\Users\Koizumi\workspace\stm32f405rg_stdperiph_lib\Debug\libstm32f405rg_stdperiph_lib.a(stm32f4xx_usart.o)
                0x08005178                USART_ITConfig
 .text.USART_GetFlagStatus
                0x08005208       0x38 C:\Users\Koizumi\workspace\stm32f405rg_stdperiph_lib\Debug\libstm32f405rg_stdperiph_lib.a(stm32f4xx_usart.o)
                0x08005208                USART_GetFlagStatus
 .text.__errno  0x08005240        0xc c:/ac6/systemworkbench/plugins/fr.ac6.mcu.externaltools.arm-none.win32_1.7.0.201602121829/tools/compiler/bin/../lib/gcc/arm-none-eabi/5.2.1/../../../../arm-none-eabi/lib/armv7e-m/fpu\libc.a(lib_a-errno.o)
                0x08005240                __errno
 .text.__libc_init_array
                0x0800524c       0x50 c:/ac6/systemworkbench/plugins/fr.ac6.mcu.externaltools.arm-none.win32_1.7.0.201602121829/tools/compiler/bin/../lib/gcc/arm-none-eabi/5.2.1/../../../../arm-none-eabi/lib/armv7e-m/fpu\libc.a(lib_a-init.o)
                0x0800524c                __libc_init_array
 .text.memset   0x0800529c       0x9c c:/ac6/systemworkbench/plugins/fr.ac6.mcu.externaltools.arm-none.win32_1.7.0.201602121829/tools/compiler/bin/../lib/gcc/arm-none-eabi/5.2.1/../../../../arm-none-eabi/lib/armv7e-m/fpu\libc.a(lib_a-memset.o)
                0x0800529c                memset
 .text._vsprintf_r
                0x08005338       0x34 c:/ac6/systemworkbench/plugins/fr.ac6.mcu.externaltools.arm-none.win32_1.7.0.201602121829/tools/compiler/bin/../lib/gcc/arm-none-eabi/5.2.1/../../../../arm-none-eabi/lib/armv7e-m/fpu\libc.a(lib_a-vsprintf.o)
                0x08005338                _vsprintf_r
 .text.vsprintf
                0x0800536c       0x18 c:/ac6/systemworkbench/plugins/fr.ac6.mcu.externaltools.arm-none.win32_1.7.0.201602121829/tools/compiler/bin/../lib/gcc/arm-none-eabi/5.2.1/../../../../arm-none-eabi/lib/armv7e-m/fpu\libc.a(lib_a-vsprintf.o)
                0x0800536c                vsprintf
 .text.startup.register_fini
                0x08005384       0x14 c:/ac6/systemworkbench/plugins/fr.ac6.mcu.externaltools.arm-none.win32_1.7.0.201602121829/tools/compiler/bin/../lib/gcc/arm-none-eabi/5.2.1/../../../../arm-none-eabi/lib/armv7e-m/fpu\libc.a(lib_a-__call_atexit.o)
 .text.atexit   0x08005398        0xc c:/ac6/systemworkbench/plugins/fr.ac6.mcu.externaltools.arm-none.win32_1.7.0.201602121829/tools/compiler/bin/../lib/gcc/arm-none-eabi/5.2.1/../../../../arm-none-eabi/lib/armv7e-m/fpu\libc.a(lib_a-atexit.o)
                0x08005398                atexit
 .text.__libc_fini_array
                0x080053a4       0x28 c:/ac6/systemworkbench/plugins/fr.ac6.mcu.externaltools.arm-none.win32_1.7.0.201602121829/tools/compiler/bin/../lib/gcc/arm-none-eabi/5.2.1/../../../../arm-none-eabi/lib/armv7e-m/fpu\libc.a(lib_a-fini.o)
                0x080053a4                __libc_fini_array
 *fill*         0x080053cc        0x4 
 .text._svfprintf_r
                0x080053d0     0x169c c:/ac6/systemworkbench/plugins/fr.ac6.mcu.externaltools.arm-none.win32_1.7.0.201602121829/tools/compiler/bin/../lib/gcc/arm-none-eabi/5.2.1/../../../../arm-none-eabi/lib/armv7e-m/fpu\libc.a(lib_a-svfprintf.o)
                0x080053d0                _svfprintf_r
 .text.__register_exitproc
                0x08006a6c       0xa4 c:/ac6/systemworkbench/plugins/fr.ac6.mcu.externaltools.arm-none.win32_1.7.0.201602121829/tools/compiler/bin/../lib/gcc/arm-none-eabi/5.2.1/../../../../arm-none-eabi/lib/armv7e-m/fpu\libc.a(lib_a-__atexit.o)
                0x08006a6c                __register_exitproc
 .text.quorem   0x08006b10      0x128 c:/ac6/systemworkbench/plugins/fr.ac6.mcu.externaltools.arm-none.win32_1.7.0.201602121829/tools/compiler/bin/../lib/gcc/arm-none-eabi/5.2.1/../../../../arm-none-eabi/lib/armv7e-m/fpu\libc.a(lib_a-dtoa.o)
 .text._dtoa_r  0x08006c38      0xe34 c:/ac6/systemworkbench/plugins/fr.ac6.mcu.externaltools.arm-none.win32_1.7.0.201602121829/tools/compiler/bin/../lib/gcc/arm-none-eabi/5.2.1/../../../../arm-none-eabi/lib/armv7e-m/fpu\libc.a(lib_a-dtoa.o)
                0x08006c38                _dtoa_r
 .text._localeconv_r
                0x08007a6c        0x8 c:/ac6/systemworkbench/plugins/fr.ac6.mcu.externaltools.arm-none.win32_1.7.0.201602121829/tools/compiler/bin/../lib/gcc/arm-none-eabi/5.2.1/../../../../arm-none-eabi/lib/armv7e-m/fpu\libc.a(lib_a-locale.o)
                0x08007a6c                _localeconv_r
 .text._malloc_r
                0x08007a74      0x570 c:/ac6/systemworkbench/plugins/fr.ac6.mcu.externaltools.arm-none.win32_1.7.0.201602121829/tools/compiler/bin/../lib/gcc/arm-none-eabi/5.2.1/../../../../arm-none-eabi/lib/armv7e-m/fpu\libc.a(lib_a-mallocr.o)
                0x08007a74                _malloc_r
 .text.__malloc_lock
                0x08007fe4        0x4 c:/ac6/systemworkbench/plugins/fr.ac6.mcu.externaltools.arm-none.win32_1.7.0.201602121829/tools/compiler/bin/../lib/gcc/arm-none-eabi/5.2.1/../../../../arm-none-eabi/lib/armv7e-m/fpu\libc.a(lib_a-mlock.o)
                0x08007fe4                __malloc_lock
 .text.__malloc_unlock
                0x08007fe8        0x4 c:/ac6/systemworkbench/plugins/fr.ac6.mcu.externaltools.arm-none.win32_1.7.0.201602121829/tools/compiler/bin/../lib/gcc/arm-none-eabi/5.2.1/../../../../arm-none-eabi/lib/armv7e-m/fpu\libc.a(lib_a-mlock.o)
                0x08007fe8                __malloc_unlock
 .text._Balloc  0x08007fec       0x4c c:/ac6/systemworkbench/plugins/fr.ac6.mcu.externaltools.arm-none.win32_1.7.0.201602121829/tools/compiler/bin/../lib/gcc/arm-none-eabi/5.2.1/../../../../arm-none-eabi/lib/armv7e-m/fpu\libc.a(lib_a-mprec.o)
                0x08007fec                _Balloc
 .text._Bfree   0x08008038       0x14 c:/ac6/systemworkbench/plugins/fr.ac6.mcu.externaltools.arm-none.win32_1.7.0.201602121829/tools/compiler/bin/../lib/gcc/arm-none-eabi/5.2.1/../../../../arm-none-eabi/lib/armv7e-m/fpu\libc.a(lib_a-mprec.o)
                0x08008038                _Bfree
 .text.__multadd
                0x0800804c       0x80 c:/ac6/systemworkbench/plugins/fr.ac6.mcu.externaltools.arm-none.win32_1.7.0.201602121829/tools/compiler/bin/../lib/gcc/arm-none-eabi/5.2.1/../../../../arm-none-eabi/lib/armv7e-m/fpu\libc.a(lib_a-mprec.o)
                0x0800804c                __multadd
 .text.__hi0bits
                0x080080cc       0x40 c:/ac6/systemworkbench/plugins/fr.ac6.mcu.externaltools.arm-none.win32_1.7.0.201602121829/tools/compiler/bin/../lib/gcc/arm-none-eabi/5.2.1/../../../../arm-none-eabi/lib/armv7e-m/fpu\libc.a(lib_a-mprec.o)
                0x080080cc                __hi0bits
 .text.__lo0bits
                0x0800810c       0x5c c:/ac6/systemworkbench/plugins/fr.ac6.mcu.externaltools.arm-none.win32_1.7.0.201602121829/tools/compiler/bin/../lib/gcc/arm-none-eabi/5.2.1/../../../../arm-none-eabi/lib/armv7e-m/fpu\libc.a(lib_a-mprec.o)
                0x0800810c                __lo0bits
 .text.__i2b    0x08008168       0x14 c:/ac6/systemworkbench/plugins/fr.ac6.mcu.externaltools.arm-none.win32_1.7.0.201602121829/tools/compiler/bin/../lib/gcc/arm-none-eabi/5.2.1/../../../../arm-none-eabi/lib/armv7e-m/fpu\libc.a(lib_a-mprec.o)
                0x08008168                __i2b
 .text.__multiply
                0x0800817c      0x130 c:/ac6/systemworkbench/plugins/fr.ac6.mcu.externaltools.arm-none.win32_1.7.0.201602121829/tools/compiler/bin/../lib/gcc/arm-none-eabi/5.2.1/../../../../arm-none-eabi/lib/armv7e-m/fpu\libc.a(lib_a-mprec.o)
                0x0800817c                __multiply
 .text.__pow5mult
                0x080082ac       0xa0 c:/ac6/systemworkbench/plugins/fr.ac6.mcu.externaltools.arm-none.win32_1.7.0.201602121829/tools/compiler/bin/../lib/gcc/arm-none-eabi/5.2.1/../../../../arm-none-eabi/lib/armv7e-m/fpu\libc.a(lib_a-mprec.o)
                0x080082ac                __pow5mult
 .text.__lshift
                0x0800834c       0xb0 c:/ac6/systemworkbench/plugins/fr.ac6.mcu.externaltools.arm-none.win32_1.7.0.201602121829/tools/compiler/bin/../lib/gcc/arm-none-eabi/5.2.1/../../../../arm-none-eabi/lib/armv7e-m/fpu\libc.a(lib_a-mprec.o)
                0x0800834c                __lshift
 .text.__mcmp   0x080083fc       0x44 c:/ac6/systemworkbench/plugins/fr.ac6.mcu.externaltools.arm-none.win32_1.7.0.201602121829/tools/compiler/bin/../lib/gcc/arm-none-eabi/5.2.1/../../../../arm-none-eabi/lib/armv7e-m/fpu\libc.a(lib_a-mprec.o)
                0x080083fc                __mcmp
 .text.__mdiff  0x08008440      0x114 c:/ac6/systemworkbench/plugins/fr.ac6.mcu.externaltools.arm-none.win32_1.7.0.201602121829/tools/compiler/bin/../lib/gcc/arm-none-eabi/5.2.1/../../../../arm-none-eabi/lib/armv7e-m/fpu\libc.a(lib_a-mprec.o)
                0x08008440                __mdiff
 .text.__d2b    0x08008554       0xbc c:/ac6/systemworkbench/plugins/fr.ac6.mcu.externaltools.arm-none.win32_1.7.0.201602121829/tools/compiler/bin/../lib/gcc/arm-none-eabi/5.2.1/../../../../arm-none-eabi/lib/armv7e-m/fpu\libc.a(lib_a-mprec.o)
                0x08008554                __d2b
 .text.__fpclassifyd
                0x08008610       0x5c c:/ac6/systemworkbench/plugins/fr.ac6.mcu.externaltools.arm-none.win32_1.7.0.201602121829/tools/compiler/bin/../lib/gcc/arm-none-eabi/5.2.1/../../../../arm-none-eabi/lib/armv7e-m/fpu\libc.a(lib_a-s_fpclassify.o)
                0x08008610                __fpclassifyd
 .text._sbrk_r  0x0800866c       0x24 c:/ac6/systemworkbench/plugins/fr.ac6.mcu.externaltools.arm-none.win32_1.7.0.201602121829/tools/compiler/bin/../lib/gcc/arm-none-eabi/5.2.1/../../../../arm-none-eabi/lib/armv7e-m/fpu\libc.a(lib_a-sbrkr.o)
                0x0800866c                _sbrk_r
 .text.__ssprint_r
                0x08008690      0x100 c:/ac6/systemworkbench/plugins/fr.ac6.mcu.externaltools.arm-none.win32_1.7.0.201602121829/tools/compiler/bin/../lib/gcc/arm-none-eabi/5.2.1/../../../../arm-none-eabi/lib/armv7e-m/fpu\libc.a(lib_a-svfiprintf.o)
                0x08008690                __ssprint_r
 .text._calloc_r
                0x08008790       0x60 c:/ac6/systemworkbench/plugins/fr.ac6.mcu.externaltools.arm-none.win32_1.7.0.201602121829/tools/compiler/bin/../lib/gcc/arm-none-eabi/5.2.1/../../../../arm-none-eabi/lib/armv7e-m/fpu\libc.a(lib_a-callocr.o)
                0x08008790                _calloc_r
 .text._malloc_trim_r
                0x080087f0       0x9c c:/ac6/systemworkbench/plugins/fr.ac6.mcu.externaltools.arm-none.win32_1.7.0.201602121829/tools/compiler/bin/../lib/gcc/arm-none-eabi/5.2.1/../../../../arm-none-eabi/lib/armv7e-m/fpu\libc.a(lib_a-freer.o)
                0x080087f0                _malloc_trim_r
 .text._free_r  0x0800888c      0x1d0 c:/ac6/systemworkbench/plugins/fr.ac6.mcu.externaltools.arm-none.win32_1.7.0.201602121829/tools/compiler/bin/../lib/gcc/arm-none-eabi/5.2.1/../../../../arm-none-eabi/lib/armv7e-m/fpu\libc.a(lib_a-freer.o)
                0x0800888c                _free_r
 .text.memmove  0x08008a5c       0xc8 c:/ac6/systemworkbench/plugins/fr.ac6.mcu.externaltools.arm-none.win32_1.7.0.201602121829/tools/compiler/bin/../lib/gcc/arm-none-eabi/5.2.1/../../../../arm-none-eabi/lib/armv7e-m/fpu\libc.a(lib_a-memmove.o)
                0x08008a5c                memmove
 .text._realloc_r
                0x08008b24      0x3e0 c:/ac6/systemworkbench/plugins/fr.ac6.mcu.externaltools.arm-none.win32_1.7.0.201602121829/tools/compiler/bin/../lib/gcc/arm-none-eabi/5.2.1/../../../../arm-none-eabi/lib/armv7e-m/fpu\libc.a(lib_a-reallocr.o)
                0x08008b24                _realloc_r
 *(.glue_7)
 .glue_7        0x08008f04        0x0 linker stubs
 *(.glue_7t)
 .glue_7t       0x08008f04        0x0 linker stubs
 *(.eh_frame)
 .eh_frame      0x08008f04        0x0 c:/ac6/systemworkbench/plugins/fr.ac6.mcu.externaltools.arm-none.win32_1.7.0.201602121829/tools/compiler/bin/../lib/gcc/arm-none-eabi/5.2.1/armv7e-m/fpu/crtbegin.o
 *(.init)
 .init          0x08008f04        0x4 c:/ac6/systemworkbench/plugins/fr.ac6.mcu.externaltools.arm-none.win32_1.7.0.201602121829/tools/compiler/bin/../lib/gcc/arm-none-eabi/5.2.1/armv7e-m/fpu/crti.o
                0x08008f04                _init
 .init          0x08008f08        0x8 c:/ac6/systemworkbench/plugins/fr.ac6.mcu.externaltools.arm-none.win32_1.7.0.201602121829/tools/compiler/bin/../lib/gcc/arm-none-eabi/5.2.1/armv7e-m/fpu/crtn.o
 *(.fini)
 .fini          0x08008f10        0x4 c:/ac6/systemworkbench/plugins/fr.ac6.mcu.externaltools.arm-none.win32_1.7.0.201602121829/tools/compiler/bin/../lib/gcc/arm-none-eabi/5.2.1/armv7e-m/fpu/crti.o
                0x08008f10                _fini
 .fini          0x08008f14        0x8 c:/ac6/systemworkbench/plugins/fr.ac6.mcu.externaltools.arm-none.win32_1.7.0.201602121829/tools/compiler/bin/../lib/gcc/arm-none-eabi/5.2.1/armv7e-m/fpu/crtn.o
                0x08008f1c                . = ALIGN (0x4)
                0x08008f1c                _etext = .

.vfp11_veneer   0x08008f1c        0x0
 .vfp11_veneer  0x08008f1c        0x0 linker stubs

.v4_bx          0x08008f1c        0x0
 .v4_bx         0x08008f1c        0x0 linker stubs

.iplt           0x08008f1c        0x0
 .iplt          0x08008f1c        0x0 c:/ac6/systemworkbench/plugins/fr.ac6.mcu.externaltools.arm-none.win32_1.7.0.201602121829/tools/compiler/bin/../lib/gcc/arm-none-eabi/5.2.1/armv7e-m/fpu/crtbegin.o

.rodata         0x08008f20      0x1a8
                0x08008f20                . = ALIGN (0x4)
 *(.rodata)
 .rodata        0x08008f20        0x2 src/init .o
                0x08008f20                MAX_PERIOD
 *fill*         0x08008f22        0x2 
 .rodata        0x08008f24       0x18 src/main.o
 .rodata        0x08008f3c        0x8 src/run.o
 *(.rodata*)
 .rodata.str1.4
                0x08008f44        0x2 c:/ac6/systemworkbench/plugins/fr.ac6.mcu.externaltools.arm-none.win32_1.7.0.201602121829/tools/compiler/bin/../lib/gcc/arm-none-eabi/5.2.1/../../../../arm-none-eabi/lib/armv7e-m/fpu\libc.a(lib_a-impure.o)
 *fill*         0x08008f46        0x2 
 .rodata._global_impure_ptr
                0x08008f48        0x4 c:/ac6/systemworkbench/plugins/fr.ac6.mcu.externaltools.arm-none.win32_1.7.0.201602121829/tools/compiler/bin/../lib/gcc/arm-none-eabi/5.2.1/../../../../arm-none-eabi/lib/armv7e-m/fpu\libc.a(lib_a-impure.o)
                0x08008f48                _global_impure_ptr
 .rodata.blanks.7009
                0x08008f4c       0x10 c:/ac6/systemworkbench/plugins/fr.ac6.mcu.externaltools.arm-none.win32_1.7.0.201602121829/tools/compiler/bin/../lib/gcc/arm-none-eabi/5.2.1/../../../../arm-none-eabi/lib/armv7e-m/fpu\libc.a(lib_a-svfprintf.o)
 .rodata.str1.4
                0x08008f5c       0x42 c:/ac6/systemworkbench/plugins/fr.ac6.mcu.externaltools.arm-none.win32_1.7.0.201602121829/tools/compiler/bin/../lib/gcc/arm-none-eabi/5.2.1/../../../../arm-none-eabi/lib/armv7e-m/fpu\libc.a(lib_a-svfprintf.o)
 *fill*         0x08008f9e        0x2 
 .rodata.zeroes.7010
                0x08008fa0       0x10 c:/ac6/systemworkbench/plugins/fr.ac6.mcu.externaltools.arm-none.win32_1.7.0.201602121829/tools/compiler/bin/../lib/gcc/arm-none-eabi/5.2.1/../../../../arm-none-eabi/lib/armv7e-m/fpu\libc.a(lib_a-svfprintf.o)
 .rodata.str1.4
                0x08008fb0       0x10 c:/ac6/systemworkbench/plugins/fr.ac6.mcu.externaltools.arm-none.win32_1.7.0.201602121829/tools/compiler/bin/../lib/gcc/arm-none-eabi/5.2.1/../../../../arm-none-eabi/lib/armv7e-m/fpu\libc.a(lib_a-dtoa.o)
                                 0x12 (size before relaxing)
 .rodata.str1.4
                0x08008fc0        0xc c:/ac6/systemworkbench/plugins/fr.ac6.mcu.externaltools.arm-none.win32_1.7.0.201602121829/tools/compiler/bin/../lib/gcc/arm-none-eabi/5.2.1/../../../../arm-none-eabi/lib/armv7e-m/fpu\libc.a(lib_a-locale.o)
                                 0x12 (size before relaxing)
 .rodata.p05.5404
                0x08008fcc        0xc c:/ac6/systemworkbench/plugins/fr.ac6.mcu.externaltools.arm-none.win32_1.7.0.201602121829/tools/compiler/bin/../lib/gcc/arm-none-eabi/5.2.1/../../../../arm-none-eabi/lib/armv7e-m/fpu\libc.a(lib_a-mprec.o)
 .rodata.__mprec_tens
                0x08008fd8       0xc8 c:/ac6/systemworkbench/plugins/fr.ac6.mcu.externaltools.arm-none.win32_1.7.0.201602121829/tools/compiler/bin/../lib/gcc/arm-none-eabi/5.2.1/../../../../arm-none-eabi/lib/armv7e-m/fpu\libc.a(lib_a-mprec.o)
                0x08008fd8                __mprec_tens
 .rodata.__mprec_bigtens
                0x080090a0       0x28 c:/ac6/systemworkbench/plugins/fr.ac6.mcu.externaltools.arm-none.win32_1.7.0.201602121829/tools/compiler/bin/../lib/gcc/arm-none-eabi/5.2.1/../../../../arm-none-eabi/lib/armv7e-m/fpu\libc.a(lib_a-mprec.o)
                0x080090a0                __mprec_bigtens
                0x080090c8                . = ALIGN (0x4)

.ARM.extab      0x080090c8        0x0
                0x080090c8                . = ALIGN (0x4)
 *(.ARM.extab* .gnu.linkonce.armextab.*)
                0x080090c8                . = ALIGN (0x4)

.ARM            0x080090c8        0x8
                0x080090c8                . = ALIGN (0x4)
                0x080090c8                __exidx_start = .
 *(.ARM.exidx*)
 .ARM.exidx     0x080090c8        0x8 c:/ac6/systemworkbench/plugins/fr.ac6.mcu.externaltools.arm-none.win32_1.7.0.201602121829/tools/compiler/bin/../lib/gcc/arm-none-eabi/5.2.1/armv7e-m/fpu\libgcc.a(_udivmoddi4.o)
                0x080090d0                __exidx_end = .
                0x080090d0                . = ALIGN (0x4)

.rel.dyn        0x080090d0        0x0
 .rel.iplt      0x080090d0        0x0 c:/ac6/systemworkbench/plugins/fr.ac6.mcu.externaltools.arm-none.win32_1.7.0.201602121829/tools/compiler/bin/../lib/gcc/arm-none-eabi/5.2.1/armv7e-m/fpu/crtbegin.o

.preinit_array  0x080090d0        0x0
                0x080090d0                . = ALIGN (0x4)
                0x080090d0                PROVIDE (__preinit_array_start, .)
 *(.preinit_array*)
                0x080090d0                PROVIDE (__preinit_array_end, .)
                0x080090d0                . = ALIGN (0x4)

.init_array     0x080090d0        0x8
                0x080090d0                . = ALIGN (0x4)
                0x080090d0                PROVIDE (__init_array_start, .)
 *(SORT(.init_array.*))
 .init_array.00000
                0x080090d0        0x4 c:/ac6/systemworkbench/plugins/fr.ac6.mcu.externaltools.arm-none.win32_1.7.0.201602121829/tools/compiler/bin/../lib/gcc/arm-none-eabi/5.2.1/../../../../arm-none-eabi/lib/armv7e-m/fpu\libc.a(lib_a-__call_atexit.o)
 *(.init_array*)
 .init_array    0x080090d4        0x4 c:/ac6/systemworkbench/plugins/fr.ac6.mcu.externaltools.arm-none.win32_1.7.0.201602121829/tools/compiler/bin/../lib/gcc/arm-none-eabi/5.2.1/armv7e-m/fpu/crtbegin.o
                0x080090d8                PROVIDE (__init_array_end, .)
                0x080090d8                . = ALIGN (0x4)

.fini_array     0x080090d8        0x4
                0x080090d8                . = ALIGN (0x4)
                0x080090d8                PROVIDE (__fini_array_start, .)
 *(SORT(.fini_array.*))
 *(.fini_array*)
 .fini_array    0x080090d8        0x4 c:/ac6/systemworkbench/plugins/fr.ac6.mcu.externaltools.arm-none.win32_1.7.0.201602121829/tools/compiler/bin/../lib/gcc/arm-none-eabi/5.2.1/armv7e-m/fpu/crtbegin.o
                0x080090dc                PROVIDE (__fini_array_end, .)
                0x080090dc                . = ALIGN (0x4)
                0x080090dc                _sidata = LOADADDR (.data)

.data           0x20000000      0x894 load address 0x080090dc
                0x20000000                . = ALIGN (0x4)
                0x20000000                _sdata = .
 *(.data)
 .data          0x20000000        0x9 src/hardware.o
                0x20000000                mpu6000::use_SPI
                0x20000004                mpu6000::cs_GPIOx
                0x20000008                control::is_FB_CONTROL
 *fill*         0x20000009        0x3 
 .data          0x2000000c       0x10 C:\Users\Koizumi\workspace\stm32f405rg_stdperiph_lib\Debug\libstm32f405rg_stdperiph_lib.a(stm32f4xx_rcc.o)
 *(.data*)
 *fill*         0x2000001c        0x4 
 .data.impure_data
                0x20000020      0x428 c:/ac6/systemworkbench/plugins/fr.ac6.mcu.externaltools.arm-none.win32_1.7.0.201602121829/tools/compiler/bin/../lib/gcc/arm-none-eabi/5.2.1/../../../../arm-none-eabi/lib/armv7e-m/fpu\libc.a(lib_a-impure.o)
 .data._impure_ptr
                0x20000448        0x4 c:/ac6/systemworkbench/plugins/fr.ac6.mcu.externaltools.arm-none.win32_1.7.0.201602121829/tools/compiler/bin/../lib/gcc/arm-none-eabi/5.2.1/../../../../arm-none-eabi/lib/armv7e-m/fpu\libc.a(lib_a-impure.o)
                0x20000448                _impure_ptr
 .data.lconv    0x2000044c       0x38 c:/ac6/systemworkbench/plugins/fr.ac6.mcu.externaltools.arm-none.win32_1.7.0.201602121829/tools/compiler/bin/../lib/gcc/arm-none-eabi/5.2.1/../../../../arm-none-eabi/lib/armv7e-m/fpu\libc.a(lib_a-locale.o)
 .data.__malloc_av_
                0x20000484      0x408 c:/ac6/systemworkbench/plugins/fr.ac6.mcu.externaltools.arm-none.win32_1.7.0.201602121829/tools/compiler/bin/../lib/gcc/arm-none-eabi/5.2.1/../../../../arm-none-eabi/lib/armv7e-m/fpu\libc.a(lib_a-mallocr.o)
                0x20000484                __malloc_av_
 .data.__malloc_trim_threshold
                0x2000088c        0x4 c:/ac6/systemworkbench/plugins/fr.ac6.mcu.externaltools.arm-none.win32_1.7.0.201602121829/tools/compiler/bin/../lib/gcc/arm-none-eabi/5.2.1/../../../../arm-none-eabi/lib/armv7e-m/fpu\libc.a(lib_a-mallocr.o)
                0x2000088c                __malloc_trim_threshold
 .data.__malloc_sbrk_base
                0x20000890        0x4 c:/ac6/systemworkbench/plugins/fr.ac6.mcu.externaltools.arm-none.win32_1.7.0.201602121829/tools/compiler/bin/../lib/gcc/arm-none-eabi/5.2.1/../../../../arm-none-eabi/lib/armv7e-m/fpu\libc.a(lib_a-mallocr.o)
                0x20000890                __malloc_sbrk_base
                0x20000894                . = ALIGN (0x4)
                0x20000894                _edata = .

.jcr            0x20000894        0x0 load address 0x08009970
 .jcr           0x20000894        0x0 c:/ac6/systemworkbench/plugins/fr.ac6.mcu.externaltools.arm-none.win32_1.7.0.201602121829/tools/compiler/bin/../lib/gcc/arm-none-eabi/5.2.1/armv7e-m/fpu/crtbegin.o

.tm_clone_table
                0x20000894        0x0 load address 0x08009970
 .tm_clone_table
                0x20000894        0x0 c:/ac6/systemworkbench/plugins/fr.ac6.mcu.externaltools.arm-none.win32_1.7.0.201602121829/tools/compiler/bin/../lib/gcc/arm-none-eabi/5.2.1/armv7e-m/fpu/crtbegin.o
 .tm_clone_table
                0x20000894        0x0 c:/ac6/systemworkbench/plugins/fr.ac6.mcu.externaltools.arm-none.win32_1.7.0.201602121829/tools/compiler/bin/../lib/gcc/arm-none-eabi/5.2.1/armv7e-m/fpu/crtend.o

.igot.plt       0x20000894        0x0 load address 0x08009970
 .igot.plt      0x20000894        0x0 c:/ac6/systemworkbench/plugins/fr.ac6.mcu.externaltools.arm-none.win32_1.7.0.201602121829/tools/compiler/bin/../lib/gcc/arm-none-eabi/5.2.1/armv7e-m/fpu/crtbegin.o
                0x20000894                . = ALIGN (0x4)

.bss            0x20000894    0x13f7c load address 0x08009970
                0x20000894                _sbss = .
                0x20000894                __bss_start__ = _sbss
 *(.bss)
 .bss           0x20000894       0x1c c:/ac6/systemworkbench/plugins/fr.ac6.mcu.externaltools.arm-none.win32_1.7.0.201602121829/tools/compiler/bin/../lib/gcc/arm-none-eabi/5.2.1/armv7e-m/fpu/crtbegin.o
 .bss           0x200008b0      0x180 src/hardware.o
                0x200008b0                motor::right_duty
                0x200008b1                motor::left_duty
                0x200008b2                motor::motor_state
                0x200008b4                gyro::gyro_value
                0x200008b8                gyro::default_angle
                0x200008bc                gyro::angle
                0x200008c0                gyro::gyro_ref
                0x200008c4                gyro::angular_velocity
                0x200008c8                gyro::least_square_slope
                0x200008cc                encoder::left_velocity
                0x200008d0                encoder::right_velocity
                0x200008d4                encoder::velocity
                0x200008d8                photo::right_ad
                0x200008dc                photo::left_ad
                0x200008e0                photo::front_right_ad
                0x200008e4                photo::front_left_ad
                0x200008e8                photo::front_ad
                0x200008ec                photo::right_ref
                0x200008f0                photo::left_ref
                0x200008f4                photo::front_right_ref
                0x200008f8                photo::front_left_ref
                0x200008fc                photo::front_ref
                0x20000900                photo::light_flag
                0x20000904                control::gyro_delta
                0x20000910                control::photo_delta
                0x2000091c                control::encoder_delta
                0x20000928                control::control_phase
                0x20000929                control::wall_control_flag
                0x2000092a                control::is_FF_CONTROL
 .bss           0x20000a30    0x13886 src/main.o
                0x20000a30                wait_counter
                0x20000a34                flog
 *fill*         0x200142b6        0x2 
 .bss           0x200142b8      0x123 src/run.o
                0x200142b8                mouse::ideal_acceleration
                0x200142bc                mouse::ideal_angular_acceleration
                0x200142c0                mouse::ideal_velocity
                0x200142c4                mouse::ideal_angular_velocity
                0x200142c8                mouse::ideal_angle
                0x200142cc                mouse::ideal_distance
                0x200142d0                mouse::run_distance
                0x200142d4                mouse::mouse_count_ms
                0x200142d8                mouse::now_map
                0x200143d8                mouse::position
                0x200143d9                mouse::mouse_direction
                0x200143da                mouse::fail_flag
 *fill*         0x200143db        0x1 
 .bss           0x200143dc       0x64 src/serial.o
 .bss           0x20014440        0x8 src/syscalls.o
                0x20014440                __env
 .bss           0x20014448      0x390 src/user.o
                0x20014448                wait::counter
                0x2001444c                log::buf
                0x200144b0                log::length
                0x200144b4                int_log::log_case
                0x200147d4                int_log::log_counter
 *(.bss*)
 .bss.__malloc_max_total_mem
                0x200147d8        0x4 c:/ac6/systemworkbench/plugins/fr.ac6.mcu.externaltools.arm-none.win32_1.7.0.201602121829/tools/compiler/bin/../lib/gcc/arm-none-eabi/5.2.1/../../../../arm-none-eabi/lib/armv7e-m/fpu\libc.a(lib_a-mallocr.o)
                0x200147d8                __malloc_max_total_mem
 .bss.__malloc_max_sbrked_mem
                0x200147dc        0x4 c:/ac6/systemworkbench/plugins/fr.ac6.mcu.externaltools.arm-none.win32_1.7.0.201602121829/tools/compiler/bin/../lib/gcc/arm-none-eabi/5.2.1/../../../../arm-none-eabi/lib/armv7e-m/fpu\libc.a(lib_a-mallocr.o)
                0x200147dc                __malloc_max_sbrked_mem
 .bss.__malloc_top_pad
                0x200147e0        0x4 c:/ac6/systemworkbench/plugins/fr.ac6.mcu.externaltools.arm-none.win32_1.7.0.201602121829/tools/compiler/bin/../lib/gcc/arm-none-eabi/5.2.1/../../../../arm-none-eabi/lib/armv7e-m/fpu\libc.a(lib_a-mallocr.o)
                0x200147e0                __malloc_top_pad
 .bss.__malloc_current_mallinfo
                0x200147e4       0x28 c:/ac6/systemworkbench/plugins/fr.ac6.mcu.externaltools.arm-none.win32_1.7.0.201602121829/tools/compiler/bin/../lib/gcc/arm-none-eabi/5.2.1/../../../../arm-none-eabi/lib/armv7e-m/fpu\libc.a(lib_a-mallocr.o)
                0x200147e4                __malloc_current_mallinfo
 *(COMMON)
 COMMON         0x2001480c        0x4 c:/ac6/systemworkbench/plugins/fr.ac6.mcu.externaltools.arm-none.win32_1.7.0.201602121829/tools/compiler/bin/../lib/gcc/arm-none-eabi/5.2.1/../../../../arm-none-eabi/lib/armv7e-m/fpu\libc.a(lib_a-reent.o)
                0x2001480c                errno
                0x20014810                . = ALIGN (0x4)
                0x20014810                _ebss = .
                0x20014810                __bss_end__ = _ebss

._user_heap_stack
                0x20014810      0x600 load address 0x08009970
                0x20014810                . = ALIGN (0x8)
                0x20014810                PROVIDE (end, .)
                [!provide]                PROVIDE (_end, .)
                0x20014a10                . = (. + _Min_Heap_Size)
 *fill*         0x20014810      0x200 
                0x20014e10                . = (. + _Min_Stack_Size)
 *fill*         0x20014a10      0x400 
                0x20014e10                . = ALIGN (0x8)

/DISCARD/
 libc.a(*)
 libm.a(*)
 libgcc.a(*)

.ARM.attributes
                0x00000000       0x30
 *(.ARM.attributes)
 .ARM.attributes
                0x00000000       0x22 c:/ac6/systemworkbench/plugins/fr.ac6.mcu.externaltools.arm-none.win32_1.7.0.201602121829/tools/compiler/bin/../lib/gcc/arm-none-eabi/5.2.1/armv7e-m/fpu/crti.o
 .ARM.attributes
                0x00000022       0x34 c:/ac6/systemworkbench/plugins/fr.ac6.mcu.externaltools.arm-none.win32_1.7.0.201602121829/tools/compiler/bin/../lib/gcc/arm-none-eabi/5.2.1/armv7e-m/fpu/crtbegin.o
 .ARM.attributes
                0x00000056       0x39 src/ad_convert.o
 .ARM.attributes
                0x0000008f       0x39 src/hardware.o
 .ARM.attributes
                0x000000c8       0x39 src/init .o
 .ARM.attributes
                0x00000101       0x39 src/main.o
 .ARM.attributes
                0x0000013a       0x39 src/parameter.o
 .ARM.attributes
                0x00000173       0x39 src/run.o
 .ARM.attributes
                0x000001ac       0x39 src/serial.o
 .ARM.attributes
                0x000001e5       0x39 src/stm32f4xx_it.o
 .ARM.attributes
                0x0000021e       0x39 src/syscalls.o
 .ARM.attributes
                0x00000257       0x39 src/system_stm32f4xx.o
 .ARM.attributes
                0x00000290       0x39 src/user.o
 .ARM.attributes
                0x000002c9       0x21 startup/startup_stm32f405xx.o
 .ARM.attributes
                0x000002ea       0x39 C:\Users\Koizumi\workspace\stm32f405rg_stdperiph_lib\Debug\libstm32f405rg_stdperiph_lib.a(stm32f4xx_adc.o)
 .ARM.attributes
                0x00000323       0x39 C:\Users\Koizumi\workspace\stm32f405rg_stdperiph_lib\Debug\libstm32f405rg_stdperiph_lib.a(stm32f4xx_gpio.o)
 .ARM.attributes
                0x0000035c       0x39 C:\Users\Koizumi\workspace\stm32f405rg_stdperiph_lib\Debug\libstm32f405rg_stdperiph_lib.a(stm32f4xx_rcc.o)
 .ARM.attributes
                0x00000395       0x39 C:\Users\Koizumi\workspace\stm32f405rg_stdperiph_lib\Debug\libstm32f405rg_stdperiph_lib.a(stm32f4xx_spi.o)
 .ARM.attributes
                0x000003ce       0x39 C:\Users\Koizumi\workspace\stm32f405rg_stdperiph_lib\Debug\libstm32f405rg_stdperiph_lib.a(stm32f4xx_tim.o)
 .ARM.attributes
                0x00000407       0x39 C:\Users\Koizumi\workspace\stm32f405rg_stdperiph_lib\Debug\libstm32f405rg_stdperiph_lib.a(stm32f4xx_usart.o)
 .ARM.attributes
                0x00000440       0x22 c:/ac6/systemworkbench/plugins/fr.ac6.mcu.externaltools.arm-none.win32_1.7.0.201602121829/tools/compiler/bin/../lib/gcc/arm-none-eabi/5.2.1/armv7e-m/fpu\libgcc.a(_arm_addsubdf3.o)
 .ARM.attributes
                0x00000462       0x22 c:/ac6/systemworkbench/plugins/fr.ac6.mcu.externaltools.arm-none.win32_1.7.0.201602121829/tools/compiler/bin/../lib/gcc/arm-none-eabi/5.2.1/armv7e-m/fpu\libgcc.a(_arm_muldivdf3.o)
 .ARM.attributes
                0x00000484       0x22 c:/ac6/systemworkbench/plugins/fr.ac6.mcu.externaltools.arm-none.win32_1.7.0.201602121829/tools/compiler/bin/../lib/gcc/arm-none-eabi/5.2.1/armv7e-m/fpu\libgcc.a(_arm_cmpdf2.o)
 .ARM.attributes
                0x000004a6       0x22 c:/ac6/systemworkbench/plugins/fr.ac6.mcu.externaltools.arm-none.win32_1.7.0.201602121829/tools/compiler/bin/../lib/gcc/arm-none-eabi/5.2.1/armv7e-m/fpu\libgcc.a(_arm_fixunsdfsi.o)
 .ARM.attributes
                0x000004c8       0x22 c:/ac6/systemworkbench/plugins/fr.ac6.mcu.externaltools.arm-none.win32_1.7.0.201602121829/tools/compiler/bin/../lib/gcc/arm-none-eabi/5.2.1/armv7e-m/fpu\libgcc.a(_arm_truncdfsf2.o)
 .ARM.attributes
                0x000004ea       0x34 c:/ac6/systemworkbench/plugins/fr.ac6.mcu.externaltools.arm-none.win32_1.7.0.201602121829/tools/compiler/bin/../lib/gcc/arm-none-eabi/5.2.1/../../../../arm-none-eabi/lib/armv7e-m/fpu\libc.a(lib_a-errno.o)
 .ARM.attributes
                0x0000051e       0x34 c:/ac6/systemworkbench/plugins/fr.ac6.mcu.externaltools.arm-none.win32_1.7.0.201602121829/tools/compiler/bin/../lib/gcc/arm-none-eabi/5.2.1/../../../../arm-none-eabi/lib/armv7e-m/fpu\libc.a(lib_a-impure.o)
 .ARM.attributes
                0x00000552       0x34 c:/ac6/systemworkbench/plugins/fr.ac6.mcu.externaltools.arm-none.win32_1.7.0.201602121829/tools/compiler/bin/../lib/gcc/arm-none-eabi/5.2.1/../../../../arm-none-eabi/lib/armv7e-m/fpu\libc.a(lib_a-init.o)
 .ARM.attributes
                0x00000586       0x34 c:/ac6/systemworkbench/plugins/fr.ac6.mcu.externaltools.arm-none.win32_1.7.0.201602121829/tools/compiler/bin/../lib/gcc/arm-none-eabi/5.2.1/../../../../arm-none-eabi/lib/armv7e-m/fpu\libc.a(lib_a-memset.o)
 .ARM.attributes
                0x000005ba       0x34 c:/ac6/systemworkbench/plugins/fr.ac6.mcu.externaltools.arm-none.win32_1.7.0.201602121829/tools/compiler/bin/../lib/gcc/arm-none-eabi/5.2.1/../../../../arm-none-eabi/lib/armv7e-m/fpu\libc.a(lib_a-vsprintf.o)
 .ARM.attributes
                0x000005ee       0x34 c:/ac6/systemworkbench/plugins/fr.ac6.mcu.externaltools.arm-none.win32_1.7.0.201602121829/tools/compiler/bin/../lib/gcc/arm-none-eabi/5.2.1/../../../../arm-none-eabi/lib/armv7e-m/fpu\libc.a(lib_a-__call_atexit.o)
 .ARM.attributes
                0x00000622       0x34 c:/ac6/systemworkbench/plugins/fr.ac6.mcu.externaltools.arm-none.win32_1.7.0.201602121829/tools/compiler/bin/../lib/gcc/arm-none-eabi/5.2.1/../../../../arm-none-eabi/lib/armv7e-m/fpu\libc.a(lib_a-atexit.o)
 .ARM.attributes
                0x00000656       0x34 c:/ac6/systemworkbench/plugins/fr.ac6.mcu.externaltools.arm-none.win32_1.7.0.201602121829/tools/compiler/bin/../lib/gcc/arm-none-eabi/5.2.1/../../../../arm-none-eabi/lib/armv7e-m/fpu\libc.a(lib_a-fini.o)
 .ARM.attributes
                0x0000068a       0x34 c:/ac6/systemworkbench/plugins/fr.ac6.mcu.externaltools.arm-none.win32_1.7.0.201602121829/tools/compiler/bin/../lib/gcc/arm-none-eabi/5.2.1/../../../../arm-none-eabi/lib/armv7e-m/fpu\libc.a(lib_a-svfprintf.o)
 .ARM.attributes
                0x000006be       0x34 c:/ac6/systemworkbench/plugins/fr.ac6.mcu.externaltools.arm-none.win32_1.7.0.201602121829/tools/compiler/bin/../lib/gcc/arm-none-eabi/5.2.1/../../../../arm-none-eabi/lib/armv7e-m/fpu\libc.a(lib_a-__atexit.o)
 .ARM.attributes
                0x000006f2       0x34 c:/ac6/systemworkbench/plugins/fr.ac6.mcu.externaltools.arm-none.win32_1.7.0.201602121829/tools/compiler/bin/../lib/gcc/arm-none-eabi/5.2.1/../../../../arm-none-eabi/lib/armv7e-m/fpu\libc.a(lib_a-dtoa.o)
 .ARM.attributes
                0x00000726       0x34 c:/ac6/systemworkbench/plugins/fr.ac6.mcu.externaltools.arm-none.win32_1.7.0.201602121829/tools/compiler/bin/../lib/gcc/arm-none-eabi/5.2.1/../../../../arm-none-eabi/lib/armv7e-m/fpu\libc.a(lib_a-locale.o)
 .ARM.attributes
                0x0000075a       0x34 c:/ac6/systemworkbench/plugins/fr.ac6.mcu.externaltools.arm-none.win32_1.7.0.201602121829/tools/compiler/bin/../lib/gcc/arm-none-eabi/5.2.1/../../../../arm-none-eabi/lib/armv7e-m/fpu\libc.a(lib_a-mallocr.o)
 .ARM.attributes
                0x0000078e       0x20 c:/ac6/systemworkbench/plugins/fr.ac6.mcu.externaltools.arm-none.win32_1.7.0.201602121829/tools/compiler/bin/../lib/gcc/arm-none-eabi/5.2.1/../../../../arm-none-eabi/lib/armv7e-m/fpu\libc.a(lib_a-memchr.o)
 .ARM.attributes
                0x000007ae       0x20 c:/ac6/systemworkbench/plugins/fr.ac6.mcu.externaltools.arm-none.win32_1.7.0.201602121829/tools/compiler/bin/../lib/gcc/arm-none-eabi/5.2.1/../../../../arm-none-eabi/lib/armv7e-m/fpu\libc.a(lib_a-memcpy.o)
 .ARM.attributes
                0x000007ce       0x34 c:/ac6/systemworkbench/plugins/fr.ac6.mcu.externaltools.arm-none.win32_1.7.0.201602121829/tools/compiler/bin/../lib/gcc/arm-none-eabi/5.2.1/../../../../arm-none-eabi/lib/armv7e-m/fpu\libc.a(lib_a-mlock.o)
 .ARM.attributes
                0x00000802       0x34 c:/ac6/systemworkbench/plugins/fr.ac6.mcu.externaltools.arm-none.win32_1.7.0.201602121829/tools/compiler/bin/../lib/gcc/arm-none-eabi/5.2.1/../../../../arm-none-eabi/lib/armv7e-m/fpu\libc.a(lib_a-mprec.o)
 .ARM.attributes
                0x00000836       0x34 c:/ac6/systemworkbench/plugins/fr.ac6.mcu.externaltools.arm-none.win32_1.7.0.201602121829/tools/compiler/bin/../lib/gcc/arm-none-eabi/5.2.1/../../../../arm-none-eabi/lib/armv7e-m/fpu\libc.a(lib_a-s_fpclassify.o)
 .ARM.attributes
                0x0000086a       0x34 c:/ac6/systemworkbench/plugins/fr.ac6.mcu.externaltools.arm-none.win32_1.7.0.201602121829/tools/compiler/bin/../lib/gcc/arm-none-eabi/5.2.1/../../../../arm-none-eabi/lib/armv7e-m/fpu\libc.a(lib_a-sbrkr.o)
 .ARM.attributes
                0x0000089e       0x20 c:/ac6/systemworkbench/plugins/fr.ac6.mcu.externaltools.arm-none.win32_1.7.0.201602121829/tools/compiler/bin/../lib/gcc/arm-none-eabi/5.2.1/../../../../arm-none-eabi/lib/armv7e-m/fpu\libc.a(lib_a-strlen.o)
 .ARM.attributes
                0x000008be       0x34 c:/ac6/systemworkbench/plugins/fr.ac6.mcu.externaltools.arm-none.win32_1.7.0.201602121829/tools/compiler/bin/../lib/gcc/arm-none-eabi/5.2.1/../../../../arm-none-eabi/lib/armv7e-m/fpu\libc.a(lib_a-svfiprintf.o)
 .ARM.attributes
                0x000008f2       0x34 c:/ac6/systemworkbench/plugins/fr.ac6.mcu.externaltools.arm-none.win32_1.7.0.201602121829/tools/compiler/bin/../lib/gcc/arm-none-eabi/5.2.1/../../../../arm-none-eabi/lib/armv7e-m/fpu\libc.a(lib_a-callocr.o)
 .ARM.attributes
                0x00000926       0x34 c:/ac6/systemworkbench/plugins/fr.ac6.mcu.externaltools.arm-none.win32_1.7.0.201602121829/tools/compiler/bin/../lib/gcc/arm-none-eabi/5.2.1/../../../../arm-none-eabi/lib/armv7e-m/fpu\libc.a(lib_a-freer.o)
 .ARM.attributes
                0x0000095a       0x34 c:/ac6/systemworkbench/plugins/fr.ac6.mcu.externaltools.arm-none.win32_1.7.0.201602121829/tools/compiler/bin/../lib/gcc/arm-none-eabi/5.2.1/../../../../arm-none-eabi/lib/armv7e-m/fpu\libc.a(lib_a-memmove.o)
 .ARM.attributes
                0x0000098e       0x34 c:/ac6/systemworkbench/plugins/fr.ac6.mcu.externaltools.arm-none.win32_1.7.0.201602121829/tools/compiler/bin/../lib/gcc/arm-none-eabi/5.2.1/../../../../arm-none-eabi/lib/armv7e-m/fpu\libc.a(lib_a-reallocr.o)
 .ARM.attributes
                0x000009c2       0x34 c:/ac6/systemworkbench/plugins/fr.ac6.mcu.externaltools.arm-none.win32_1.7.0.201602121829/tools/compiler/bin/../lib/gcc/arm-none-eabi/5.2.1/../../../../arm-none-eabi/lib/armv7e-m/fpu\libc.a(lib_a-reent.o)
 .ARM.attributes
                0x000009f6       0x22 c:/ac6/systemworkbench/plugins/fr.ac6.mcu.externaltools.arm-none.win32_1.7.0.201602121829/tools/compiler/bin/../lib/gcc/arm-none-eabi/5.2.1/armv7e-m/fpu\libgcc.a(_arm_fixdfsi.o)
 .ARM.attributes
                0x00000a18       0x22 c:/ac6/systemworkbench/plugins/fr.ac6.mcu.externaltools.arm-none.win32_1.7.0.201602121829/tools/compiler/bin/../lib/gcc/arm-none-eabi/5.2.1/armv7e-m/fpu\libgcc.a(_aeabi_uldivmod.o)
 .ARM.attributes
                0x00000a3a       0x34 c:/ac6/systemworkbench/plugins/fr.ac6.mcu.externaltools.arm-none.win32_1.7.0.201602121829/tools/compiler/bin/../lib/gcc/arm-none-eabi/5.2.1/armv7e-m/fpu\libgcc.a(_udivmoddi4.o)
 .ARM.attributes
                0x00000a6e       0x22 c:/ac6/systemworkbench/plugins/fr.ac6.mcu.externaltools.arm-none.win32_1.7.0.201602121829/tools/compiler/bin/../lib/gcc/arm-none-eabi/5.2.1/armv7e-m/fpu\libgcc.a(_dvmd_tls.o)
 .ARM.attributes
                0x00000a90       0x34 c:/ac6/systemworkbench/plugins/fr.ac6.mcu.externaltools.arm-none.win32_1.7.0.201602121829/tools/compiler/bin/../lib/gcc/arm-none-eabi/5.2.1/armv7e-m/fpu/crtend.o
 .ARM.attributes
                0x00000ac4       0x22 c:/ac6/systemworkbench/plugins/fr.ac6.mcu.externaltools.arm-none.win32_1.7.0.201602121829/tools/compiler/bin/../lib/gcc/arm-none-eabi/5.2.1/armv7e-m/fpu/crtn.o
OUTPUT(halfmouse.elf elf32-littlearm)

.debug_info     0x00000000     0xb9e0
 .debug_info    0x00000000      0x305 src/ad_convert.o
 .debug_info    0x00000305     0x2021 src/hardware.o
 .debug_info    0x00002326     0x137d src/init .o
 .debug_info    0x000036a3      0x340 src/main.o
 .debug_info    0x000039e3      0x4f4 src/parameter.o
 .debug_info    0x00003ed7      0xe78 src/run.o
 .debug_info    0x00004d4f      0x2ea src/serial.o
 .debug_info    0x00005039      0x149 src/stm32f4xx_it.o
 .debug_info    0x00005182      0x667 src/syscalls.o
 .debug_info    0x000057e9      0x58c src/system_stm32f4xx.o
 .debug_info    0x00005d75      0x9a9 src/user.o
 .debug_info    0x0000671e       0x71 startup/startup_stm32f405xx.o
 .debug_info    0x0000678f      0xc48 C:\Users\Koizumi\workspace\stm32f405rg_stdperiph_lib\Debug\libstm32f405rg_stdperiph_lib.a(stm32f4xx_adc.o)
 .debug_info    0x000073d7      0x625 C:\Users\Koizumi\workspace\stm32f405rg_stdperiph_lib\Debug\libstm32f405rg_stdperiph_lib.a(stm32f4xx_gpio.o)
 .debug_info    0x000079fc      0xe56 C:\Users\Koizumi\workspace\stm32f405rg_stdperiph_lib\Debug\libstm32f405rg_stdperiph_lib.a(stm32f4xx_rcc.o)
 .debug_info    0x00008852      0xb4b C:\Users\Koizumi\workspace\stm32f405rg_stdperiph_lib\Debug\libstm32f405rg_stdperiph_lib.a(stm32f4xx_spi.o)
 .debug_info    0x0000939d     0x1c71 C:\Users\Koizumi\workspace\stm32f405rg_stdperiph_lib\Debug\libstm32f405rg_stdperiph_lib.a(stm32f4xx_tim.o)
 .debug_info    0x0000b00e      0x9d2 C:\Users\Koizumi\workspace\stm32f405rg_stdperiph_lib\Debug\libstm32f405rg_stdperiph_lib.a(stm32f4xx_usart.o)

.debug_abbrev   0x00000000     0x1f6f
 .debug_abbrev  0x00000000       0xfb src/ad_convert.o
 .debug_abbrev  0x000000fb      0x43c src/hardware.o
 .debug_abbrev  0x00000537      0x1f0 src/init .o
 .debug_abbrev  0x00000727      0x177 src/main.o
 .debug_abbrev  0x0000089e      0x178 src/parameter.o
 .debug_abbrev  0x00000a16      0x333 src/run.o
 .debug_abbrev  0x00000d49      0x170 src/serial.o
 .debug_abbrev  0x00000eb9       0x9a src/stm32f4xx_it.o
 .debug_abbrev  0x00000f53      0x177 src/syscalls.o
 .debug_abbrev  0x000010ca      0x11a src/system_stm32f4xx.o
 .debug_abbrev  0x000011e4      0x417 src/user.o
 .debug_abbrev  0x000015fb       0x12 startup/startup_stm32f405xx.o
 .debug_abbrev  0x0000160d      0x19d C:\Users\Koizumi\workspace\stm32f405rg_stdperiph_lib\Debug\libstm32f405rg_stdperiph_lib.a(stm32f4xx_adc.o)
 .debug_abbrev  0x000017aa      0x1ac C:\Users\Koizumi\workspace\stm32f405rg_stdperiph_lib\Debug\libstm32f405rg_stdperiph_lib.a(stm32f4xx_gpio.o)
 .debug_abbrev  0x00001956      0x1c1 C:\Users\Koizumi\workspace\stm32f405rg_stdperiph_lib\Debug\libstm32f405rg_stdperiph_lib.a(stm32f4xx_rcc.o)
 .debug_abbrev  0x00001b17      0x16e C:\Users\Koizumi\workspace\stm32f405rg_stdperiph_lib\Debug\libstm32f405rg_stdperiph_lib.a(stm32f4xx_spi.o)
 .debug_abbrev  0x00001c85      0x18e C:\Users\Koizumi\workspace\stm32f405rg_stdperiph_lib\Debug\libstm32f405rg_stdperiph_lib.a(stm32f4xx_tim.o)
 .debug_abbrev  0x00001e13      0x15c C:\Users\Koizumi\workspace\stm32f405rg_stdperiph_lib\Debug\libstm32f405rg_stdperiph_lib.a(stm32f4xx_usart.o)

.debug_aranges  0x00000000      0xf38
 .debug_aranges
                0x00000000       0x28 src/ad_convert.o
 .debug_aranges
                0x00000028      0x218 src/hardware.o
 .debug_aranges
                0x00000240       0x70 src/init .o
 .debug_aranges
                0x000002b0       0x30 src/main.o
 .debug_aranges
                0x000002e0       0x48 src/parameter.o
 .debug_aranges
                0x00000328      0x148 src/run.o
 .debug_aranges
                0x00000470       0x30 src/serial.o
 .debug_aranges
                0x000004a0       0x60 src/stm32f4xx_it.o
 .debug_aranges
                0x00000500       0xb0 src/syscalls.o
 .debug_aranges
                0x000005b0       0x30 src/system_stm32f4xx.o
 .debug_aranges
                0x000005e0       0xc8 src/user.o
 .debug_aranges
                0x000006a8       0x28 startup/startup_stm32f405xx.o
 .debug_aranges
                0x000006d0      0x148 C:\Users\Koizumi\workspace\stm32f405rg_stdperiph_lib\Debug\libstm32f405rg_stdperiph_lib.a(stm32f4xx_adc.o)
 .debug_aranges
                0x00000818       0x88 C:\Users\Koizumi\workspace\stm32f405rg_stdperiph_lib\Debug\libstm32f405rg_stdperiph_lib.a(stm32f4xx_gpio.o)
 .debug_aranges
                0x000008a0      0x1c0 C:\Users\Koizumi\workspace\stm32f405rg_stdperiph_lib\Debug\libstm32f405rg_stdperiph_lib.a(stm32f4xx_rcc.o)
 .debug_aranges
                0x00000a60       0xe0 C:\Users\Koizumi\workspace\stm32f405rg_stdperiph_lib\Debug\libstm32f405rg_stdperiph_lib.a(stm32f4xx_spi.o)
 .debug_aranges
                0x00000b40      0x2f8 C:\Users\Koizumi\workspace\stm32f405rg_stdperiph_lib\Debug\libstm32f405rg_stdperiph_lib.a(stm32f4xx_tim.o)
 .debug_aranges
                0x00000e38      0x100 C:\Users\Koizumi\workspace\stm32f405rg_stdperiph_lib\Debug\libstm32f405rg_stdperiph_lib.a(stm32f4xx_usart.o)

.debug_ranges   0x00000000      0xe20
 .debug_ranges  0x00000000       0x18 src/ad_convert.o
 .debug_ranges  0x00000018      0x208 src/hardware.o
 .debug_ranges  0x00000220       0x60 src/init .o
 .debug_ranges  0x00000280       0x20 src/main.o
 .debug_ranges  0x000002a0       0x38 src/parameter.o
 .debug_ranges  0x000002d8      0x138 src/run.o
 .debug_ranges  0x00000410       0x20 src/serial.o
 .debug_ranges  0x00000430       0x50 src/stm32f4xx_it.o
 .debug_ranges  0x00000480       0xa0 src/syscalls.o
 .debug_ranges  0x00000520       0x20 src/system_stm32f4xx.o
 .debug_ranges  0x00000540       0xb8 src/user.o
 .debug_ranges  0x000005f8       0x20 startup/startup_stm32f405xx.o
 .debug_ranges  0x00000618      0x138 C:\Users\Koizumi\workspace\stm32f405rg_stdperiph_lib\Debug\libstm32f405rg_stdperiph_lib.a(stm32f4xx_adc.o)
 .debug_ranges  0x00000750       0x78 C:\Users\Koizumi\workspace\stm32f405rg_stdperiph_lib\Debug\libstm32f405rg_stdperiph_lib.a(stm32f4xx_gpio.o)
 .debug_ranges  0x000007c8      0x1b0 C:\Users\Koizumi\workspace\stm32f405rg_stdperiph_lib\Debug\libstm32f405rg_stdperiph_lib.a(stm32f4xx_rcc.o)
 .debug_ranges  0x00000978       0xd0 C:\Users\Koizumi\workspace\stm32f405rg_stdperiph_lib\Debug\libstm32f405rg_stdperiph_lib.a(stm32f4xx_spi.o)
 .debug_ranges  0x00000a48      0x2e8 C:\Users\Koizumi\workspace\stm32f405rg_stdperiph_lib\Debug\libstm32f405rg_stdperiph_lib.a(stm32f4xx_tim.o)
 .debug_ranges  0x00000d30       0xf0 C:\Users\Koizumi\workspace\stm32f405rg_stdperiph_lib\Debug\libstm32f405rg_stdperiph_lib.a(stm32f4xx_usart.o)

.debug_macro    0x00000000    0x147cb
 .debug_macro   0x00000000      0x1b7 src/ad_convert.o
 .debug_macro   0x000001b7      0x976 src/ad_convert.o
 .debug_macro   0x00000b2d       0x6b src/ad_convert.o
 .debug_macro   0x00000b98       0x3b src/ad_convert.o
 .debug_macro   0x00000bd3       0x1c src/ad_convert.o
 .debug_macro   0x00000bef       0x22 src/ad_convert.o
 .debug_macro   0x00000c11       0x44 src/ad_convert.o
 .debug_macro   0x00000c55       0xfd src/ad_convert.o
 .debug_macro   0x00000d52       0x22 src/ad_convert.o
 .debug_macro   0x00000d74      0x1df src/ad_convert.o
 .debug_macro   0x00000f53       0x2d src/ad_convert.o
 .debug_macro   0x00000f80       0x26 src/ad_convert.o
 .debug_macro   0x00000fa6      0xd39 src/ad_convert.o
 .debug_macro   0x00001cdf     0x8ca5 src/ad_convert.o
 .debug_macro   0x0000a984      0x44f src/ad_convert.o
 .debug_macro   0x0000add3       0xb2 src/ad_convert.o
 .debug_macro   0x0000ae85      0x477 src/ad_convert.o
 .debug_macro   0x0000b2fc       0xb5 src/ad_convert.o
 .debug_macro   0x0000b3b1      0x41c src/ad_convert.o
 .debug_macro   0x0000b7cd      0x2f4 src/ad_convert.o
 .debug_macro   0x0000bac1      0x2ba src/ad_convert.o
 .debug_macro   0x0000bd7b       0x64 src/ad_convert.o
 .debug_macro   0x0000bddf       0xee src/ad_convert.o
 .debug_macro   0x0000becd      0x650 src/ad_convert.o
 .debug_macro   0x0000c51d      0x57b src/ad_convert.o
 .debug_macro   0x0000ca98      0x342 src/ad_convert.o
 .debug_macro   0x0000cdda      0x36c src/ad_convert.o
 .debug_macro   0x0000d146       0xf7 src/ad_convert.o
 .debug_macro   0x0000d23d      0x73b src/ad_convert.o
 .debug_macro   0x0000d978      0x223 src/ad_convert.o
 .debug_macro   0x0000db9b       0x34 src/ad_convert.o
 .debug_macro   0x0000dbcf       0x82 src/ad_convert.o
 .debug_macro   0x0000dc51      0x144 src/ad_convert.o
 .debug_macro   0x0000dd95       0xc3 src/ad_convert.o
 .debug_macro   0x0000de58       0x40 src/ad_convert.o
 .debug_macro   0x0000de98      0x3cf src/ad_convert.o
 .debug_macro   0x0000e267      0x188 src/ad_convert.o
 .debug_macro   0x0000e3ef      0x149 src/ad_convert.o
 .debug_macro   0x0000e538       0x35 src/ad_convert.o
 .debug_macro   0x0000e56d       0xa6 src/ad_convert.o
 .debug_macro   0x0000e613      0x327 src/hardware.o
 .debug_macro   0x0000e93a      0x1b3 src/init .o
 .debug_macro   0x0000eaed      0x8aa src/init .o
 .debug_macro   0x0000f397      0xd39 src/init .o
 .debug_macro   0x000100d0      0x341 src/main.o
 .debug_macro   0x00010411      0x33a src/parameter.o
 .debug_macro   0x0001074b       0xa0 src/parameter.o
 .debug_macro   0x000107eb       0x2e src/parameter.o
 .debug_macro   0x00010819      0x330 src/run.o
 .debug_macro   0x00010b49      0x2d4 src/serial.o
 .debug_macro   0x00010e1d       0x9c src/serial.o
 .debug_macro   0x00010eb9       0x97 src/serial.o
 .debug_macro   0x00010f50      0x329 src/serial.o
 .debug_macro   0x00011279       0xfd src/serial.o
 .debug_macro   0x00011376       0x43 src/serial.o
 .debug_macro   0x000113b9      0x197 src/serial.o
 .debug_macro   0x00011550      0x1a9 src/stm32f4xx_it.o
 .debug_macro   0x000116f9      0x1f3 src/syscalls.o
 .debug_macro   0x000118ec      0x174 src/syscalls.o
 .debug_macro   0x00011a60       0x4a src/syscalls.o
 .debug_macro   0x00011aaa       0x10 src/syscalls.o
 .debug_macro   0x00011aba       0x35 src/syscalls.o
 .debug_macro   0x00011aef       0x10 src/syscalls.o
 .debug_macro   0x00011aff       0x10 src/syscalls.o
 .debug_macro   0x00011b0f       0x35 src/syscalls.o
 .debug_macro   0x00011b44      0x122 src/syscalls.o
 .debug_macro   0x00011c66       0x16 src/syscalls.o
 .debug_macro   0x00011c7c       0x16 src/syscalls.o
 .debug_macro   0x00011c92       0x29 src/syscalls.o
 .debug_macro   0x00011cbb       0x10 src/syscalls.o
 .debug_macro   0x00011ccb      0x241 src/syscalls.o
 .debug_macro   0x00011f0c       0x1c src/syscalls.o
 .debug_macro   0x00011f28      0x159 src/syscalls.o
 .debug_macro   0x00012081       0x16 src/syscalls.o
 .debug_macro   0x00012097       0x88 src/syscalls.o
 .debug_macro   0x0001211f      0x1c2 src/system_stm32f4xx.o
 .debug_macro   0x000122e1      0x32b src/user.o
 .debug_macro   0x0001260c      0x231 C:\Users\Koizumi\workspace\stm32f405rg_stdperiph_lib\Debug\libstm32f405rg_stdperiph_lib.a(stm32f4xx_adc.o)
 .debug_macro   0x0001283d      0x1ad C:\Users\Koizumi\workspace\stm32f405rg_stdperiph_lib\Debug\libstm32f405rg_stdperiph_lib.a(stm32f4xx_gpio.o)
 .debug_macro   0x000129ea      0x2ee C:\Users\Koizumi\workspace\stm32f405rg_stdperiph_lib\Debug\libstm32f405rg_stdperiph_lib.a(stm32f4xx_gpio.o)
 .debug_macro   0x00012cd8      0x27c C:\Users\Koizumi\workspace\stm32f405rg_stdperiph_lib\Debug\libstm32f405rg_stdperiph_lib.a(stm32f4xx_rcc.o)
 .debug_macro   0x00012f54      0x64a C:\Users\Koizumi\workspace\stm32f405rg_stdperiph_lib\Debug\libstm32f405rg_stdperiph_lib.a(stm32f4xx_rcc.o)
 .debug_macro   0x0001359e      0x1d9 C:\Users\Koizumi\workspace\stm32f405rg_stdperiph_lib\Debug\libstm32f405rg_stdperiph_lib.a(stm32f4xx_spi.o)
 .debug_macro   0x00013777      0x366 C:\Users\Koizumi\workspace\stm32f405rg_stdperiph_lib\Debug\libstm32f405rg_stdperiph_lib.a(stm32f4xx_spi.o)
 .debug_macro   0x00013add      0x1d7 C:\Users\Koizumi\workspace\stm32f405rg_stdperiph_lib\Debug\libstm32f405rg_stdperiph_lib.a(stm32f4xx_tim.o)
 .debug_macro   0x00013cb4      0x735 C:\Users\Koizumi\workspace\stm32f405rg_stdperiph_lib\Debug\libstm32f405rg_stdperiph_lib.a(stm32f4xx_tim.o)
 .debug_macro   0x000143e9      0x1c5 C:\Users\Koizumi\workspace\stm32f405rg_stdperiph_lib\Debug\libstm32f405rg_stdperiph_lib.a(stm32f4xx_usart.o)
 .debug_macro   0x000145ae      0x21d C:\Users\Koizumi\workspace\stm32f405rg_stdperiph_lib\Debug\libstm32f405rg_stdperiph_lib.a(stm32f4xx_usart.o)

.debug_line     0x00000000     0x9698
 .debug_line    0x00000000      0x63a src/ad_convert.o
 .debug_line    0x0000063a      0xe75 src/hardware.o
 .debug_line    0x000014af      0x7c4 src/init .o
 .debug_line    0x00001c73      0x7e2 src/main.o
 .debug_line    0x00002455      0x7e2 src/parameter.o
 .debug_line    0x00002c37      0xbc4 src/run.o
 .debug_line    0x000037fb      0x746 src/serial.o
 .debug_line    0x00003f41      0x6ae src/stm32f4xx_it.o
 .debug_line    0x000045ef      0x577 src/syscalls.o
 .debug_line    0x00004b66      0x637 src/system_stm32f4xx.o
 .debug_line    0x0000519d      0x971 src/user.o
 .debug_line    0x00005b0e       0x7f startup/startup_stm32f405xx.o
 .debug_line    0x00005b8d      0x95b C:\Users\Koizumi\workspace\stm32f405rg_stdperiph_lib\Debug\libstm32f405rg_stdperiph_lib.a(stm32f4xx_adc.o)
 .debug_line    0x000064e8      0x76d C:\Users\Koizumi\workspace\stm32f405rg_stdperiph_lib\Debug\libstm32f405rg_stdperiph_lib.a(stm32f4xx_gpio.o)
 .debug_line    0x00006c55      0xa61 C:\Users\Koizumi\workspace\stm32f405rg_stdperiph_lib\Debug\libstm32f405rg_stdperiph_lib.a(stm32f4xx_rcc.o)
 .debug_line    0x000076b6      0x870 C:\Users\Koizumi\workspace\stm32f405rg_stdperiph_lib\Debug\libstm32f405rg_stdperiph_lib.a(stm32f4xx_spi.o)
 .debug_line    0x00007f26      0xebf C:\Users\Koizumi\workspace\stm32f405rg_stdperiph_lib\Debug\libstm32f405rg_stdperiph_lib.a(stm32f4xx_tim.o)
 .debug_line    0x00008de5      0x8b3 C:\Users\Koizumi\workspace\stm32f405rg_stdperiph_lib\Debug\libstm32f405rg_stdperiph_lib.a(stm32f4xx_usart.o)

.debug_str      0x00000000    0x6710b
 .debug_str     0x00000000    0x5c74a src/ad_convert.o
                              0x5c92e (size before relaxing)
 .debug_str     0x0005c74a     0x4f0e src/hardware.o
                              0x619e0 (size before relaxing)
 .debug_str     0x00061658      0xd92 src/init .o
                              0x5d0b8 (size before relaxing)
 .debug_str     0x000623ea       0x3d src/main.o
                              0x603ed (size before relaxing)
 .debug_str     0x00062427      0x304 src/parameter.o
                              0x60686 (size before relaxing)
 .debug_str     0x0006272b      0x8e6 src/run.o
                              0x60d42 (size before relaxing)
 .debug_str     0x00063011      0x276 src/serial.o
                              0x5fda5 (size before relaxing)
 .debug_str     0x00063287       0xb8 src/stm32f4xx_it.o
                              0x5c280 (size before relaxing)
 .debug_str     0x0006333f     0x1159 src/syscalls.o
                               0x731d (size before relaxing)
 .debug_str     0x00064498       0xd9 src/system_stm32f4xx.o
                              0x5c43f (size before relaxing)
 .debug_str     0x00064571      0x3d5 src/user.o
                              0x607c7 (size before relaxing)
 .debug_str     0x00064946      0x810 C:\Users\Koizumi\workspace\stm32f405rg_stdperiph_lib\Debug\libstm32f405rg_stdperiph_lib.a(stm32f4xx_adc.o)
                              0x5cb5e (size before relaxing)
 .debug_str     0x00065156      0x17c C:\Users\Koizumi\workspace\stm32f405rg_stdperiph_lib\Debug\libstm32f405rg_stdperiph_lib.a(stm32f4xx_gpio.o)
                              0x5c517 (size before relaxing)
 .debug_str     0x000652d2      0xbe9 C:\Users\Koizumi\workspace\stm32f405rg_stdperiph_lib\Debug\libstm32f405rg_stdperiph_lib.a(stm32f4xx_rcc.o)
                              0x5d024 (size before relaxing)
 .debug_str     0x00065ebb      0x2ff C:\Users\Koizumi\workspace\stm32f405rg_stdperiph_lib\Debug\libstm32f405rg_stdperiph_lib.a(stm32f4xx_spi.o)
                              0x5c800 (size before relaxing)
 .debug_str     0x000661ba      0xaa4 C:\Users\Koizumi\workspace\stm32f405rg_stdperiph_lib\Debug\libstm32f405rg_stdperiph_lib.a(stm32f4xx_tim.o)
                              0x5cf0e (size before relaxing)
 .debug_str     0x00066c5e      0x4ad C:\Users\Koizumi\workspace\stm32f405rg_stdperiph_lib\Debug\libstm32f405rg_stdperiph_lib.a(stm32f4xx_usart.o)
                              0x5c82a (size before relaxing)

.comment        0x00000000       0x6e
 .comment       0x00000000       0x6e src/ad_convert.o
                                 0x6f (size before relaxing)
 .comment       0x0000006e       0x6f src/hardware.o
 .comment       0x0000006e       0x6f src/init .o
 .comment       0x0000006e       0x6f src/main.o